../Drivers/STM32L4xx_HAL_Driver/Inc/stm32l4xx_ll_utils.h:280:22:LL_InitTick	16	static
../Drivers/STM32L4xx_HAL_Driver/Inc/stm32l4xx_ll_rcc.h:2034:22:LL_RCC_HSE_EnableBypass	4	static
../Drivers/STM32L4xx_HAL_Driver/Inc/stm32l4xx_ll_rcc.h:2044:22:LL_RCC_HSE_DisableBypass	4	static
../Drivers/STM32L4xx_HAL_Driver/Inc/stm32l4xx_ll_rcc.h:2054:22:LL_RCC_HSE_Enable	4	static
../Drivers/STM32L4xx_HAL_Driver/Inc/stm32l4xx_ll_rcc.h:2074:26:LL_RCC_HSE_IsReady	4	static
../Drivers/STM32L4xx_HAL_Driver/Inc/stm32l4xx_ll_rcc.h:2123:22:LL_RCC_HSI_Enable	4	static
../Drivers/STM32L4xx_HAL_Driver/Inc/stm32l4xx_ll_rcc.h:2143:26:LL_RCC_HSI_IsReady	4	static
../Drivers/STM32L4xx_HAL_Driver/Inc/stm32l4xx_ll_rcc.h:2487:22:LL_RCC_MSI_Enable	4	static
../Drivers/STM32L4xx_HAL_Driver/Inc/stm32l4xx_ll_rcc.h:2507:26:LL_RCC_MSI_IsReady	4	static
../Drivers/STM32L4xx_HAL_Driver/Inc/stm32l4xx_ll_rcc.h:2556:26:LL_RCC_MSI_IsEnabledRangeSelect	4	static
../Drivers/STM32L4xx_HAL_Driver/Inc/stm32l4xx_ll_rcc.h:2601:26:LL_RCC_MSI_GetRange	4	static
../Drivers/STM32L4xx_HAL_Driver/Inc/stm32l4xx_ll_rcc.h:2630:26:LL_RCC_MSI_GetRangeAfterStandby	4	static
../Drivers/STM32L4xx_HAL_Driver/Inc/stm32l4xx_ll_rcc.h:2740:22:LL_RCC_SetSysClkSource	16	static
../Drivers/STM32L4xx_HAL_Driver/Inc/stm32l4xx_ll_rcc.h:2755:26:LL_RCC_GetSysClkSource	4	static
../Drivers/STM32L4xx_HAL_Driver/Inc/stm32l4xx_ll_rcc.h:2775:22:LL_RCC_SetAHBPrescaler	16	static
../Drivers/STM32L4xx_HAL_Driver/Inc/stm32l4xx_ll_rcc.h:2791:22:LL_RCC_SetAPB1Prescaler	16	static
../Drivers/STM32L4xx_HAL_Driver/Inc/stm32l4xx_ll_rcc.h:2807:22:LL_RCC_SetAPB2Prescaler	16	static
../Drivers/STM32L4xx_HAL_Driver/Inc/stm32l4xx_ll_rcc.h:3732:22:LL_RCC_PLL_Enable	4	static
../Drivers/STM32L4xx_HAL_Driver/Inc/stm32l4xx_ll_rcc.h:3753:26:LL_RCC_PLL_IsReady	4	static
../Drivers/STM32L4xx_HAL_Driver/Inc/stm32l4xx_ll_rcc.h:3799:22:LL_RCC_PLL_ConfigDomain_SYS	24	static
../Drivers/STM32L4xx_HAL_Driver/Inc/stm32l4xx_ll_rcc.h:4198:22:LL_RCC_PLL_EnableDomain_SYS	4	static
../Drivers/STM32L4xx_HAL_Driver/Inc/stm32l4xx_ll_rcc.h:4261:26:LL_RCC_PLLSAI1_IsReady	4	static
../Drivers/STM32L4xx_HAL_Driver/Inc/stm32l4xx_ll_system.h:1401:22:LL_FLASH_SetLatency	16	static
../Drivers/STM32L4xx_HAL_Driver/Inc/stm32l4xx_ll_system.h:1429:26:LL_FLASH_GetLatency	4	static
../Drivers/STM32L4xx_HAL_Driver/Inc/stm32l4xx_ll_pwr.h:355:26:LL_PWR_GetRegulVoltageScaling	4	static
../Drivers/STM32L4xx_HAL_Driver/Src/stm32l4xx_ll_utils.c:170:6:LL_Init1msTick	16	static
../Drivers/STM32L4xx_HAL_Driver/Src/stm32l4xx_ll_utils.c:186:6:LL_mDelay	24	static
../Drivers/STM32L4xx_HAL_Driver/Src/stm32l4xx_ll_utils.c:278:6:LL_SetSystemCoreClock	16	static
../Drivers/STM32L4xx_HAL_Driver/Src/stm32l4xx_ll_utils.c:292:13:LL_SetFlashLatency	24	static
../Drivers/STM32L4xx_HAL_Driver/Src/stm32l4xx_ll_utils.c:444:13:LL_PLL_ConfigSystemClock_MSI	32	static
../Drivers/STM32L4xx_HAL_Driver/Src/stm32l4xx_ll_utils.c:579:13:LL_PLL_ConfigSystemClock_HSI	24	static
../Drivers/STM32L4xx_HAL_Driver/Src/stm32l4xx_ll_utils.c:669:13:LL_PLL_ConfigSystemClock_HSE	32	static
../Drivers/STM32L4xx_HAL_Driver/Src/stm32l4xx_ll_utils.c:772:17:UTILS_GetPLLOutputFrequency	24	static
../Drivers/STM32L4xx_HAL_Driver/Src/stm32l4xx_ll_utils.c:803:20:UTILS_PLL_IsBusy	16	static
../Drivers/STM32L4xx_HAL_Driver/Src/stm32l4xx_ll_utils.c:844:20:UTILS_EnablePLLAndSwitchSystem	24	static
