../Drivers/STM32L4xx_HAL_Driver/Inc/stm32l4xx_ll_i2c.h:429:22:LL_I2C_Enable	16	static
../Drivers/STM32L4xx_HAL_Driver/Inc/stm32l4xx_ll_i2c.h:443:22:LL_I2C_Disable	16	static
../Drivers/STM32L4xx_HAL_Driver/Inc/stm32l4xx_ll_i2c.h:475:22:LL_I2C_ConfigFilters	24	static
../Drivers/STM32L4xx_HAL_Driver/Inc/stm32l4xx_ll_i2c.h:819:22:LL_I2C_SetOwnAddress1	24	static
../Drivers/STM32L4xx_HAL_Driver/Inc/stm32l4xx_ll_i2c.h:830:22:LL_I2C_EnableOwnAddress1	16	static
../Drivers/STM32L4xx_HAL_Driver/Inc/stm32l4xx_ll_i2c.h:841:22:LL_I2C_DisableOwnAddress1	16	static
../Drivers/STM32L4xx_HAL_Driver/Inc/stm32l4xx_ll_i2c.h:922:22:LL_I2C_SetTiming	16	static
../Drivers/STM32L4xx_HAL_Driver/Inc/stm32l4xx_ll_i2c.h:996:22:LL_I2C_SetMode	16	static
../Drivers/STM32L4xx_HAL_Driver/Inc/stm32l4xx_ll_i2c.h:1977:22:LL_I2C_AcknowledgeNextData	16	static
../Drivers/STM32L4xx_HAL_Driver/Inc/stm32l4xx_ll_bus.h:1344:22:LL_APB1_GRP1_ForceReset	16	static
../Drivers/STM32L4xx_HAL_Driver/Inc/stm32l4xx_ll_bus.h:1426:22:LL_APB1_GRP1_ReleaseReset	16	static
../Drivers/STM32L4xx_HAL_Driver/Src/stm32l4xx_ll_i2c.c:86:13:LL_I2C_DeInit	24	static
../Drivers/STM32L4xx_HAL_Driver/Src/stm32l4xx_ll_i2c.c:146:13:LL_I2C_Init	16	static
../Drivers/STM32L4xx_HAL_Driver/Src/stm32l4xx_ll_i2c.c:214:6:LL_I2C_StructInit	16	static
