C:/Users/mfxjx/STM32Cube/Repository/STM32Cube_FW_L4_V1.18.0/Drivers/STM32L4xx_HAL_Driver/Src/stm32l4xx_ll_usart.c:145:13:LL_USART_DeInit	0	static
C:/Users/mfxjx/STM32Cube/Repository/STM32Cube_FW_L4_V1.18.0/Drivers/STM32L4xx_HAL_Driver/Src/stm32l4xx_ll_usart.c:220:13:LL_USART_Init	16	static
C:/Users/mfxjx/STM32Cube/Repository/STM32Cube_FW_L4_V1.18.0/Drivers/STM32L4xx_HAL_Driver/Src/stm32l4xx_ll_usart.c:346:6:LL_USART_StructInit	0	static
C:/Users/mfxjx/STM32Cube/Repository/STM32Cube_FW_L4_V1.18.0/Drivers/STM32L4xx_HAL_Driver/Src/stm32l4xx_ll_usart.c:375:13:LL_USART_ClockInit	8	static
C:/Users/mfxjx/STM32Cube/Repository/STM32Cube_FW_L4_V1.18.0/Drivers/STM32L4xx_HAL_Driver/Src/stm32l4xx_ll_usart.c:455:6:LL_USART_ClockStructInit	0	static
