C:/Users/mfxjx/STM32Cube/Repository/STM32Cube_FW_L4_V1.18.0/Drivers/STM32L4xx_HAL_Driver/Inc/stm32l4xx_ll_rcc.h:2143:26:LL_RCC_HSI_IsReady	0	static
C:/Users/mfxjx/STM32Cube/Repository/STM32Cube_FW_L4_V1.18.0/Drivers/STM32L4xx_HAL_Driver/Inc/stm32l4xx_ll_rcc.h:2360:26:LL_RCC_LSE_IsReady	0	static
C:/Users/mfxjx/STM32Cube/Repository/STM32Cube_FW_L4_V1.18.0/Drivers/STM32L4xx_HAL_Driver/Inc/stm32l4xx_ll_rcc.h:2556:26:LL_RCC_MSI_IsEnabledRangeSelect	0	static
C:/Users/mfxjx/STM32Cube/Repository/STM32Cube_FW_L4_V1.18.0/Drivers/STM32L4xx_HAL_Driver/Inc/stm32l4xx_ll_rcc.h:4261:26:LL_RCC_PLLSAI1_IsReady	0	static
C:/Users/mfxjx/STM32Cube/Repository/STM32Cube_FW_L4_V1.18.0/Drivers/STM32L4xx_HAL_Driver/Src/stm32l4xx_ll_rcc.c:1558:17:RCC_GetHCLKClockFreq	0	static
C:/Users/mfxjx/STM32Cube/Repository/STM32Cube_FW_L4_V1.18.0/Drivers/STM32L4xx_HAL_Driver/Src/stm32l4xx_ll_rcc.c:1569:17:RCC_GetPCLK1ClockFreq	0	static
C:/Users/mfxjx/STM32Cube/Repository/STM32Cube_FW_L4_V1.18.0/Drivers/STM32L4xx_HAL_Driver/Src/stm32l4xx_ll_rcc.c:1516:17:RCC_GetSystemClockFreq	8	static
C:/Users/mfxjx/STM32Cube/Repository/STM32Cube_FW_L4_V1.18.0/Drivers/STM32L4xx_HAL_Driver/Src/stm32l4xx_ll_rcc.c:1758:17:RCC_PLLSAI1_GetFreqDomain_SAI	8	static
C:/Users/mfxjx/STM32Cube/Repository/STM32Cube_FW_L4_V1.18.0/Drivers/STM32L4xx_HAL_Driver/Src/stm32l4xx_ll_rcc.c:1892:17:RCC_PLLSAI2_GetFreqDomain_SAI	8	static
C:/Users/mfxjx/STM32Cube/Repository/STM32Cube_FW_L4_V1.18.0/Drivers/STM32L4xx_HAL_Driver/Src/stm32l4xx_ll_rcc.c:1632:17:RCC_PLL_GetFreqDomain_SAI	8	static
C:/Users/mfxjx/STM32Cube/Repository/STM32Cube_FW_L4_V1.18.0/Drivers/STM32L4xx_HAL_Driver/Src/stm32l4xx_ll_rcc.c:192:13:LL_RCC_DeInit	8	static
C:/Users/mfxjx/STM32Cube/Repository/STM32Cube_FW_L4_V1.18.0/Drivers/STM32L4xx_HAL_Driver/Src/stm32l4xx_ll_rcc.c:333:6:LL_RCC_GetSystemClocksFreq	8	static
C:/Users/mfxjx/STM32Cube/Repository/STM32Cube_FW_L4_V1.18.0/Drivers/STM32L4xx_HAL_Driver/Src/stm32l4xx_ll_rcc.c:359:10:LL_RCC_GetUSARTClockFreq	8	static
C:/Users/mfxjx/STM32Cube/Repository/STM32Cube_FW_L4_V1.18.0/Drivers/STM32L4xx_HAL_Driver/Src/stm32l4xx_ll_rcc.c:476:10:LL_RCC_GetUARTClockFreq	8	static
C:/Users/mfxjx/STM32Cube/Repository/STM32Cube_FW_L4_V1.18.0/Drivers/STM32L4xx_HAL_Driver/Src/stm32l4xx_ll_rcc.c:567:10:LL_RCC_GetI2CClockFreq	8	static
C:/Users/mfxjx/STM32Cube/Repository/STM32Cube_FW_L4_V1.18.0/Drivers/STM32L4xx_HAL_Driver/Src/stm32l4xx_ll_rcc.c:692:10:LL_RCC_GetLPUARTClockFreq	8	static
C:/Users/mfxjx/STM32Cube/Repository/STM32Cube_FW_L4_V1.18.0/Drivers/STM32L4xx_HAL_Driver/Src/stm32l4xx_ll_rcc.c:739:10:LL_RCC_GetLPTIMClockFreq	8	static
C:/Users/mfxjx/STM32Cube/Repository/STM32Cube_FW_L4_V1.18.0/Drivers/STM32L4xx_HAL_Driver/Src/stm32l4xx_ll_rcc.c:851:10:LL_RCC_GetSAIClockFreq	8	static
C:/Users/mfxjx/STM32Cube/Repository/STM32Cube_FW_L4_V1.18.0/Drivers/STM32L4xx_HAL_Driver/Src/stm32l4xx_ll_rcc.c:1009:10:LL_RCC_GetSDMMCClockFreq	8	static
C:/Users/mfxjx/STM32Cube/Repository/STM32Cube_FW_L4_V1.18.0/Drivers/STM32L4xx_HAL_Driver/Src/stm32l4xx_ll_rcc.c:1080:10:LL_RCC_GetRNGClockFreq	0	static
C:/Users/mfxjx/STM32Cube/Repository/STM32Cube_FW_L4_V1.18.0/Drivers/STM32L4xx_HAL_Driver/Src/stm32l4xx_ll_rcc.c:1152:10:LL_RCC_GetUSBClockFreq	0	static
C:/Users/mfxjx/STM32Cube/Repository/STM32Cube_FW_L4_V1.18.0/Drivers/STM32L4xx_HAL_Driver/Src/stm32l4xx_ll_rcc.c:1221:10:LL_RCC_GetADCClockFreq	8	static
C:/Users/mfxjx/STM32Cube/Repository/STM32Cube_FW_L4_V1.18.0/Drivers/STM32L4xx_HAL_Driver/Src/stm32l4xx_ll_rcc.c:1276:10:LL_RCC_GetSWPMIClockFreq	8	static
C:/Users/mfxjx/STM32Cube/Repository/STM32Cube_FW_L4_V1.18.0/Drivers/STM32L4xx_HAL_Driver/Src/stm32l4xx_ll_rcc.c:1312:10:LL_RCC_GetDFSDMClockFreq	8	static
