../Drivers/STM32L4xx_HAL_Driver/Inc/stm32l4xx_ll_i2c.h:549:22:LL_I2C_EnableDMAReq_TX	16	static
../Drivers/STM32L4xx_HAL_Driver/Inc/stm32l4xx_ll_i2c.h:582:22:LL_I2C_EnableDMAReq_RX	16	static
../Drivers/STM32L4xx_HAL_Driver/Inc/stm32l4xx_ll_i2c.h:619:26:LL_I2C_DMA_GetRegAddr	24	static
../Drivers/STM32L4xx_HAL_Driver/Inc/stm32l4xx_ll_i2c.h:1552:26:LL_I2C_IsActiveFlag_TXE	16	static
../Drivers/STM32L4xx_HAL_Driver/Inc/stm32l4xx_ll_i2c.h:1578:26:LL_I2C_IsActiveFlag_RXNE	16	static
../Drivers/STM32L4xx_HAL_Driver/Inc/stm32l4xx_ll_i2c.h:1617:26:LL_I2C_IsActiveFlag_STOP	16	static
../Drivers/STM32L4xx_HAL_Driver/Inc/stm32l4xx_ll_i2c.h:1630:26:LL_I2C_IsActiveFlag_TC	16	static
../Drivers/STM32L4xx_HAL_Driver/Inc/stm32l4xx_ll_i2c.h:1741:26:LL_I2C_IsActiveFlag_BUSY	16	static
../Drivers/STM32L4xx_HAL_Driver/Inc/stm32l4xx_ll_i2c.h:1774:22:LL_I2C_ClearFlag_STOP	16	static
../Drivers/STM32L4xx_HAL_Driver/Inc/stm32l4xx_ll_i2c.h:1786:22:LL_I2C_ClearFlag_TXE	16	static
../Drivers/STM32L4xx_HAL_Driver/Inc/stm32l4xx_ll_i2c.h:2133:22:LL_I2C_HandleTransfer	24	static
../Drivers/STM32L4xx_HAL_Driver/Inc/stm32l4xx_ll_i2c.h:2218:25:LL_I2C_ReceiveData8	16	static
../Drivers/STM32L4xx_HAL_Driver/Inc/stm32l4xx_ll_i2c.h:2230:22:LL_I2C_TransmitData8	16	static
../Drivers/STM32L4xx_HAL_Driver/Inc/stm32l4xx_ll_dma.h:552:22:LL_DMA_EnableChannel	24	static
../Drivers/STM32L4xx_HAL_Driver/Inc/stm32l4xx_ll_dma.h:572:22:LL_DMA_DisableChannel	24	static
../Drivers/STM32L4xx_HAL_Driver/Inc/stm32l4xx_ll_dma.h:996:22:LL_DMA_SetDataLength	32	static
../Drivers/STM32L4xx_HAL_Driver/Inc/stm32l4xx_ll_dma.h:1049:22:LL_DMA_ConfigAddresses	32	static
../Drivers/STM32L4xx_HAL_Driver/Inc/stm32l4xx_ll_dma.h:1699:26:LL_DMA_IsActiveFlag_TC6	16	static
../Drivers/STM32L4xx_HAL_Driver/Inc/stm32l4xx_ll_dma.h:1710:26:LL_DMA_IsActiveFlag_TC7	16	static
../Drivers/STM32L4xx_HAL_Driver/Inc/stm32l4xx_ll_dma.h:2226:22:LL_DMA_EnableIT_TC	24	static
../Drivers/Athena_deck_HAL/src/i2c_drv.c:59:9:i2cdevReadReg8	32	static
../Drivers/Athena_deck_HAL/src/i2c_drv.c:123:13:i2cdevWriteReg8	32	static
../Drivers/Athena_deck_HAL/src/i2c_drv.c:173:6:i2cdevReadReg_Mul	40	static
../Drivers/Athena_deck_HAL/src/i2c_drv.c:234:13:i2cdevWriteReg_Mul	32	static
../Drivers/Athena_deck_HAL/src/i2c_drv.c:294:10:i2cdevReadRegSeq_DMA	40	static
../Drivers/Athena_deck_HAL/src/i2c_drv.c:357:6:i2cdevReadReg16	32	static
../Drivers/Athena_deck_HAL/src/i2c_drv.c:399:6:i2cdevWriteReg16	40	static
../Drivers/Athena_deck_HAL/src/i2c_drv.c:458:6:i2cdevReadReg16_DMA_IT	32	static
