Archive member included to satisfy reference by file (symbol)

E:/ST/STM32CubeIDE_1.14.1/STM32CubeIDE/plugins/com.st.stm32cube.ide.mcu.externaltools.gnu-tools-for-stm32.12.3.rel1.win32_1.0.100.202403111256/tools/bin/../lib/gcc/arm-none-eabi/12.3.1/../../../../arm-none-eabi/lib/thumb/v7e-m+fp/hard\libc_nano.a(libc_a-exit.o)
                              E:/ST/STM32CubeIDE_1.14.1/STM32CubeIDE/plugins/com.st.stm32cube.ide.mcu.externaltools.gnu-tools-for-stm32.12.3.rel1.win32_1.0.100.202403111256/tools/bin/../lib/gcc/arm-none-eabi/12.3.1/../../../../arm-none-eabi/lib/thumb/v7e-m+fp/hard/crt0.o (exit)
E:/ST/STM32CubeIDE_1.14.1/STM32CubeIDE/plugins/com.st.stm32cube.ide.mcu.externaltools.gnu-tools-for-stm32.12.3.rel1.win32_1.0.100.202403111256/tools/bin/../lib/gcc/arm-none-eabi/12.3.1/../../../../arm-none-eabi/lib/thumb/v7e-m+fp/hard\libc_nano.a(libc_a-findfp.o)
                              E:/ST/STM32CubeIDE_1.14.1/STM32CubeIDE/plugins/com.st.stm32cube.ide.mcu.externaltools.gnu-tools-for-stm32.12.3.rel1.win32_1.0.100.202403111256/tools/bin/../lib/gcc/arm-none-eabi/12.3.1/../../../../arm-none-eabi/lib/thumb/v7e-m+fp/hard\libc_nano.a(libc_a-exit.o) (__stdio_exit_handler)
E:/ST/STM32CubeIDE_1.14.1/STM32CubeIDE/plugins/com.st.stm32cube.ide.mcu.externaltools.gnu-tools-for-stm32.12.3.rel1.win32_1.0.100.202403111256/tools/bin/../lib/gcc/arm-none-eabi/12.3.1/../../../../arm-none-eabi/lib/thumb/v7e-m+fp/hard\libc_nano.a(libc_a-fwalk.o)
                              E:/ST/STM32CubeIDE_1.14.1/STM32CubeIDE/plugins/com.st.stm32cube.ide.mcu.externaltools.gnu-tools-for-stm32.12.3.rel1.win32_1.0.100.202403111256/tools/bin/../lib/gcc/arm-none-eabi/12.3.1/../../../../arm-none-eabi/lib/thumb/v7e-m+fp/hard\libc_nano.a(libc_a-findfp.o) (_fwalk_sglue)
E:/ST/STM32CubeIDE_1.14.1/STM32CubeIDE/plugins/com.st.stm32cube.ide.mcu.externaltools.gnu-tools-for-stm32.12.3.rel1.win32_1.0.100.202403111256/tools/bin/../lib/gcc/arm-none-eabi/12.3.1/../../../../arm-none-eabi/lib/thumb/v7e-m+fp/hard\libc_nano.a(libc_a-stdio.o)
                              E:/ST/STM32CubeIDE_1.14.1/STM32CubeIDE/plugins/com.st.stm32cube.ide.mcu.externaltools.gnu-tools-for-stm32.12.3.rel1.win32_1.0.100.202403111256/tools/bin/../lib/gcc/arm-none-eabi/12.3.1/../../../../arm-none-eabi/lib/thumb/v7e-m+fp/hard\libc_nano.a(libc_a-findfp.o) (__sread)
E:/ST/STM32CubeIDE_1.14.1/STM32CubeIDE/plugins/com.st.stm32cube.ide.mcu.externaltools.gnu-tools-for-stm32.12.3.rel1.win32_1.0.100.202403111256/tools/bin/../lib/gcc/arm-none-eabi/12.3.1/../../../../arm-none-eabi/lib/thumb/v7e-m+fp/hard\libc_nano.a(libc_a-memset.o)
                              E:/ST/STM32CubeIDE_1.14.1/STM32CubeIDE/plugins/com.st.stm32cube.ide.mcu.externaltools.gnu-tools-for-stm32.12.3.rel1.win32_1.0.100.202403111256/tools/bin/../lib/gcc/arm-none-eabi/12.3.1/../../../../arm-none-eabi/lib/thumb/v7e-m+fp/hard/crt0.o (memset)
E:/ST/STM32CubeIDE_1.14.1/STM32CubeIDE/plugins/com.st.stm32cube.ide.mcu.externaltools.gnu-tools-for-stm32.12.3.rel1.win32_1.0.100.202403111256/tools/bin/../lib/gcc/arm-none-eabi/12.3.1/../../../../arm-none-eabi/lib/thumb/v7e-m+fp/hard\libc_nano.a(libc_a-closer.o)
                              E:/ST/STM32CubeIDE_1.14.1/STM32CubeIDE/plugins/com.st.stm32cube.ide.mcu.externaltools.gnu-tools-for-stm32.12.3.rel1.win32_1.0.100.202403111256/tools/bin/../lib/gcc/arm-none-eabi/12.3.1/../../../../arm-none-eabi/lib/thumb/v7e-m+fp/hard\libc_nano.a(libc_a-stdio.o) (_close_r)
E:/ST/STM32CubeIDE_1.14.1/STM32CubeIDE/plugins/com.st.stm32cube.ide.mcu.externaltools.gnu-tools-for-stm32.12.3.rel1.win32_1.0.100.202403111256/tools/bin/../lib/gcc/arm-none-eabi/12.3.1/../../../../arm-none-eabi/lib/thumb/v7e-m+fp/hard\libc_nano.a(libc_a-reent.o)
                              E:/ST/STM32CubeIDE_1.14.1/STM32CubeIDE/plugins/com.st.stm32cube.ide.mcu.externaltools.gnu-tools-for-stm32.12.3.rel1.win32_1.0.100.202403111256/tools/bin/../lib/gcc/arm-none-eabi/12.3.1/../../../../arm-none-eabi/lib/thumb/v7e-m+fp/hard\libc_nano.a(libc_a-closer.o) (errno)
E:/ST/STM32CubeIDE_1.14.1/STM32CubeIDE/plugins/com.st.stm32cube.ide.mcu.externaltools.gnu-tools-for-stm32.12.3.rel1.win32_1.0.100.202403111256/tools/bin/../lib/gcc/arm-none-eabi/12.3.1/../../../../arm-none-eabi/lib/thumb/v7e-m+fp/hard\libc_nano.a(libc_a-impure.o)
                              E:/ST/STM32CubeIDE_1.14.1/STM32CubeIDE/plugins/com.st.stm32cube.ide.mcu.externaltools.gnu-tools-for-stm32.12.3.rel1.win32_1.0.100.202403111256/tools/bin/../lib/gcc/arm-none-eabi/12.3.1/../../../../arm-none-eabi/lib/thumb/v7e-m+fp/hard\libc_nano.a(libc_a-reent.o) (_impure_ptr)
E:/ST/STM32CubeIDE_1.14.1/STM32CubeIDE/plugins/com.st.stm32cube.ide.mcu.externaltools.gnu-tools-for-stm32.12.3.rel1.win32_1.0.100.202403111256/tools/bin/../lib/gcc/arm-none-eabi/12.3.1/../../../../arm-none-eabi/lib/thumb/v7e-m+fp/hard\libc_nano.a(libc_a-lseekr.o)
[...]
Memory Configuration

Name             Origin             Length             Attributes
RAM              0x20000000         0x00010000         xrw
RAM2             0x10000000         0x00004000         xrw
FLASH            0x08000000         0x00040000         xr
*default*        0x00000000         0xffffffff

Linker script and memory map

LOAD E:/ST/STM32CubeIDE_1.14.1/STM32CubeIDE/plugins/com.st.stm32cube.ide.mcu.externaltools.gnu-tools-for-stm32.12.3.rel1.win32_1.0.100.202403111256/tools/bin/../lib/gcc/arm-none-eabi/12.3.1/thumb/v7e-m+fp/hard/crti.o
LOAD E:/ST/STM32CubeIDE_1.14.1/STM32CubeIDE/plugins/com.st.stm32cube.ide.mcu.externaltools.gnu-tools-for-stm32.12.3.rel1.win32_1.0.100.202403111256/tools/bin/../lib/gcc/arm-none-eabi/12.3.1/thumb/v7e-m+fp/hard/crtbegin.o
LOAD E:/ST/STM32CubeIDE_1.14.1/STM32CubeIDE/plugins/com.st.stm32cube.ide.mcu.externaltools.gnu-tools-for-stm32.12.3.rel1.win32_1.0.100.202403111256/tools/bin/../lib/gcc/arm-none-eabi/12.3.1/../../../../arm-none-eabi/lib/thumb/v7e-m+fp/hard/crt0.o
LOAD ./Core/Src/dma.o
LOAD ./Core/Src/freertos.o
LOAD ./Core/Src/gpio.o
LOAD ./Core/Src/i2c.o
LOAD ./Core/Src/main.o
LOAD ./Core/Src/process.o
LOAD ./Core/Src/spi.o
LOAD ./Core/Src/stm32l4xx_hal_msp.o
LOAD ./Core/Src/stm32l4xx_it.o
LOAD ./Core/Src/syscalls.o
LOAD ./Core/Src/sysmem.o
LOAD ./Core/Src/system_stm32l4xx.o
LOAD ./Core/Src/test_tof.o
LOAD ./Core/Src/usart.o
LOAD ./Core/Startup/startup_stm32l431cctx.o
LOAD ./Drivers/Athena_deck_HAL/src/i2c_drv.o
LOAD ./Drivers/Athena_deck_HAL/src/spi_drv.o
LOAD ./Drivers/BSP/Components/TCA6408A/src/tca6408a.o
LOAD ./Drivers/BSP/Components/VL53L5CX_ULD_API/src/platform.o
LOAD ./Drivers/BSP/Components/VL53L5CX_ULD_API/src/vl53l5cx_api.o
LOAD ./Drivers/BSP/Components/VL53L5CX_ULD_API/src/vl53l5cx_plugin_detection_thresholds.o
LOAD ./Drivers/BSP/Components/VL53L5CX_ULD_API/src/vl53l5cx_plugin_motion_indicator.o
LOAD ./Drivers/BSP/Components/VL53L5CX_ULD_API/src/vl53l5cx_plugin_xtalk.o
LOAD ./Drivers/BSP/Components/W25Q64/src/w25q64.o
LOAD ./Drivers/STM32L4xx_HAL_Driver/Src/stm32l4xx_hal.o
LOAD ./Drivers/STM32L4xx_HAL_Driver/Src/stm32l4xx_hal_cortex.o
LOAD ./Drivers/STM32L4xx_HAL_Driver/Src/stm32l4xx_hal_dma.o
LOAD ./Drivers/STM32L4xx_HAL_Driver/Src/stm32l4xx_hal_dma_ex.o
LOAD ./Drivers/STM32L4xx_HAL_Driver/Src/stm32l4xx_hal_exti.o
LOAD ./Drivers/STM32L4xx_HAL_Driver/Src/stm32l4xx_hal_flash.o
LOAD ./Drivers/STM32L4xx_HAL_Driver/Src/stm32l4xx_hal_flash_ex.o
LOAD ./Drivers/STM32L4xx_HAL_Driver/Src/stm32l4xx_hal_flash_ramfunc.o
LOAD ./Drivers/STM32L4xx_HAL_Driver/Src/stm32l4xx_hal_gpio.o
LOAD ./Drivers/STM32L4xx_HAL_Driver/Src/stm32l4xx_hal_i2c.o
LOAD ./Drivers/STM32L4xx_HAL_Driver/Src/stm32l4xx_hal_i2c_ex.o
LOAD ./Drivers/STM32L4xx_HAL_Driver/Src/stm32l4xx_hal_pwr.o
LOAD ./Drivers/STM32L4xx_HAL_Driver/Src/stm32l4xx_hal_pwr_ex.o
LOAD ./Drivers/STM32L4xx_HAL_Driver/Src/stm32l4xx_hal_rcc.o
LOAD ./Drivers/STM32L4xx_HAL_Driver/Src/stm32l4xx_hal_rcc_ex.o
LOAD ./Drivers/STM32L4xx_HAL_Driver/Src/stm32l4xx_hal_spi.o
LOAD ./Drivers/STM32L4xx_HAL_Driver/Src/stm32l4xx_hal_spi_ex.o
LOAD ./Drivers/STM32L4xx_HAL_Driver/Src/stm32l4xx_hal_tim.o
LOAD ./Drivers/STM32L4xx_HAL_Driver/Src/stm32l4xx_hal_tim_ex.o
LOAD ./Drivers/STM32L4xx_HAL_Driver/Src/stm32l4xx_ll_dma.o
LOAD ./Drivers/STM32L4xx_HAL_Driver/Src/stm32l4xx_ll_exti.o
LOAD ./Drivers/STM32L4xx_HAL_Driver/Src/stm32l4xx_ll_gpio.o
LOAD ./Drivers/STM32L4xx_HAL_Driver/Src/stm32l4xx_ll_i2c.o
LOAD ./Drivers/STM32L4xx_HAL_Driver/Src/stm32l4xx_ll_rcc.o
LOAD ./Drivers/STM32L4xx_HAL_Driver/Src/stm32l4xx_ll_usart.o
LOAD ./Drivers/STM32L4xx_HAL_Driver/Src/stm32l4xx_ll_utils.o
LOAD ./Middlewares/Third_Party/FreeRTOS/Source/CMSIS_RTOS_V2/cmsis_os2.o
LOAD ./Middlewares/Third_Party/FreeRTOS/Source/croutine.o
LOAD ./Middlewares/Third_Party/FreeRTOS/Source/event_groups.o
LOAD ./Middlewares/Third_Party/FreeRTOS/Source/list.o
LOAD ./Middlewares/Third_Party/FreeRTOS/Source/queue.o
LOAD ./Middlewares/Third_Party/FreeRTOS/Source/stream_buffer.o
LOAD ./Middlewares/Third_Party/FreeRTOS/Source/tasks.o
LOAD ./Middlewares/Third_Party/FreeRTOS/Source/timers.o
LOAD ./Middlewares/Third_Party/FreeRTOS/Source/portable/GCC/ARM_CM4F/port.o
LOAD ./Middlewares/Third_Party/FreeRTOS/Source/portable/MemMang/heap_4.o
LOAD ./app-example/tinymap/src/calibration.o
START GROUP
LOAD E:/ST/STM32CubeIDE_1.14.1/STM32CubeIDE/plugins/com.st.stm32cube.ide.mcu.externaltools.gnu-tools-for-stm32.12.3.rel1.win32_1.0.100.202403111256/tools/bin/../lib/gcc/arm-none-eabi/12.3.1/../../../../arm-none-eabi/lib/thumb/v7e-m+fp/hard\libc_nano.a
LOAD E:/ST/STM32CubeIDE_1.14.1/STM32CubeIDE/plugins/com.st.stm32cube.ide.mcu.externaltools.gnu-tools-for-stm32.12.3.rel1.win32_1.0.100.202403111256/tools/bin/../lib/gcc/arm-none-eabi/12.3.1/../../../../arm-none-eabi/lib/thumb/v7e-m+fp/hard\libm.a
END GROUP
START GROUP
LOAD E:/ST/STM32CubeIDE_1.14.1/STM32CubeIDE/plugins/com.st.stm32cube.ide.mcu.externaltools.gnu-tools-for-stm32.12.3.rel1.win32_1.0.100.202403111256/tools/bin/../lib/gcc/arm-none-eabi/12.3.1/thumb/v7e-m+fp/hard\libgcc.a
LOAD E:/ST/STM32CubeIDE_1.14.1/STM32CubeIDE/plugins/com.st.stm32cube.ide.mcu.externaltools.gnu-tools-for-stm32.12.3.rel1.win32_1.0.100.202403111256/tools/bin/../lib/gcc/arm-none-eabi/12.3.1/../../../../arm-none-eabi/lib/thumb/v7e-m+fp/hard\libc_nano.a
END GROUP
START GROUP
LOAD E:/ST/STM32CubeIDE_1.14.1/STM32CubeIDE/plugins/com.st.stm32cube.ide.mcu.externaltools.gnu-tools-for-stm32.12.3.rel1.win32_1.0.100.202403111256/tools/bin/../lib/gcc/arm-none-eabi/12.3.1/thumb/v7e-m+fp/hard\libgcc.a
LOAD E:/ST/STM32CubeIDE_1.14.1/STM32CubeIDE/plugins/com.st.stm32cube.ide.mcu.externaltools.gnu-tools-for-stm32.12.3.rel1.win32_1.0.100.202403111256/tools/bin/../lib/gcc/arm-none-eabi/12.3.1/../../../../arm-none-eabi/lib/thumb/v7e-m+fp/hard\libc_nano.a
LOAD E:/ST/STM32CubeIDE_1.14.1/STM32CubeIDE/plugins/com.st.stm32cube.ide.mcu.externaltools.gnu-tools-for-stm32.12.3.rel1.win32_1.0.100.202403111256/tools/bin/../lib/gcc/arm-none-eabi/12.3.1/../../../../arm-none-eabi/lib/thumb/v7e-m+fp/hard\libnosys.a
END GROUP
START GROUP
LOAD E:/ST/STM32CubeIDE_1.14.1/STM32CubeIDE/plugins/com.st.stm32cube.ide.mcu.externaltools.gnu-tools-for-stm32.12.3.rel1.win32_1.0.100.202403111256/tools/bin/../lib/gcc/arm-none-eabi/12.3.1/thumb/v7e-m+fp/hard\libgcc.a
LOAD E:/ST/STM32CubeIDE_1.14.1/STM32CubeIDE/plugins/com.st.stm32cube.ide.mcu.externaltools.gnu-tools-for-stm32.12.3.rel1.win32_1.0.100.202403111256/tools/bin/../lib/gcc/arm-none-eabi/12.3.1/../../../../arm-none-eabi/lib/thumb/v7e-m+fp/hard\libc_nano.a
LOAD E:/ST/STM32CubeIDE_1.14.1/STM32CubeIDE/plugins/com.st.stm32cube.ide.mcu.externaltools.gnu-tools-for-stm32.12.3.rel1.win32_1.0.100.202403111256/tools/bin/../lib/gcc/arm-none-eabi/12.3.1/../../../../arm-none-eabi/lib/thumb/v7e-m+fp/hard\libnosys.a
END GROUP
LOAD E:/ST/STM32CubeIDE_1.14.1/STM32CubeIDE/plugins/com.st.stm32cube.ide.mcu.externaltools.gnu-tools-for-stm32.12.3.rel1.win32_1.0.100.202403111256/tools/bin/../lib/gcc/arm-none-eabi/12.3.1/thumb/v7e-m+fp/hard/crtend.o
LOAD E:/ST/STM32CubeIDE_1.14.1/STM32CubeIDE/plugins/com.st.stm32cube.ide.mcu.externaltools.gnu-tools-for-stm32.12.3.rel1.win32_1.0.100.202403111256/tools/bin/../lib/gcc/arm-none-eabi/12.3.1/thumb/v7e-m+fp/hard/crtn.o
                0x20010000                        _estack = (ORIGIN (RAM) + LENGTH (RAM))
                0x00000200                        _Min_Heap_Size = 0x200
                0x00000400                        _Min_Stack_Size = 0x400

.isr_vector     0x08000000      0x18c
                0x08000000                        . = ALIGN (0x4)
 *(.isr_vector)
 .isr_vector    0x08000000      0x18c ./Core/Startup/startup_stm32l431cctx.o
                0x08000000                g_pfnVectors
                0x0800018c                        . = ALIGN (0x4)

.text           0x08000190     0x9944
                0x08000190                        . = ALIGN (0x4)
 *(.text)
 .text          0x08000190       0x40 E:/ST/STM32CubeIDE_1.14.1/STM32CubeIDE/plugins/com.st.stm32cube.ide.mcu.externaltools.gnu-tools-for-stm32.12.3.rel1.win32_1.0.100.202403111256/tools/bin/../lib/gcc/arm-none-eabi/12.3.1/thumb/v7e-m+fp/hard/crtbegin.o
 *(.text*)
 .text.__NVIC_GetPriorityGrouping
                0x080001d0       0x1c ./Core/Src/dma.o
 .text.__NVIC_EnableIRQ
                0x080001ec       0x3c ./Core/Src/dma.o
 .text.__NVIC_SetPriority
                0x08000228       0x54 ./Core/Src/dma.o
 .text.NVIC_EncodePriority
                0x0800027c       0x66 ./Core/Src/dma.o
 *fill*         0x080002e2        0x2 
 .text.LL_AHB1_GRP1_EnableClock
                0x080002e4       0x30 ./Core/Src/dma.o
 .text.MX_DMA_Init
                0x08000314       0xb4 ./Core/Src/dma.o
                0x08000314                MX_DMA_Init
 .text.LL_GPIO_TogglePin
                0x080003c8       0x32 ./Core/Src/freertos.o
 *fill*         0x080003fa        0x2 
 .text.MX_FREERTOS_Init
                0x080003fc       0x24 ./Core/Src/freertos.o
                0x080003fc                MX_FREERTOS_Init
 .text.Write_Struct_to_Flash
                0x08000420       0x20 ./Core/Src/freertos.o
                0x08000420                Write_Struct_to_Flash
 .text.Read_Struct_from_Flash
                0x08000440       0x20 ./Core/Src/freertos.o
                0x08000440                Read_Struct_from_Flash
 .text.StartDefaultTask
                0x08000460       0x78 ./Core/Src/freertos.o
                0x08000460                StartDefaultTask
 .text.LL_AHB2_GRP1_EnableClock
                0x080004d8       0x30 ./Core/Src/gpio.o
 .text.LL_GPIO_SetOutputPin
                0x08000508       0x1c ./Core/Src/gpio.o
 .text.LL_GPIO_ResetOutputPin
                0x08000524       0x1c ./Core/Src/gpio.o
 .text.MX_GPIO_Init
                0x08000540       0xb0 ./Core/Src/gpio.o
                0x08000540                MX_GPIO_Init
 .text.__NVIC_GetPriorityGrouping
                0x080005f0       0x1c ./Core/Src/i2c.o
 .text.__NVIC_EnableIRQ
                0x0800060c       0x3c ./Core/Src/i2c.o
 .text.__NVIC_SetPriority
                0x08000648       0x54 ./Core/Src/i2c.o
 .text.NVIC_EncodePriority
                0x0800069c       0x66 ./Core/Src/i2c.o
 *fill*         0x08000702        0x2 
 .text.LL_DMA_SetDataTransferDirection
                0x08000704       0x50 ./Core/Src/i2c.o
 .text.LL_DMA_SetMode
                0x08000754       0x4c ./Core/Src/i2c.o
 .text.LL_DMA_SetPeriphIncMode
                0x080007a0       0x4c ./Core/Src/i2c.o
 .text.LL_DMA_SetMemoryIncMode
                0x080007ec       0x4c ./Core/Src/i2c.o
 .text.LL_DMA_SetPeriphSize
                0x08000838       0x4c ./Core/Src/i2c.o
 .text.LL_DMA_SetMemorySize
                0x08000884       0x4c ./Core/Src/i2c.o
 .text.LL_DMA_SetChannelPriorityLevel
                0x080008d0       0x4c ./Core/Src/i2c.o
 .text.LL_DMA_SetPeriphRequest
                0x0800091c       0x64 ./Core/Src/i2c.o
 .text.LL_I2C_EnableClockStretching
                0x08000980       0x20 ./Core/Src/i2c.o
 .text.LL_I2C_EnableGeneralCall
                0x080009a0       0x20 ./Core/Src/i2c.o
 .text.LL_I2C_SetOwnAddress2
                0x080009c0       0x30 ./Core/Src/i2c.o
 .text.LL_I2C_DisableOwnAddress2
                0x080009f0       0x20 ./Core/Src/i2c.o
 .text.LL_I2C_EnableAutoEndMode
                0x08000a10       0x20 ./Core/Src/i2c.o
 .text.LL_RCC_SetI2CClockSource
                0x08000a30       0x50 ./Core/Src/i2c.o
 .text.LL_AHB2_GRP1_EnableClock
                0x08000a80       0x30 ./Core/Src/i2c.o
 .text.LL_APB1_GRP1_EnableClock
                0x08000ab0       0x30 ./Core/Src/i2c.o
 .text.MX_I2C1_Init
                0x08000ae0      0x1ac ./Core/Src/i2c.o
                0x08000ae0                MX_I2C1_Init
 .text.LL_RCC_HSE_Enable
                0x08000c8c       0x20 ./Core/Src/main.o
 .text.LL_RCC_HSE_IsReady
                0x08000cac       0x28 ./Core/Src/main.o
 .text.LL_RCC_SetSysClkSource
                0x08000cd4       0x28 ./Core/Src/main.o
 .text.LL_RCC_GetSysClkSource
                0x08000cfc       0x1c ./Core/Src/main.o
 .text.LL_RCC_SetAHBPrescaler
                0x08000d18       0x28 ./Core/Src/main.o
 .text.LL_RCC_SetAPB1Prescaler
                0x08000d40       0x28 ./Core/Src/main.o
 .text.LL_RCC_SetAPB2Prescaler
                0x08000d68       0x28 ./Core/Src/main.o
 .text.LL_RCC_PLL_Enable
                0x08000d90       0x20 ./Core/Src/main.o
 .text.LL_RCC_PLL_IsReady
                0x08000db0       0x28 ./Core/Src/main.o
 .text.LL_RCC_PLL_ConfigDomain_SYS
                0x08000dd8       0x40 ./Core/Src/main.o
 .text.LL_RCC_PLL_EnableDomain_SYS
                0x08000e18       0x20 ./Core/Src/main.o
 .text.LL_FLASH_SetLatency
                0x08000e38       0x28 ./Core/Src/main.o
 .text.LL_FLASH_GetLatency
                0x08000e60       0x1c ./Core/Src/main.o
 .text.LL_PWR_SetRegulVoltageScaling
                0x08000e7c       0x28 ./Core/Src/main.o
 .text.LL_PWR_IsActiveFlag_VOS
                0x08000ea4       0x28 ./Core/Src/main.o
 .text.main     0x08000ecc       0x3c ./Core/Src/main.o
                0x08000ecc                main
 .text.SystemClock_Config
                0x08000f08       0x9c ./Core/Src/main.o
                0x08000f08                SystemClock_Config
 .text.Error_Handler
                0x08000fa4        0xc ./Core/Src/main.o
                0x08000fa4                Error_Handler
 .text.MX_SPI1_Init
                0x08000fb0       0x7c ./Core/Src/spi.o
                0x08000fb0                MX_SPI1_Init
 .text.MX_SPI2_Init
                0x0800102c       0x7c ./Core/Src/spi.o
                0x0800102c                MX_SPI2_Init
 .text.HAL_SPI_MspInit
                0x080010a8      0x1b0 ./Core/Src/spi.o
                0x080010a8                HAL_SPI_MspInit
 .text.HAL_MspInit
                0x08001258       0x50 ./Core/Src/stm32l4xx_hal_msp.o
                0x08001258                HAL_MspInit
 .text.NMI_Handler
                0x080012a8        0x8 ./Core/Src/stm32l4xx_it.o
                0x080012a8                NMI_Handler
 .text.HardFault_Handler
                0x080012b0        0x8 ./Core/Src/stm32l4xx_it.o
                0x080012b0                HardFault_Handler
 .text.MemManage_Handler
                0x080012b8        0x8 ./Core/Src/stm32l4xx_it.o
                0x080012b8                MemManage_Handler
 .text.BusFault_Handler
                0x080012c0        0x8 ./Core/Src/stm32l4xx_it.o
                0x080012c0                BusFault_Handler
 .text.UsageFault_Handler
                0x080012c8        0x8 ./Core/Src/stm32l4xx_it.o
                0x080012c8                UsageFault_Handler
 .text.DebugMon_Handler
                0x080012d0        0xe ./Core/Src/stm32l4xx_it.o
                0x080012d0                DebugMon_Handler
 .text.SysTick_Handler
                0x080012de       0x1a ./Core/Src/stm32l4xx_it.o
                0x080012de                SysTick_Handler
 .text.DMA1_Channel4_IRQHandler
                0x080012f8       0x14 ./Core/Src/stm32l4xx_it.o
                0x080012f8                DMA1_Channel4_IRQHandler
 .text.DMA1_Channel5_IRQHandler
                0x0800130c       0x14 ./Core/Src/stm32l4xx_it.o
                0x0800130c                DMA1_Channel5_IRQHandler
 .text.DMA1_Channel6_IRQHandler
                0x08001320        0xe ./Core/Src/stm32l4xx_it.o
                0x08001320                DMA1_Channel6_IRQHandler
 .text.DMA1_Channel7_IRQHandler
                0x0800132e        0xe ./Core/Src/stm32l4xx_it.o
                0x0800132e                DMA1_Channel7_IRQHandler
 .text.I2C1_EV_IRQHandler
                0x0800133c        0xe ./Core/Src/stm32l4xx_it.o
                0x0800133c                I2C1_EV_IRQHandler
 .text.I2C1_ER_IRQHandler
                0x0800134a        0xe ./Core/Src/stm32l4xx_it.o
                0x0800134a                I2C1_ER_IRQHandler
 .text.SPI2_IRQHandler
                0x08001358       0x14 ./Core/Src/stm32l4xx_it.o
                0x08001358                SPI2_IRQHandler
 .text.USART1_IRQHandler
                0x0800136c        0xe ./Core/Src/stm32l4xx_it.o
                0x0800136c                USART1_IRQHandler
 .text.USART2_IRQHandler
                0x0800137a        0xe ./Core/Src/stm32l4xx_it.o
                0x0800137a                USART2_IRQHandler
 .text.USART3_IRQHandler
                0x08001388        0xe ./Core/Src/stm32l4xx_it.o
                0x08001388                USART3_IRQHandler
 .text.DMA2_Channel6_IRQHandler
                0x08001396        0xe ./Core/Src/stm32l4xx_it.o
                0x08001396                DMA2_Channel6_IRQHandler
 .text.DMA2_Channel7_IRQHandler
                0x080013a4        0xe ./Core/Src/stm32l4xx_it.o
                0x080013a4                DMA2_Channel7_IRQHandler
 *fill*         0x080013b2        0x2 
 .text.SystemInit
                0x080013b4       0x24 ./Core/Src/system_stm32l4xx.o
                0x080013b4                SystemInit
 .text.config_sensors
                0x080013d8       0xc4 ./Core/Src/test_tof.o
                0x080013d8                config_sensors
 .text.initialize_sensors_I2C
                0x0800149c       0xc8 ./Core/Src/test_tof.o
                0x0800149c                initialize_sensors_I2C
 .text.get_sensor_data
                0x08001564       0x52 ./Core/Src/test_tof.o
                0x08001564                get_sensor_data
 *fill*         0x080015b6        0x2 
 .text.__NVIC_GetPriorityGrouping
                0x080015b8       0x1c ./Core/Src/usart.o
 .text.__NVIC_EnableIRQ
                0x080015d4       0x3c ./Core/Src/usart.o
 .text.__NVIC_SetPriority
                0x08001610       0x54 ./Core/Src/usart.o
 .text.NVIC_EncodePriority
                0x08001664       0x66 ./Core/Src/usart.o
 *fill*         0x080016ca        0x2 
 .text.LL_DMA_SetDataTransferDirection
                0x080016cc       0x50 ./Core/Src/usart.o
 .text.LL_DMA_SetMode
                0x0800171c       0x4c ./Core/Src/usart.o
 .text.LL_DMA_SetPeriphIncMode
                0x08001768       0x4c ./Core/Src/usart.o
 .text.LL_DMA_SetMemoryIncMode
                0x080017b4       0x4c ./Core/Src/usart.o
 .text.LL_DMA_SetPeriphSize
                0x08001800       0x4c ./Core/Src/usart.o
 .text.LL_DMA_SetMemorySize
                0x0800184c       0x4c ./Core/Src/usart.o
 .text.LL_DMA_SetChannelPriorityLevel
                0x08001898       0x4c ./Core/Src/usart.o
 .text.LL_DMA_SetPeriphRequest
                0x080018e4       0x64 ./Core/Src/usart.o
 .text.LL_RCC_SetUSARTClockSource
                0x08001948       0x34 ./Core/Src/usart.o
 .text.LL_AHB2_GRP1_EnableClock
                0x0800197c       0x30 ./Core/Src/usart.o
 .text.LL_APB1_GRP1_EnableClock
                0x080019ac       0x30 ./Core/Src/usart.o
 .text.LL_APB2_GRP1_EnableClock
                0x080019dc       0x30 ./Core/Src/usart.o
 .text.LL_USART_Enable
                0x08001a0c       0x20 ./Core/Src/usart.o
 .text.LL_USART_ConfigAsyncMode
                0x08001a2c       0x2c ./Core/Src/usart.o
 .text.MX_USART1_UART_Init
                0x08001a58      0x16c ./Core/Src/usart.o
                0x08001a58                MX_USART1_UART_Init
 .text.MX_USART2_UART_Init
                0x08001bc4       0xc8 ./Core/Src/usart.o
                0x08001bc4                MX_USART2_UART_Init
 .text.MX_USART3_UART_Init
                0x08001c8c       0xcc ./Core/Src/usart.o
                0x08001c8c                MX_USART3_UART_Init
 .text.Reset_Handler
                0x08001d58       0x50 ./Core/Startup/startup_stm32l431cctx.o
                0x08001d58                Reset_Handler
 .text.Default_Handler
                0x08001da8        0x2 ./Core/Startup/startup_stm32l431cctx.o
                0x08001da8                RTC_Alarm_IRQHandler
                0x08001da8                EXTI2_IRQHandler
                0x08001da8                TIM1_CC_IRQHandler
                0x08001da8                TSC_IRQHandler
                0x08001da8                TAMP_STAMP_IRQHandler
                0x08001da8                EXTI3_IRQHandler
                0x08001da8                LPTIM2_IRQHandler
                0x08001da8                I2C3_ER_IRQHandler
                0x08001da8                EXTI0_IRQHandler
                0x08001da8                I2C2_EV_IRQHandler
                0x08001da8                CAN1_RX0_IRQHandler
                0x08001da8                FPU_IRQHandler
                0x08001da8                TIM1_UP_TIM16_IRQHandler
                0x08001da8                SPI1_IRQHandler
                0x08001da8                TIM6_DAC_IRQHandler
                0x08001da8                DMA2_Channel2_IRQHandler
                0x08001da8                ADC1_IRQHandler
                0x08001da8                CAN1_RX1_IRQHandler
                0x08001da8                DMA2_Channel1_IRQHandler
                0x08001da8                QUADSPI_IRQHandler
                0x08001da8                DMA2_Channel4_IRQHandler
                0x08001da8                RCC_IRQHandler
                0x08001da8                TIM1_TRG_COM_IRQHandler
                0x08001da8                DMA1_Channel1_IRQHandler
                0x08001da8                Default_Handler
                0x08001da8                EXTI15_10_IRQHandler
                0x08001da8                TIM7_IRQHandler
                0x08001da8                SDMMC1_IRQHandler
                0x08001da8                I2C3_EV_IRQHandler
                0x08001da8                EXTI9_5_IRQHandler
                0x08001da8                RTC_WKUP_IRQHandler
                0x08001da8                PVD_PVM_IRQHandler
                0x08001da8                CAN1_TX_IRQHandler
                0x08001da8                DMA2_Channel5_IRQHandler
                0x08001da8                CRS_IRQHandler
                0x08001da8                EXTI4_IRQHandler
                0x08001da8                RNG_IRQHandler
                0x08001da8                DMA1_Channel3_IRQHandler
                0x08001da8                COMP_IRQHandler
                0x08001da8                WWDG_IRQHandler
                0x08001da8                LPUART1_IRQHandler
                0x08001da8                TIM2_IRQHandler
                0x08001da8                EXTI1_IRQHandler
                0x08001da8                I2C2_ER_IRQHandler
                0x08001da8                DMA1_Channel2_IRQHandler
                0x08001da8                CAN1_SCE_IRQHandler
                0x08001da8                FLASH_IRQHandler
                0x08001da8                SPI3_IRQHandler
                0x08001da8                SWPMI1_IRQHandler
                0x08001da8                LPTIM1_IRQHandler
                0x08001da8                SAI1_IRQHandler
                0x08001da8                DMA2_Channel3_IRQHandler
                0x08001da8                TIM1_BRK_TIM15_IRQHandler
 .text.LL_I2C_EnableDMAReq_TX
                0x08001daa       0x20 ./Drivers/Athena_deck_HAL/src/i2c_drv.o
 .text.LL_I2C_EnableDMAReq_RX
                0x08001dca       0x20 ./Drivers/Athena_deck_HAL/src/i2c_drv.o
 .text.LL_I2C_DMA_GetRegAddr
                0x08001dea       0x2c ./Drivers/Athena_deck_HAL/src/i2c_drv.o
 .text.LL_I2C_IsActiveFlag_TXE
                0x08001e16       0x26 ./Drivers/Athena_deck_HAL/src/i2c_drv.o
 .text.LL_I2C_IsActiveFlag_STOP
                0x08001e3c       0x26 ./Drivers/Athena_deck_HAL/src/i2c_drv.o
 .text.LL_I2C_IsActiveFlag_BUSY
                0x08001e62       0x28 ./Drivers/Athena_deck_HAL/src/i2c_drv.o
 .text.LL_I2C_ClearFlag_STOP
                0x08001e8a       0x20 ./Drivers/Athena_deck_HAL/src/i2c_drv.o
 .text.LL_I2C_ClearFlag_TXE
                0x08001eaa       0x1a ./Drivers/Athena_deck_HAL/src/i2c_drv.o
 .text.LL_I2C_HandleTransfer
                0x08001ec4       0x4c ./Drivers/Athena_deck_HAL/src/i2c_drv.o
 .text.LL_I2C_TransmitData8
                0x08001f10       0x1e ./Drivers/Athena_deck_HAL/src/i2c_drv.o
 *fill*         0x08001f2e        0x2 
 .text.LL_DMA_EnableChannel
                0x08001f30       0x44 ./Drivers/Athena_deck_HAL/src/i2c_drv.o
 .text.LL_DMA_DisableChannel
                0x08001f74       0x44 ./Drivers/Athena_deck_HAL/src/i2c_drv.o
 .text.LL_DMA_SetDataLength
                0x08001fb8       0x4c ./Drivers/Athena_deck_HAL/src/i2c_drv.o
 .text.LL_DMA_ConfigAddresses
                0x08002004       0x7c ./Drivers/Athena_deck_HAL/src/i2c_drv.o
 .text.LL_DMA_IsActiveFlag_TC6
                0x08002080       0x28 ./Drivers/Athena_deck_HAL/src/i2c_drv.o
 .text.LL_DMA_IsActiveFlag_TC7
                0x080020a8       0x28 ./Drivers/Athena_deck_HAL/src/i2c_drv.o
 .text.i2cdevWriteReg8
                0x080020d0       0xe4 ./Drivers/Athena_deck_HAL/src/i2c_drv.o
                0x080020d0                i2cdevWriteReg8
 .text.i2cdevReadReg16
                0x080021b4       0xe8 ./Drivers/Athena_deck_HAL/src/i2c_drv.o
                0x080021b4                i2cdevReadReg16
 .text.i2cdevWriteReg16
                0x0800229c       0xe0 ./Drivers/Athena_deck_HAL/src/i2c_drv.o
                0x0800229c                i2cdevWriteReg16
 .text.I2C_expander_set_register
                0x0800237c       0x2c ./Drivers/BSP/Components/TCA6408A/src/tca6408a.o
                0x0800237c                I2C_expander_set_register
 .text.I2C_expander_initialize
                0x080023a8       0x4c ./Drivers/BSP/Components/TCA6408A/src/tca6408a.o
                0x080023a8                I2C_expander_initialize
 .text.RdByte   0x080023f4       0x38 ./Drivers/BSP/Components/VL53L5CX_ULD_API/src/platform.o
                0x080023f4                RdByte
 .text.WrByte   0x0800242c       0x40 ./Drivers/BSP/Components/VL53L5CX_ULD_API/src/platform.o
                0x0800242c                WrByte
 .text.WrMulti  0x0800246c       0x74 ./Drivers/BSP/Components/VL53L5CX_ULD_API/src/platform.o
                0x0800246c                WrMulti
 .text.RdMulti  0x080024e0       0x74 ./Drivers/BSP/Components/VL53L5CX_ULD_API/src/platform.o
                0x080024e0                RdMulti
 .text.SwapBuffer
                0x08002554       0x6c ./Drivers/BSP/Components/VL53L5CX_ULD_API/src/platform.o
                0x08002554                SwapBuffer
 .text.WaitMs   0x080025c0       0x1a ./Drivers/BSP/Components/VL53L5CX_ULD_API/src/platform.o
                0x080025c0                WaitMs
 .text._vl53l5cx_poll_for_answer
                0x080025da       0xa0 ./Drivers/BSP/Components/VL53L5CX_ULD_API/src/vl53l5cx_api.o
 .text._vl53l5cx_poll_for_mcu_boot
                0x0800267a       0x82 ./Drivers/BSP/Components/VL53L5CX_ULD_API/src/vl53l5cx_api.o
 .text._vl53l5cx_send_offset_data
                0x080026fc      0x398 ./Drivers/BSP/Components/VL53L5CX_ULD_API/src/vl53l5cx_api.o
 .text._vl53l5cx_send_xtalk_data
                0x08002a94      0x298 ./Drivers/BSP/Components/VL53L5CX_ULD_API/src/vl53l5cx_api.o
 .text.vl53l5cx_is_alive
                0x08002d2c       0x92 ./Drivers/BSP/Components/VL53L5CX_ULD_API/src/vl53l5cx_api.o
                0x08002d2c                vl53l5cx_is_alive
 *fill*         0x08002dbe        0x2 
 .text.vl53l5cx_init
                0x08002dc0      0x8d8 ./Drivers/BSP/Components/VL53L5CX_ULD_API/src/vl53l5cx_api.o
                0x08002dc0                vl53l5cx_init
 .text.vl53l5cx_set_i2c_address
                0x08003698       0x6c ./Drivers/BSP/Components/VL53L5CX_ULD_API/src/vl53l5cx_api.o
                0x08003698                vl53l5cx_set_i2c_address
 .text.vl53l5cx_start_ranging
                0x08003704      0x2f4 ./Drivers/BSP/Components/VL53L5CX_ULD_API/src/vl53l5cx_api.o
                0x08003704                vl53l5cx_start_ranging
 .text.vl53l5cx_check_data_ready
                0x080039f8       0xa0 ./Drivers/BSP/Components/VL53L5CX_ULD_API/src/vl53l5cx_api.o
                0x080039f8                vl53l5cx_check_data_ready
 .text.vl53l5cx_get_ranging_data
                0x08003a98      0x434 ./Drivers/BSP/Components/VL53L5CX_ULD_API/src/vl53l5cx_api.o
                0x08003a98                vl53l5cx_get_ranging_data
 .text.vl53l5cx_get_resolution
                0x08003ecc       0x4a ./Drivers/BSP/Components/VL53L5CX_ULD_API/src/vl53l5cx_api.o
                0x08003ecc                vl53l5cx_get_resolution
 .text.vl53l5cx_set_resolution
                0x08003f16      0x1a8 ./Drivers/BSP/Components/VL53L5CX_ULD_API/src/vl53l5cx_api.o
                0x08003f16                vl53l5cx_set_resolution
 .text.vl53l5cx_set_ranging_frequency_hz
                0x080040be       0x42 ./Drivers/BSP/Components/VL53L5CX_ULD_API/src/vl53l5cx_api.o
                0x080040be                vl53l5cx_set_ranging_frequency_hz
 .text.vl53l5cx_set_target_order
                0x08004100       0x58 ./Drivers/BSP/Components/VL53L5CX_ULD_API/src/vl53l5cx_api.o
                0x08004100                vl53l5cx_set_target_order
 .text.vl53l5cx_set_ranging_mode
                0x08004158       0xae ./Drivers/BSP/Components/VL53L5CX_ULD_API/src/vl53l5cx_api.o
                0x08004158                vl53l5cx_set_ranging_mode
 *fill*         0x08004206        0x2 
 .text.vl53l5cx_dci_read_data
                0x08004208      0x114 ./Drivers/BSP/Components/VL53L5CX_ULD_API/src/vl53l5cx_api.o
                0x08004208                vl53l5cx_dci_read_data
 .text.vl53l5cx_dci_write_data
                0x0800431c      0x13c ./Drivers/BSP/Components/VL53L5CX_ULD_API/src/vl53l5cx_api.o
                0x0800431c                vl53l5cx_dci_write_data
 .text.vl53l5cx_dci_replace_data
                0x08004458       0x58 ./Drivers/BSP/Components/VL53L5CX_ULD_API/src/vl53l5cx_api.o
                0x08004458                vl53l5cx_dci_replace_data
 .text.BSP_W25Qx_Init
                0x080044b0       0x12 ./Drivers/BSP/Components/W25Q64/src/w25q64.o
                0x080044b0                BSP_W25Qx_Init
 *fill*         0x080044c2        0x2 
 .text.BSP_W25Qx_Reset
                0x080044c4       0x44 ./Drivers/BSP/Components/W25Q64/src/w25q64.o
 .text.BSP_W25Qx_GetStatus
                0x08004508       0x60 ./Drivers/BSP/Components/W25Q64/src/w25q64.o
 .text.BSP_W25Qx_WriteEnable
                0x08004568       0x68 ./Drivers/BSP/Components/W25Q64/src/w25q64.o
                0x08004568                BSP_W25Qx_WriteEnable
 .text.BSP_W25Qx_Read_ID
                0x080045d0       0x54 ./Drivers/BSP/Components/W25Q64/src/w25q64.o
                0x080045d0                BSP_W25Qx_Read_ID
 .text.BSP_W25Qx_Read
                0x08004624       0x7c ./Drivers/BSP/Components/W25Q64/src/w25q64.o
                0x08004624                BSP_W25Qx_Read
 .text.BSP_W25Qx_Write
                0x080046a0      0x118 ./Drivers/BSP/Components/W25Q64/src/w25q64.o
                0x080046a0                BSP_W25Qx_Write
 .text.HAL_Init
                0x080047b8       0x30 ./Drivers/STM32L4xx_HAL_Driver/Src/stm32l4xx_hal.o
                0x080047b8                HAL_Init
 .text.HAL_InitTick
                0x080047e8       0x78 ./Drivers/STM32L4xx_HAL_Driver/Src/stm32l4xx_hal.o
                0x080047e8                HAL_InitTick
 .text.HAL_IncTick
                0x08004860       0x28 ./Drivers/STM32L4xx_HAL_Driver/Src/stm32l4xx_hal.o
                0x08004860                HAL_IncTick
 .text.HAL_GetTick
                0x08004888       0x18 ./Drivers/STM32L4xx_HAL_Driver/Src/stm32l4xx_hal.o
                0x08004888                HAL_GetTick
 .text.__NVIC_SetPriorityGrouping
                0x080048a0       0x48 ./Drivers/STM32L4xx_HAL_Driver/Src/stm32l4xx_hal_cortex.o
 .text.__NVIC_GetPriorityGrouping
                0x080048e8       0x1c ./Drivers/STM32L4xx_HAL_Driver/Src/stm32l4xx_hal_cortex.o
 .text.__NVIC_EnableIRQ
                0x08004904       0x3c ./Drivers/STM32L4xx_HAL_Driver/Src/stm32l4xx_hal_cortex.o
 .text.__NVIC_SetPriority
                0x08004940       0x54 ./Drivers/STM32L4xx_HAL_Driver/Src/stm32l4xx_hal_cortex.o
 .text.NVIC_EncodePriority
                0x08004994       0x66 ./Drivers/STM32L4xx_HAL_Driver/Src/stm32l4xx_hal_cortex.o
 *fill*         0x080049fa        0x2 
 .text.SysTick_Config
                0x080049fc       0x44 ./Drivers/STM32L4xx_HAL_Driver/Src/stm32l4xx_hal_cortex.o
 .text.HAL_NVIC_SetPriorityGrouping
                0x08004a40       0x16 ./Drivers/STM32L4xx_HAL_Driver/Src/stm32l4xx_hal_cortex.o
                0x08004a40                HAL_NVIC_SetPriorityGrouping
 .text.HAL_NVIC_SetPriority
                0x08004a56       0x38 ./Drivers/STM32L4xx_HAL_Driver/Src/stm32l4xx_hal_cortex.o
                0x08004a56                HAL_NVIC_SetPriority
 .text.HAL_NVIC_EnableIRQ
                0x08004a8e       0x1c ./Drivers/STM32L4xx_HAL_Driver/Src/stm32l4xx_hal_cortex.o
                0x08004a8e                HAL_NVIC_EnableIRQ
 .text.HAL_SYSTICK_Config
                0x08004aaa       0x18 ./Drivers/STM32L4xx_HAL_Driver/Src/stm32l4xx_hal_cortex.o
                0x08004aaa                HAL_SYSTICK_Config
 *fill*         0x08004ac2        0x2 
 .text.HAL_DMA_Init
                0x08004ac4      0x170 ./Drivers/STM32L4xx_HAL_Driver/Src/stm32l4xx_hal_dma.o
                0x08004ac4                HAL_DMA_Init
 .text.HAL_DMA_Abort_IT
                0x08004c34       0x82 ./Drivers/STM32L4xx_HAL_Driver/Src/stm32l4xx_hal_dma.o
                0x08004c34                HAL_DMA_Abort_IT
 .text.HAL_DMA_IRQHandler
                0x08004cb6      0x15e ./Drivers/STM32L4xx_HAL_Driver/Src/stm32l4xx_hal_dma.o
                0x08004cb6                HAL_DMA_IRQHandler
 .text.HAL_GPIO_Init
                0x08004e14      0x2f4 ./Drivers/STM32L4xx_HAL_Driver/Src/stm32l4xx_hal_gpio.o
                0x08004e14                HAL_GPIO_Init
 .text.HAL_GPIO_WritePin
                0x08005108       0x30 ./Drivers/STM32L4xx_HAL_Driver/Src/stm32l4xx_hal_gpio.o
                0x08005108                HAL_GPIO_WritePin
 .text.HAL_SPI_Init
                0x08005138      0x146 ./Drivers/STM32L4xx_HAL_Driver/Src/stm32l4xx_hal_spi.o
                0x08005138                HAL_SPI_Init
 .text.HAL_SPI_Transmit
                0x0800527e      0x2ea ./Drivers/STM32L4xx_HAL_Driver/Src/stm32l4xx_hal_spi.o
                0x0800527e                HAL_SPI_Transmit
 .text.HAL_SPI_Receive
                0x08005568      0x26e ./Drivers/STM32L4xx_HAL_Driver/Src/stm32l4xx_hal_spi.o
                0x08005568                HAL_SPI_Receive
 .text.HAL_SPI_TransmitReceive
                0x080057d6      0x444 ./Drivers/STM32L4xx_HAL_Driver/Src/stm32l4xx_hal_spi.o
                0x080057d6                HAL_SPI_TransmitReceive
 *fill*         0x08005c1a        0x2 
 .text.HAL_SPI_IRQHandler
                0x08005c1c      0x1e8 ./Drivers/STM32L4xx_HAL_Driver/Src/stm32l4xx_hal_spi.o
                0x08005c1c                HAL_SPI_IRQHandler
 .text.HAL_SPI_ErrorCallback
                0x08005e04       0x14 ./Drivers/STM32L4xx_HAL_Driver/Src/stm32l4xx_hal_spi.o
                0x08005e04                HAL_SPI_ErrorCallback
 .text.SPI_DMAAbortOnError
                0x08005e18       0x2a ./Drivers/STM32L4xx_HAL_Driver/Src/stm32l4xx_hal_spi.o
 *fill*         0x08005e42        0x2 
 .text.SPI_WaitFlagStateUntilTimeout
                0x08005e44      0x110 ./Drivers/STM32L4xx_HAL_Driver/Src/stm32l4xx_hal_spi.o
 .text.SPI_WaitFifoStateUntilTimeout
                0x08005f54      0x12c ./Drivers/STM32L4xx_HAL_Driver/Src/stm32l4xx_hal_spi.o
 .text.SPI_EndRxTransaction
                0x08006080       0xb0 ./Drivers/STM32L4xx_HAL_Driver/Src/stm32l4xx_hal_spi.o
 .text.SPI_EndRxTxTransaction
                0x08006130       0x8c ./Drivers/STM32L4xx_HAL_Driver/Src/stm32l4xx_hal_spi.o
 .text.LL_GPIO_SetPinMode
                0x080061bc       0x7a ./Drivers/STM32L4xx_HAL_Driver/Src/stm32l4xx_ll_gpio.o
 .text.LL_GPIO_SetPinOutputType
                0x08006236       0x30 ./Drivers/STM32L4xx_HAL_Driver/Src/stm32l4xx_ll_gpio.o
 .text.LL_GPIO_SetPinSpeed
                0x08006266       0x7a ./Drivers/STM32L4xx_HAL_Driver/Src/stm32l4xx_ll_gpio.o
 .text.LL_GPIO_SetPinPull
                0x080062e0       0x7a ./Drivers/STM32L4xx_HAL_Driver/Src/stm32l4xx_ll_gpio.o
 .text.LL_GPIO_SetAFPin_0_7
                0x0800635a       0x7a ./Drivers/STM32L4xx_HAL_Driver/Src/stm32l4xx_ll_gpio.o
 .text.LL_GPIO_SetAFPin_8_15
                0x080063d4       0x7e ./Drivers/STM32L4xx_HAL_Driver/Src/stm32l4xx_ll_gpio.o
 .text.LL_GPIO_Init
                0x08006452       0xdc ./Drivers/STM32L4xx_HAL_Driver/Src/stm32l4xx_ll_gpio.o
                0x08006452                LL_GPIO_Init
 .text.LL_I2C_Enable
                0x0800652e       0x20 ./Drivers/STM32L4xx_HAL_Driver/Src/stm32l4xx_ll_i2c.o
 .text.LL_I2C_Disable
                0x0800654e       0x20 ./Drivers/STM32L4xx_HAL_Driver/Src/stm32l4xx_ll_i2c.o
 .text.LL_I2C_ConfigFilters
                0x0800656e       0x2e ./Drivers/STM32L4xx_HAL_Driver/Src/stm32l4xx_ll_i2c.o
 .text.LL_I2C_SetOwnAddress1
                0x0800659c       0x30 ./Drivers/STM32L4xx_HAL_Driver/Src/stm32l4xx_ll_i2c.o
 .text.LL_I2C_EnableOwnAddress1
                0x080065cc       0x20 ./Drivers/STM32L4xx_HAL_Driver/Src/stm32l4xx_ll_i2c.o
 .text.LL_I2C_DisableOwnAddress1
                0x080065ec       0x20 ./Drivers/STM32L4xx_HAL_Driver/Src/stm32l4xx_ll_i2c.o
 .text.LL_I2C_SetTiming
                0x0800660c       0x1c ./Drivers/STM32L4xx_HAL_Driver/Src/stm32l4xx_ll_i2c.o
 .text.LL_I2C_SetMode
                0x08006628       0x26 ./Drivers/STM32L4xx_HAL_Driver/Src/stm32l4xx_ll_i2c.o
 .text.LL_I2C_AcknowledgeNextData
                0x0800664e       0x26 ./Drivers/STM32L4xx_HAL_Driver/Src/stm32l4xx_ll_i2c.o
 .text.LL_I2C_Init
                0x08006674       0x78 ./Drivers/STM32L4xx_HAL_Driver/Src/stm32l4xx_ll_i2c.o
                0x08006674                LL_I2C_Init
 .text.LL_RCC_HSI_IsReady
                0x080066ec       0x28 ./Drivers/STM32L4xx_HAL_Driver/Src/stm32l4xx_ll_rcc.o
 .text.LL_RCC_LSE_IsReady
                0x08006714       0x28 ./Drivers/STM32L4xx_HAL_Driver/Src/stm32l4xx_ll_rcc.o
 .text.LL_RCC_MSI_IsEnabledRangeSelect
                0x0800673c       0x24 ./Drivers/STM32L4xx_HAL_Driver/Src/stm32l4xx_ll_rcc.o
 .text.LL_RCC_MSI_GetRange
                0x08006760       0x1c ./Drivers/STM32L4xx_HAL_Driver/Src/stm32l4xx_ll_rcc.o
 .text.LL_RCC_MSI_GetRangeAfterStandby
                0x0800677c       0x1c ./Drivers/STM32L4xx_HAL_Driver/Src/stm32l4xx_ll_rcc.o
 .text.LL_RCC_GetSysClkSource
                0x08006798       0x1c ./Drivers/STM32L4xx_HAL_Driver/Src/stm32l4xx_ll_rcc.o
 .text.LL_RCC_GetAHBPrescaler
                0x080067b4       0x1c ./Drivers/STM32L4xx_HAL_Driver/Src/stm32l4xx_ll_rcc.o
 .text.LL_RCC_GetAPB1Prescaler
                0x080067d0       0x1c ./Drivers/STM32L4xx_HAL_Driver/Src/stm32l4xx_ll_rcc.o
 .text.LL_RCC_GetAPB2Prescaler
                0x080067ec       0x1c ./Drivers/STM32L4xx_HAL_Driver/Src/stm32l4xx_ll_rcc.o
 .text.LL_RCC_GetUSARTClockSource
                0x08006808       0x28 ./Drivers/STM32L4xx_HAL_Driver/Src/stm32l4xx_ll_rcc.o
 .text.LL_RCC_PLL_GetMainSource
                0x08006830       0x1c ./Drivers/STM32L4xx_HAL_Driver/Src/stm32l4xx_ll_rcc.o
 .text.LL_RCC_PLL_GetN
                0x0800684c       0x1c ./Drivers/STM32L4xx_HAL_Driver/Src/stm32l4xx_ll_rcc.o
 .text.LL_RCC_PLL_GetR
                0x08006868       0x1c ./Drivers/STM32L4xx_HAL_Driver/Src/stm32l4xx_ll_rcc.o
 .text.LL_RCC_PLL_GetDivider
                0x08006884       0x1c ./Drivers/STM32L4xx_HAL_Driver/Src/stm32l4xx_ll_rcc.o
 .text.LL_RCC_GetUSARTClockFreq
                0x080068a0      0x1c4 ./Drivers/STM32L4xx_HAL_Driver/Src/stm32l4xx_ll_rcc.o
                0x080068a0                LL_RCC_GetUSARTClockFreq
 .text.RCC_GetSystemClockFreq
                0x08006a64      0x120 ./Drivers/STM32L4xx_HAL_Driver/Src/stm32l4xx_ll_rcc.o
 .text.RCC_GetHCLKClockFreq
                0x08006b84       0x2c ./Drivers/STM32L4xx_HAL_Driver/Src/stm32l4xx_ll_rcc.o
 .text.RCC_GetPCLK1ClockFreq
                0x08006bb0       0x28 ./Drivers/STM32L4xx_HAL_Driver/Src/stm32l4xx_ll_rcc.o
 .text.RCC_GetPCLK2ClockFreq
                0x08006bd8       0x28 ./Drivers/STM32L4xx_HAL_Driver/Src/stm32l4xx_ll_rcc.o
 .text.RCC_PLL_GetFreqDomain_SYS
                0x08006c00      0x118 ./Drivers/STM32L4xx_HAL_Driver/Src/stm32l4xx_ll_rcc.o
 .text.LL_USART_IsEnabled
                0x08006d18       0x26 ./Drivers/STM32L4xx_HAL_Driver/Src/stm32l4xx_ll_usart.o
 .text.LL_USART_SetStopBitsLength
                0x08006d3e       0x26 ./Drivers/STM32L4xx_HAL_Driver/Src/stm32l4xx_ll_usart.o
 .text.LL_USART_SetHWFlowCtrl
                0x08006d64       0x26 ./Drivers/STM32L4xx_HAL_Driver/Src/stm32l4xx_ll_usart.o
 .text.LL_USART_SetBaudRate
                0x08006d8a       0x6e ./Drivers/STM32L4xx_HAL_Driver/Src/stm32l4xx_ll_usart.o
 .text.LL_USART_Init
                0x08006df8       0xcc ./Drivers/STM32L4xx_HAL_Driver/Src/stm32l4xx_ll_usart.o
                0x08006df8                LL_USART_Init
 .text.LL_SetSystemCoreClock
                0x08006ec4       0x20 ./Drivers/STM32L4xx_HAL_Driver/Src/stm32l4xx_ll_utils.o
                0x08006ec4                LL_SetSystemCoreClock
 .text.__NVIC_SetPriority
                0x08006ee4       0x54 ./Middlewares/Third_Party/FreeRTOS/Source/CMSIS_RTOS_V2/cmsis_os2.o
 .text.SVC_Setup
                0x08006f38       0x12 ./Middlewares/Third_Party/FreeRTOS/Source/CMSIS_RTOS_V2/cmsis_os2.o
 *fill*         0x08006f4a        0x2 
 .text.osKernelInitialize
                0x08006f4c       0x48 ./Middlewares/Third_Party/FreeRTOS/Source/CMSIS_RTOS_V2/cmsis_os2.o
                0x08006f4c                osKernelInitialize
 .text.osKernelStart
                0x08006f94       0x4c ./Middlewares/Third_Party/FreeRTOS/Source/CMSIS_RTOS_V2/cmsis_os2.o
                0x08006f94                osKernelStart
 .text.osThreadNew
                0x08006fe0      0x124 ./Middlewares/Third_Party/FreeRTOS/Source/CMSIS_RTOS_V2/cmsis_os2.o
                0x08006fe0                osThreadNew
 .text.osDelay  0x08007104       0x36 ./Middlewares/Third_Party/FreeRTOS/Source/CMSIS_RTOS_V2/cmsis_os2.o
                0x08007104                osDelay
 *fill*         0x0800713a        0x2 
 .text.vApplicationGetIdleTaskMemory
                0x0800713c       0x34 ./Middlewares/Third_Party/FreeRTOS/Source/CMSIS_RTOS_V2/cmsis_os2.o
                0x0800713c                vApplicationGetIdleTaskMemory
 .text.vApplicationGetTimerTaskMemory
                0x08007170       0x34 ./Middlewares/Third_Party/FreeRTOS/Source/CMSIS_RTOS_V2/cmsis_os2.o
                0x08007170                vApplicationGetTimerTaskMemory
 .text.vListInitialise
                0x080071a4       0x40 ./Middlewares/Third_Party/FreeRTOS/Source/list.o
                0x080071a4                vListInitialise
 .text.vListInitialiseItem
                0x080071e4       0x1a ./Middlewares/Third_Party/FreeRTOS/Source/list.o
                0x080071e4                vListInitialiseItem
 .text.vListInsertEnd
                0x080071fe       0x48 ./Middlewares/Third_Party/FreeRTOS/Source/list.o
                0x080071fe                vListInsertEnd
 .text.vListInsert
                0x08007246       0x72 ./Middlewares/Third_Party/FreeRTOS/Source/list.o
                0x08007246                vListInsert
 .text.uxListRemove
                0x080072b8       0x54 ./Middlewares/Third_Party/FreeRTOS/Source/list.o
                0x080072b8                uxListRemove
 .text.xQueueGenericReset
                0x0800730c       0xd4 ./Middlewares/Third_Party/FreeRTOS/Source/queue.o
                0x0800730c                xQueueGenericReset
 .text.xQueueGenericCreateStatic
                0x080073e0       0xfa ./Middlewares/Third_Party/FreeRTOS/Source/queue.o
                0x080073e0                xQueueGenericCreateStatic
 .text.prvInitialiseNewQueue
                0x080074da       0x46 ./Middlewares/Third_Party/FreeRTOS/Source/queue.o
 .text.xQueueGenericSend
                0x08007520      0x204 ./Middlewares/Third_Party/FreeRTOS/Source/queue.o
                0x08007520                xQueueGenericSend
 .text.xQueueGenericSendFromISR
                0x08007724      0x13c ./Middlewares/Third_Party/FreeRTOS/Source/queue.o
                0x08007724                xQueueGenericSendFromISR
 .text.xQueueReceive
                0x08007860      0x1c4 ./Middlewares/Third_Party/FreeRTOS/Source/queue.o
                0x08007860                xQueueReceive
 .text.prvCopyDataToQueue
                0x08007a24       0xd4 ./Middlewares/Third_Party/FreeRTOS/Source/queue.o
 .text.prvCopyDataFromQueue
                0x08007af8       0x4c ./Middlewares/Third_Party/FreeRTOS/Source/queue.o
 .text.prvUnlockQueue
                0x08007b44       0xa4 ./Middlewares/Third_Party/FreeRTOS/Source/queue.o
 .text.prvIsQueueEmpty
                0x08007be8       0x2c ./Middlewares/Third_Party/FreeRTOS/Source/queue.o
 .text.prvIsQueueFull
                0x08007c14       0x30 ./Middlewares/Third_Party/FreeRTOS/Source/queue.o
 .text.vQueueAddToRegistry
                0x08007c44       0x54 ./Middlewares/Third_Party/FreeRTOS/Source/queue.o
                0x08007c44                vQueueAddToRegistry
 .text.vQueueWaitForMessageRestricted
                0x08007c98       0x68 ./Middlewares/Third_Party/FreeRTOS/Source/queue.o
                0x08007c98                vQueueWaitForMessageRestricted
 .text.xTaskCreateStatic
                0x08007d00       0xc0 ./Middlewares/Third_Party/FreeRTOS/Source/tasks.o
                0x08007d00                xTaskCreateStatic
 .text.xTaskCreate
                0x08007dc0       0x8a ./Middlewares/Third_Party/FreeRTOS/Source/tasks.o
                0x08007dc0                xTaskCreate
 .text.prvInitialiseNewTask
                0x08007e4a      0x120 ./Middlewares/Third_Party/FreeRTOS/Source/tasks.o
 *fill*         0x08007f6a        0x2 
 .text.prvAddNewTaskToReadyList
                0x08007f6c       0xe0 ./Middlewares/Third_Party/FreeRTOS/Source/tasks.o
 .text.vTaskDelay
                0x0800804c       0x6c ./Middlewares/Third_Party/FreeRTOS/Source/tasks.o
                0x0800804c                vTaskDelay
 .text.vTaskStartScheduler
                0x080080b8       0xd0 ./Middlewares/Third_Party/FreeRTOS/Source/tasks.o
                0x080080b8                vTaskStartScheduler
 .text.vTaskSuspendAll
                0x08008188       0x1c ./Middlewares/Third_Party/FreeRTOS/Source/tasks.o
                0x08008188                vTaskSuspendAll
 .text.xTaskResumeAll
                0x080081a4      0x13c ./Middlewares/Third_Party/FreeRTOS/Source/tasks.o
                0x080081a4                xTaskResumeAll
 .text.xTaskGetTickCount
                0x080082e0       0x20 ./Middlewares/Third_Party/FreeRTOS/Source/tasks.o
                0x080082e0                xTaskGetTickCount
 .text.xTaskIncrementTick
                0x08008300      0x174 ./Middlewares/Third_Party/FreeRTOS/Source/tasks.o
                0x08008300                xTaskIncrementTick
 .text.vTaskSwitchContext
                0x08008474       0xbc ./Middlewares/Third_Party/FreeRTOS/Source/tasks.o
                0x08008474                vTaskSwitchContext
 .text.vTaskPlaceOnEventList
                0x08008530       0x4c ./Middlewares/Third_Party/FreeRTOS/Source/tasks.o
                0x08008530                vTaskPlaceOnEventList
 .text.vTaskPlaceOnEventListRestricted
                0x0800857c       0x58 ./Middlewares/Third_Party/FreeRTOS/Source/tasks.o
                0x0800857c                vTaskPlaceOnEventListRestricted
 .text.xTaskRemoveFromEventList
                0x080085d4       0xc8 ./Middlewares/Third_Party/FreeRTOS/Source/tasks.o
                0x080085d4                xTaskRemoveFromEventList
 .text.vTaskInternalSetTimeOutState
                0x0800869c       0x2c ./Middlewares/Third_Party/FreeRTOS/Source/tasks.o
                0x0800869c                vTaskInternalSetTimeOutState
 .text.xTaskCheckForTimeOut
                0x080086c8       0xc8 ./Middlewares/Third_Party/FreeRTOS/Source/tasks.o
                0x080086c8                xTaskCheckForTimeOut
 .text.vTaskMissedYield
                0x08008790       0x18 ./Middlewares/Third_Party/FreeRTOS/Source/tasks.o
                0x08008790                vTaskMissedYield
 .text.prvIdleTask
                0x080087a8       0x30 ./Middlewares/Third_Party/FreeRTOS/Source/tasks.o
 .text.prvInitialiseTaskLists
                0x080087d8       0x80 ./Middlewares/Third_Party/FreeRTOS/Source/tasks.o
 .text.prvCheckTasksWaitingTermination
                0x08008858       0x5c ./Middlewares/Third_Party/FreeRTOS/Source/tasks.o
 .text.prvDeleteTCB
                0x080088b4       0x60 ./Middlewares/Third_Party/FreeRTOS/Source/tasks.o
 .text.prvResetNextTaskUnblockTime
                0x08008914       0x40 ./Middlewares/Third_Party/FreeRTOS/Source/tasks.o
 .text.xTaskGetSchedulerState
                0x08008954       0x3c ./Middlewares/Third_Party/FreeRTOS/Source/tasks.o
                0x08008954                xTaskGetSchedulerState
 .text.xTaskPriorityDisinherit
                0x08008990       0xe0 ./Middlewares/Third_Party/FreeRTOS/Source/tasks.o
                0x08008990                xTaskPriorityDisinherit
 .text.prvAddCurrentTaskToDelayedList
                0x08008a70       0xa8 ./Middlewares/Third_Party/FreeRTOS/Source/tasks.o
 .text.xTimerCreateTimerTask
                0x08008b18       0x94 ./Middlewares/Third_Party/FreeRTOS/Source/timers.o
                0x08008b18                xTimerCreateTimerTask
 .text.xTimerGenericCommand
                0x08008bac       0x9c ./Middlewares/Third_Party/FreeRTOS/Source/timers.o
                0x08008bac                xTimerGenericCommand
 .text.prvProcessExpiredTimer
                0x08008c48       0x9c ./Middlewares/Third_Party/FreeRTOS/Source/timers.o
 .text.prvTimerTask
                0x08008ce4       0x26 ./Middlewares/Third_Party/FreeRTOS/Source/timers.o
 *fill*         0x08008d0a        0x2 
 .text.prvProcessTimerOrBlockTask
                0x08008d0c       0x9c ./Middlewares/Third_Party/FreeRTOS/Source/timers.o
 .text.prvGetNextExpireTime
                0x08008da8       0x48 ./Middlewares/Third_Party/FreeRTOS/Source/timers.o
 .text.prvSampleTimeNow
                0x08008df0       0x40 ./Middlewares/Third_Party/FreeRTOS/Source/timers.o
 .text.prvInsertTimerInActiveList
                0x08008e30       0x84 ./Middlewares/Third_Party/FreeRTOS/Source/timers.o
 .text.prvProcessReceivedCommands
                0x08008eb4      0x1cc ./Middlewares/Third_Party/FreeRTOS/Source/timers.o
 .text.prvSwitchTimerLists
                0x08009080       0xcc ./Middlewares/Third_Party/FreeRTOS/Source/timers.o
 .text.prvCheckForValidListAndQueue
                0x0800914c       0x80 ./Middlewares/Third_Party/FreeRTOS/Source/timers.o
 .text.pxPortInitialiseStack
                0x080091cc       0x68 ./Middlewares/Third_Party/FreeRTOS/Source/portable/GCC/ARM_CM4F/port.o
                0x080091cc                pxPortInitialiseStack
 .text.prvTaskExitError
                0x08009234       0x5c ./Middlewares/Third_Party/FreeRTOS/Source/portable/GCC/ARM_CM4F/port.o
 .text.SVC_Handler
                0x08009290       0x28 ./Middlewares/Third_Party/FreeRTOS/Source/portable/GCC/ARM_CM4F/port.o
                0x08009290                SVC_Handler
 .text.prvPortStartFirstTask
                0x080092b8       0x28 ./Middlewares/Third_Party/FreeRTOS/Source/portable/GCC/ARM_CM4F/port.o
 .text.xPortStartScheduler
                0x080092e0      0x148 ./Middlewares/Third_Party/FreeRTOS/Source/portable/GCC/ARM_CM4F/port.o
                0x080092e0                xPortStartScheduler
 .text.vPortEnterCritical
                0x08009428       0x64 ./Middlewares/Third_Party/FreeRTOS/Source/portable/GCC/ARM_CM4F/port.o
                0x08009428                vPortEnterCritical
 .text.vPortExitCritical
                0x0800948c       0x54 ./Middlewares/Third_Party/FreeRTOS/Source/portable/GCC/ARM_CM4F/port.o
                0x0800948c                vPortExitCritical
 .text.PendSV_Handler
                0x080094e0       0x68 ./Middlewares/Third_Party/FreeRTOS/Source/portable/GCC/ARM_CM4F/port.o
                0x080094e0                PendSV_Handler
 .text.xPortSysTickHandler
                0x08009548       0x44 ./Middlewares/Third_Party/FreeRTOS/Source/portable/GCC/ARM_CM4F/port.o
                0x08009548                xPortSysTickHandler
 .text.vPortSetupTimerInterrupt
                0x0800958c       0x48 ./Middlewares/Third_Party/FreeRTOS/Source/portable/GCC/ARM_CM4F/port.o
                0x0800958c                vPortSetupTimerInterrupt
 .text.vPortEnableVFP
                0x080095d4       0x14 ./Middlewares/Third_Party/FreeRTOS/Source/portable/GCC/ARM_CM4F/port.o
 .text.vPortValidateInterruptPriority
                0x080095e8       0x84 ./Middlewares/Third_Party/FreeRTOS/Source/portable/GCC/ARM_CM4F/port.o
                0x080095e8                vPortValidateInterruptPriority
 .text.pvPortMalloc
                0x0800966c      0x19c ./Middlewares/Third_Party/FreeRTOS/Source/portable/MemMang/heap_4.o
                0x0800966c                pvPortMalloc
 .text.vPortFree
                0x08009808       0xc8 ./Middlewares/Third_Party/FreeRTOS/Source/portable/MemMang/heap_4.o
                0x08009808                vPortFree
 .text.prvHeapInit
                0x080098d0       0xc4 ./Middlewares/Third_Party/FreeRTOS/Source/portable/MemMang/heap_4.o
 .text.prvInsertBlockIntoFreeList
                0x08009994       0xb4 ./Middlewares/Third_Party/FreeRTOS/Source/portable/MemMang/heap_4.o
 .text.memset   0x08009a48       0x10 E:/ST/STM32CubeIDE_1.14.1/STM32CubeIDE/plugins/com.st.stm32cube.ide.mcu.externaltools.gnu-tools-for-stm32.12.3.rel1.win32_1.0.100.202403111256/tools/bin/../lib/gcc/arm-none-eabi/12.3.1/../../../../arm-none-eabi/lib/thumb/v7e-m+fp/hard\libc_nano.a(libc_a-memset.o)
                0x08009a48                memset
 .text.__libc_init_array
                0x08009a58       0x48 E:/ST/STM32CubeIDE_1.14.1/STM32CubeIDE/plugins/com.st.stm32cube.ide.mcu.externaltools.gnu-tools-for-stm32.12.3.rel1.win32_1.0.100.202403111256/tools/bin/../lib/gcc/arm-none-eabi/12.3.1/../../../../arm-none-eabi/lib/thumb/v7e-m+fp/hard\libc_nano.a(libc_a-init.o)
                0x08009a58                __libc_init_array
 .text.memcpy   0x08009aa0       0x1c E:/ST/STM32CubeIDE_1.14.1/STM32CubeIDE/plugins/com.st.stm32cube.ide.mcu.externaltools.gnu-tools-for-stm32.12.3.rel1.win32_1.0.100.202403111256/tools/bin/../lib/gcc/arm-none-eabi/12.3.1/../../../../arm-none-eabi/lib/thumb/v7e-m+fp/hard\libc_nano.a(libc_a-memcpy-stub.o)
                0x08009aa0                memcpy
 *(.glue_7)
 .glue_7        0x08009abc        0x0 linker stubs
 *(.glue_7t)
 .glue_7t       0x08009abc        0x0 linker stubs
 *(.eh_frame)
 .eh_frame      0x08009abc        0x0 E:/ST/STM32CubeIDE_1.14.1/STM32CubeIDE/plugins/com.st.stm32cube.ide.mcu.externaltools.gnu-tools-for-stm32.12.3.rel1.win32_1.0.100.202403111256/tools/bin/../lib/gcc/arm-none-eabi/12.3.1/thumb/v7e-m+fp/hard/crtbegin.o
 *(.init)
 .init          0x08009abc        0x4 E:/ST/STM32CubeIDE_1.14.1/STM32CubeIDE/plugins/com.st.stm32cube.ide.mcu.externaltools.gnu-tools-for-stm32.12.3.rel1.win32_1.0.100.202403111256/tools/bin/../lib/gcc/arm-none-eabi/12.3.1/thumb/v7e-m+fp/hard/crti.o
                0x08009abc                _init
 .init          0x08009ac0        0x8 E:/ST/STM32CubeIDE_1.14.1/STM32CubeIDE/plugins/com.st.stm32cube.ide.mcu.externaltools.gnu-tools-for-stm32.12.3.rel1.win32_1.0.100.202403111256/tools/bin/../lib/gcc/arm-none-eabi/12.3.1/thumb/v7e-m+fp/hard/crtn.o
 *(.fini)
 .fini          0x08009ac8        0x4 E:/ST/STM32CubeIDE_1.14.1/STM32CubeIDE/plugins/com.st.stm32cube.ide.mcu.externaltools.gnu-tools-for-stm32.12.3.rel1.win32_1.0.100.202403111256/tools/bin/../lib/gcc/arm-none-eabi/12.3.1/thumb/v7e-m+fp/hard/crti.o
                0x08009ac8                _fini
 .fini          0x08009acc        0x8 E:/ST/STM32CubeIDE_1.14.1/STM32CubeIDE/plugins/com.st.stm32cube.ide.mcu.externaltools.gnu-tools-for-stm32.12.3.rel1.win32_1.0.100.202403111256/tools/bin/../lib/gcc/arm-none-eabi/12.3.1/thumb/v7e-m+fp/hard/crtn.o
                0x08009ad4                        . = ALIGN (0x4)
                0x08009ad4                        _etext = .

.vfp11_veneer   0x08009ad4        0x0
 .vfp11_veneer  0x08009ad4        0x0 linker stubs

.v4_bx          0x08009ad4        0x0
 .v4_bx         0x08009ad4        0x0 linker stubs

.iplt           0x08009ad4        0x0
 .iplt          0x08009ad4        0x0 E:/ST/STM32CubeIDE_1.14.1/STM32CubeIDE/plugins/com.st.stm32cube.ide.mcu.externaltools.gnu-tools-for-stm32.12.3.rel1.win32_1.0.100.202403111256/tools/bin/../lib/gcc/arm-none-eabi/12.3.1/thumb/v7e-m+fp/hard/crtbegin.o

.rodata         0x08009ad4    0x15820
                0x08009ad4                        . = ALIGN (0x4)
 *(.rodata)
 .rodata        0x08009ad4       0x1a ./Core/Src/freertos.o
 *fill*         0x08009aee        0x2 
 .rodata        0x08009af0       0x6c ./Drivers/BSP/Components/VL53L5CX_ULD_API/src/vl53l5cx_api.o
 .rodata        0x08009b5c        0x5 ./Middlewares/Third_Party/FreeRTOS/Source/tasks.o
 *fill*         0x08009b61        0x3 
 .rodata        0x08009b64        0xd ./Middlewares/Third_Party/FreeRTOS/Source/timers.o
 *(.rodata*)
 *fill*         0x08009b71        0x3 
 .rodata.defaultTask_attributes
                0x08009b74       0x24 ./Core/Src/freertos.o
                0x08009b74                defaultTask_attributes
 .rodata.CHANNEL_OFFSET_TAB
                0x08009b98        0x7 ./Core/Src/i2c.o
 *fill*         0x08009b9f        0x1 
 .rodata.AHBPrescTable
                0x08009ba0       0x10 ./Core/Src/system_stm32l4xx.o
                0x08009ba0                AHBPrescTable
 .rodata.APBPrescTable
                0x08009bb0        0x8 ./Core/Src/system_stm32l4xx.o
                0x08009bb0                APBPrescTable
 .rodata.MSIRangeTable
                0x08009bb8       0x30 ./Core/Src/system_stm32l4xx.o
                0x08009bb8                MSIRangeTable
 .rodata.CHANNEL_OFFSET_TAB
                0x08009be8        0x7 ./Core/Src/usart.o
 *fill*         0x08009bef        0x1 
 .rodata.CHANNEL_OFFSET_TAB
                0x08009bf0        0x7 ./Drivers/Athena_deck_HAL/src/i2c_drv.o
 *fill*         0x08009bf7        0x1 
 .rodata.VL53L5CX_FIRMWARE
                0x08009bf8    0x15000 ./Drivers/BSP/Components/VL53L5CX_ULD_API/src/vl53l5cx_api.o
                0x08009bf8                VL53L5CX_FIRMWARE
 .rodata.VL53L5CX_DEFAULT_CONFIGURATION
                0x0801ebf8      0x3cc ./Drivers/BSP/Components/VL53L5CX_ULD_API/src/vl53l5cx_api.o
                0x0801ebf8                VL53L5CX_DEFAULT_CONFIGURATION
 .rodata.VL53L5CX_DEFAULT_XTALK
                0x0801efc4      0x308 ./Drivers/BSP/Components/VL53L5CX_ULD_API/src/vl53l5cx_api.o
                0x0801efc4                VL53L5CX_DEFAULT_XTALK
 .rodata.VL53L5CX_GET_NVM_CMD
                0x0801f2cc       0x28 ./Drivers/BSP/Components/VL53L5CX_ULD_API/src/vl53l5cx_api.o
                0x0801f2cc                VL53L5CX_GET_NVM_CMD
                0x0801f2f4                        . = ALIGN (0x4)

.ARM.extab      0x0801f2f4        0x0
                0x0801f2f4                        . = ALIGN (0x4)
 *(.ARM.extab* .gnu.linkonce.armextab.*)
                0x0801f2f4                        . = ALIGN (0x4)

.ARM            0x0801f2f4        0x0
                0x0801f2f4                        . = ALIGN (0x4)
                0x0801f2f4                        __exidx_start = .
 *(.ARM.exidx*)
                0x0801f2f4                        __exidx_end = .
                0x0801f2f4                        . = ALIGN (0x4)

.preinit_array  0x0801f2f4        0x0
                0x0801f2f4                        . = ALIGN (0x4)
                0x0801f2f4                        PROVIDE (__preinit_array_start = .)
 *(.preinit_array*)
                0x0801f2f4                        PROVIDE (__preinit_array_end = .)
                0x0801f2f4                        . = ALIGN (0x4)

.init_array     0x0801f2f4        0x4
                0x0801f2f4                        . = ALIGN (0x4)
                0x0801f2f4                        PROVIDE (__init_array_start = .)
 *(SORT_BY_NAME(.init_array.*))
 *(.init_array*)
 .init_array    0x0801f2f4        0x4 E:/ST/STM32CubeIDE_1.14.1/STM32CubeIDE/plugins/com.st.stm32cube.ide.mcu.externaltools.gnu-tools-for-stm32.12.3.rel1.win32_1.0.100.202403111256/tools/bin/../lib/gcc/arm-none-eabi/12.3.1/thumb/v7e-m+fp/hard/crtbegin.o
                0x0801f2f8                        PROVIDE (__init_array_end = .)
                0x0801f2f8                        . = ALIGN (0x4)

.fini_array     0x0801f2f8        0x4
                0x0801f2f8                        . = ALIGN (0x4)
                [!provide]                        PROVIDE (__fini_array_start = .)
 *(SORT_BY_NAME(.fini_array.*))
 *(.fini_array*)
 .fini_array    0x0801f2f8        0x4 E:/ST/STM32CubeIDE_1.14.1/STM32CubeIDE/plugins/com.st.stm32cube.ide.mcu.externaltools.gnu-tools-for-stm32.12.3.rel1.win32_1.0.100.202403111256/tools/bin/../lib/gcc/arm-none-eabi/12.3.1/thumb/v7e-m+fp/hard/crtbegin.o
                [!provide]                        PROVIDE (__fini_array_end = .)
                0x0801f2fc                        . = ALIGN (0x4)
                0x0801f2fc                        _sidata = LOADADDR (.data)

.rel.dyn        0x0801f2fc        0x0
 .rel.iplt      0x0801f2fc        0x0 E:/ST/STM32CubeIDE_1.14.1/STM32CubeIDE/plugins/com.st.stm32cube.ide.mcu.externaltools.gnu-tools-for-stm32.12.3.rel1.win32_1.0.100.202403111256/tools/bin/../lib/gcc/arm-none-eabi/12.3.1/thumb/v7e-m+fp/hard/crtbegin.o

.data           0x20000000       0x10 load address 0x0801f2fc
                0x20000000                        . = ALIGN (0x4)
                0x20000000                        _sdata = .
 *(.data)
 *(.data*)
 .data.SystemCoreClock
                0x20000000        0x4 ./Core/Src/system_stm32l4xx.o
                0x20000000                SystemCoreClock
 .data.uwTickPrio
                0x20000004        0x4 ./Drivers/STM32L4xx_HAL_Driver/Src/stm32l4xx_hal.o
                0x20000004                uwTickPrio
 .data.uwTickFreq
                0x20000008        0x1 ./Drivers/STM32L4xx_HAL_Driver/Src/stm32l4xx_hal.o
                0x20000008                uwTickFreq
 *fill*         0x20000009        0x3 
 .data.uxCriticalNesting
                0x2000000c        0x4 ./Middlewares/Third_Party/FreeRTOS/Source/portable/GCC/ARM_CM4F/port.o
 *(.RamFunc)
 *(.RamFunc*)
                0x20000010                        . = ALIGN (0x4)
                0x20000010                        _edata = .

.igot.plt       0x20000010        0x0 load address 0x0801f30c
 .igot.plt      0x20000010        0x0 E:/ST/STM32CubeIDE_1.14.1/STM32CubeIDE/plugins/com.st.stm32cube.ide.mcu.externaltools.gnu-tools-for-stm32.12.3.rel1.win32_1.0.100.202403111256/tools/bin/../lib/gcc/arm-none-eabi/12.3.1/thumb/v7e-m+fp/hard/crtbegin.o
                0x20000010                        . = ALIGN (0x4)

.bss            0x20000010     0x2a84 load address 0x0801f30c
                0x20000010                        _sbss = .
                0x20000010                        __bss_start__ = _sbss
 *(.bss)
 .bss           0x20000010       0x1c E:/ST/STM32CubeIDE_1.14.1/STM32CubeIDE/plugins/com.st.stm32cube.ide.mcu.externaltools.gnu-tools-for-stm32.12.3.rel1.win32_1.0.100.202403111256/tools/bin/../lib/gcc/arm-none-eabi/12.3.1/thumb/v7e-m+fp/hard/crtbegin.o
 *(.bss*)
 .bss.vl53l5dev_f
                0x2000002c      0xab0 ./Core/Src/freertos.o
 .bss.vl53l5_res_f
                0x20000adc      0x550 ./Core/Src/freertos.o
 .bss.defaultTaskHandle
                0x2000102c        0x4 ./Core/Src/freertos.o
                0x2000102c                defaultTaskHandle
 .bss.hspi1     0x20001030       0x64 ./Core/Src/spi.o
                0x20001030                hspi1
 .bss.hspi2     0x20001094       0x64 ./Core/Src/spi.o
                0x20001094                hspi2
 .bss.hdma_spi2_rx
                0x200010f8       0x48 ./Core/Src/spi.o
                0x200010f8                hdma_spi2_rx
 .bss.hdma_spi2_tx
                0x20001140       0x48 ./Core/Src/spi.o
                0x20001140                hdma_spi2_tx
 .bss.uwTick    0x20001188        0x4 ./Drivers/STM32L4xx_HAL_Driver/Src/stm32l4xx_hal.o
                0x20001188                uwTick
 .bss.KernelState
                0x2000118c        0x4 ./Middlewares/Third_Party/FreeRTOS/Source/CMSIS_RTOS_V2/cmsis_os2.o
 .bss.Idle_TCB.3
                0x20001190       0x5c ./Middlewares/Third_Party/FreeRTOS/Source/CMSIS_RTOS_V2/cmsis_os2.o
 .bss.Idle_Stack.2
                0x200011ec      0x200 ./Middlewares/Third_Party/FreeRTOS/Source/CMSIS_RTOS_V2/cmsis_os2.o
 .bss.Timer_TCB.1
                0x200013ec       0x5c ./Middlewares/Third_Party/FreeRTOS/Source/CMSIS_RTOS_V2/cmsis_os2.o
 .bss.Timer_Stack.0
                0x20001448      0x400 ./Middlewares/Third_Party/FreeRTOS/Source/CMSIS_RTOS_V2/cmsis_os2.o
 .bss.xQueueRegistry
                0x20001848       0x40 ./Middlewares/Third_Party/FreeRTOS/Source/queue.o
                0x20001848                xQueueRegistry
 .bss.pxCurrentTCB
                0x20001888        0x4 ./Middlewares/Third_Party/FreeRTOS/Source/tasks.o
                0x20001888                pxCurrentTCB
 .bss.pxReadyTasksLists
                0x2000188c      0x460 ./Middlewares/Third_Party/FreeRTOS/Source/tasks.o
 .bss.xDelayedTaskList1
                0x20001cec       0x14 ./Middlewares/Third_Party/FreeRTOS/Source/tasks.o
 .bss.xDelayedTaskList2
                0x20001d00       0x14 ./Middlewares/Third_Party/FreeRTOS/Source/tasks.o
 .bss.pxDelayedTaskList
                0x20001d14        0x4 ./Middlewares/Third_Party/FreeRTOS/Source/tasks.o
 .bss.pxOverflowDelayedTaskList
                0x20001d18        0x4 ./Middlewares/Third_Party/FreeRTOS/Source/tasks.o
 .bss.xPendingReadyList
                0x20001d1c       0x14 ./Middlewares/Third_Party/FreeRTOS/Source/tasks.o
 .bss.xTasksWaitingTermination
                0x20001d30       0x14 ./Middlewares/Third_Party/FreeRTOS/Source/tasks.o
 .bss.uxDeletedTasksWaitingCleanUp
                0x20001d44        0x4 ./Middlewares/Third_Party/FreeRTOS/Source/tasks.o
 .bss.xSuspendedTaskList
                0x20001d48       0x14 ./Middlewares/Third_Party/FreeRTOS/Source/tasks.o
 .bss.uxCurrentNumberOfTasks
                0x20001d5c        0x4 ./Middlewares/Third_Party/FreeRTOS/Source/tasks.o
 .bss.xTickCount
                0x20001d60        0x4 ./Middlewares/Third_Party/FreeRTOS/Source/tasks.o
 .bss.uxTopReadyPriority
                0x20001d64        0x4 ./Middlewares/Third_Party/FreeRTOS/Source/tasks.o
 .bss.xSchedulerRunning
                0x20001d68        0x4 ./Middlewares/Third_Party/FreeRTOS/Source/tasks.o
 .bss.xPendedTicks
                0x20001d6c        0x4 ./Middlewares/Third_Party/FreeRTOS/Source/tasks.o
 .bss.xYieldPending
                0x20001d70        0x4 ./Middlewares/Third_Party/FreeRTOS/Source/tasks.o
 .bss.xNumOfOverflows
                0x20001d74        0x4 ./Middlewares/Third_Party/FreeRTOS/Source/tasks.o
 .bss.uxTaskNumber
                0x20001d78        0x4 ./Middlewares/Third_Party/FreeRTOS/Source/tasks.o
 .bss.xNextTaskUnblockTime
                0x20001d7c        0x4 ./Middlewares/Third_Party/FreeRTOS/Source/tasks.o
 .bss.xIdleTaskHandle
                0x20001d80        0x4 ./Middlewares/Third_Party/FreeRTOS/Source/tasks.o
 .bss.uxSchedulerSuspended
                0x20001d84        0x4 ./Middlewares/Third_Party/FreeRTOS/Source/tasks.o
 .bss.xActiveTimerList1
                0x20001d88       0x14 ./Middlewares/Third_Party/FreeRTOS/Source/timers.o
 .bss.xActiveTimerList2
                0x20001d9c       0x14 ./Middlewares/Third_Party/FreeRTOS/Source/timers.o
 .bss.pxCurrentTimerList
                0x20001db0        0x4 ./Middlewares/Third_Party/FreeRTOS/Source/timers.o
 .bss.pxOverflowTimerList
                0x20001db4        0x4 ./Middlewares/Third_Party/FreeRTOS/Source/timers.o
 .bss.xTimerQueue
                0x20001db8        0x4 ./Middlewares/Third_Party/FreeRTOS/Source/timers.o
 .bss.xTimerTaskHandle
                0x20001dbc        0x4 ./Middlewares/Third_Party/FreeRTOS/Source/timers.o
 .bss.xLastTime.2
                0x20001dc0        0x4 ./Middlewares/Third_Party/FreeRTOS/Source/timers.o
 .bss.ucStaticTimerQueueStorage.1
                0x20001dc4       0xa0 ./Middlewares/Third_Party/FreeRTOS/Source/timers.o
 .bss.xStaticTimerQueue.0
                0x20001e64       0x50 ./Middlewares/Third_Party/FreeRTOS/Source/timers.o
 .bss.ucMaxSysCallPriority
                0x20001eb4        0x1 ./Middlewares/Third_Party/FreeRTOS/Source/portable/GCC/ARM_CM4F/port.o
 *fill*         0x20001eb5        0x3 
 .bss.ulMaxPRIGROUPValue
                0x20001eb8        0x4 ./Middlewares/Third_Party/FreeRTOS/Source/portable/GCC/ARM_CM4F/port.o
 .bss.ucHeap    0x20001ebc      0xbb8 ./Middlewares/Third_Party/FreeRTOS/Source/portable/MemMang/heap_4.o
 .bss.xStart    0x20002a74        0x8 ./Middlewares/Third_Party/FreeRTOS/Source/portable/MemMang/heap_4.o
 .bss.pxEnd     0x20002a7c        0x4 ./Middlewares/Third_Party/FreeRTOS/Source/portable/MemMang/heap_4.o
 .bss.xFreeBytesRemaining
                0x20002a80        0x4 ./Middlewares/Third_Party/FreeRTOS/Source/portable/MemMang/heap_4.o
 .bss.xMinimumEverFreeBytesRemaining
                0x20002a84        0x4 ./Middlewares/Third_Party/FreeRTOS/Source/portable/MemMang/heap_4.o
 .bss.xNumberOfSuccessfulAllocations
                0x20002a88        0x4 ./Middlewares/Third_Party/FreeRTOS/Source/portable/MemMang/heap_4.o
 .bss.xNumberOfSuccessfulFrees
                0x20002a8c        0x4 ./Middlewares/Third_Party/FreeRTOS/Source/portable/MemMang/heap_4.o
 .bss.xBlockAllocatedBit
                0x20002a90        0x4 ./Middlewares/Third_Party/FreeRTOS/Source/portable/MemMang/heap_4.o
 *(COMMON)
                0x20002a94                        . = ALIGN (0x4)
                0x20002a94                        _ebss = .
                0x20002a94                        __bss_end__ = _ebss

._user_heap_stack
                0x20002a94      0x604 load address 0x0801f30c
                0x20002a98                        . = ALIGN (0x8)
 *fill*         0x20002a94        0x4 
                [!provide]                        PROVIDE (end = .)
                0x20002a98                        PROVIDE (_end = .)
                0x20002c98                        . = (. + _Min_Heap_Size)
 *fill*         0x20002a98      0x200 
                0x20003098                        . = (. + _Min_Stack_Size)
 *fill*         0x20002c98      0x400 
                0x20003098                        . = ALIGN (0x8)

/DISCARD/
 libc.a(*)
 libm.a(*)
 libgcc.a(*)

.ARM.attributes
                0x00000000       0x30
 *(.ARM.attributes)
 .ARM.attributes
                0x00000000       0x22 E:/ST/STM32CubeIDE_1.14.1/STM32CubeIDE/plugins/com.st.stm32cube.ide.mcu.externaltools.gnu-tools-for-stm32.12.3.rel1.win32_1.0.100.202403111256/tools/bin/../lib/gcc/arm-none-eabi/12.3.1/thumb/v7e-m+fp/hard/crti.o
 .ARM.attributes
                0x00000022       0x34 E:/ST/STM32CubeIDE_1.14.1/STM32CubeIDE/plugins/com.st.stm32cube.ide.mcu.externaltools.gnu-tools-for-stm32.12.3.rel1.win32_1.0.100.202403111256/tools/bin/../lib/gcc/arm-none-eabi/12.3.1/thumb/v7e-m+fp/hard/crtbegin.o
 .ARM.attributes
                0x00000056       0x34 ./Core/Src/dma.o
 .ARM.attributes
                0x0000008a       0x34 ./Core/Src/freertos.o
 .ARM.attributes
                0x000000be       0x34 ./Core/Src/gpio.o
 .ARM.attributes
                0x000000f2       0x34 ./Core/Src/i2c.o
 .ARM.attributes
                0x00000126       0x34 ./Core/Src/main.o
 .ARM.attributes
                0x0000015a       0x34 ./Core/Src/spi.o
 .ARM.attributes
                0x0000018e       0x34 ./Core/Src/stm32l4xx_hal_msp.o
 .ARM.attributes
                0x000001c2       0x34 ./Core/Src/stm32l4xx_it.o
 .ARM.attributes
                0x000001f6       0x34 ./Core/Src/system_stm32l4xx.o
 .ARM.attributes
                0x0000022a       0x34 ./Core/Src/test_tof.o
 .ARM.attributes
                0x0000025e       0x34 ./Core/Src/usart.o
 .ARM.attributes
                0x00000292       0x21 ./Core/Startup/startup_stm32l431cctx.o
 .ARM.attributes
                0x000002b3       0x34 ./Drivers/Athena_deck_HAL/src/i2c_drv.o
 .ARM.attributes
                0x000002e7       0x34 ./Drivers/BSP/Components/TCA6408A/src/tca6408a.o
 .ARM.attributes
                0x0000031b       0x34 ./Drivers/BSP/Components/VL53L5CX_ULD_API/src/platform.o
 .ARM.attributes
                0x0000034f       0x34 ./Drivers/BSP/Components/VL53L5CX_ULD_API/src/vl53l5cx_api.o
 .ARM.attributes
                0x00000383       0x34 ./Drivers/BSP/Components/W25Q64/src/w25q64.o
 .ARM.attributes
                0x000003b7       0x34 ./Drivers/STM32L4xx_HAL_Driver/Src/stm32l4xx_hal.o
 .ARM.attributes
                0x000003eb       0x34 ./Drivers/STM32L4xx_HAL_Driver/Src/stm32l4xx_hal_cortex.o
 .ARM.attributes
                0x0000041f       0x34 ./Drivers/STM32L4xx_HAL_Driver/Src/stm32l4xx_hal_dma.o
 .ARM.attributes
                0x00000453       0x34 ./Drivers/STM32L4xx_HAL_Driver/Src/stm32l4xx_hal_gpio.o
 .ARM.attributes
                0x00000487       0x34 ./Drivers/STM32L4xx_HAL_Driver/Src/stm32l4xx_hal_spi.o
 .ARM.attributes
                0x000004bb       0x34 ./Drivers/STM32L4xx_HAL_Driver/Src/stm32l4xx_ll_gpio.o
 .ARM.attributes
                0x000004ef       0x34 ./Drivers/STM32L4xx_HAL_Driver/Src/stm32l4xx_ll_i2c.o
 .ARM.attributes
                0x00000523       0x34 ./Drivers/STM32L4xx_HAL_Driver/Src/stm32l4xx_ll_rcc.o
 .ARM.attributes
                0x00000557       0x34 ./Drivers/STM32L4xx_HAL_Driver/Src/stm32l4xx_ll_usart.o
 .ARM.attributes
                0x0000058b       0x34 ./Drivers/STM32L4xx_HAL_Driver/Src/stm32l4xx_ll_utils.o
 .ARM.attributes
                0x000005bf       0x34 ./Middlewares/Third_Party/FreeRTOS/Source/CMSIS_RTOS_V2/cmsis_os2.o
 .ARM.attributes
                0x000005f3       0x34 ./Middlewares/Third_Party/FreeRTOS/Source/list.o
 .ARM.attributes
                0x00000627       0x34 ./Middlewares/Third_Party/FreeRTOS/Source/queue.o
 .ARM.attributes
                0x0000065b       0x34 ./Middlewares/Third_Party/FreeRTOS/Source/tasks.o
 .ARM.attributes
                0x0000068f       0x34 ./Middlewares/Third_Party/FreeRTOS/Source/timers.o
 .ARM.attributes
                0x000006c3       0x34 ./Middlewares/Third_Party/FreeRTOS/Source/portable/GCC/ARM_CM4F/port.o
 .ARM.attributes
                0x000006f7       0x34 ./Middlewares/Third_Party/FreeRTOS/Source/portable/MemMang/heap_4.o
 .ARM.attributes
                0x0000072b       0x34 E:/ST/STM32CubeIDE_1.14.1/STM32CubeIDE/plugins/com.st.stm32cube.ide.mcu.externaltools.gnu-tools-for-stm32.12.3.rel1.win32_1.0.100.202403111256/tools/bin/../lib/gcc/arm-none-eabi/12.3.1/../../../../arm-none-eabi/lib/thumb/v7e-m+fp/hard\libc_nano.a(libc_a-memset.o)
 .ARM.attributes
                0x0000075f       0x34 E:/ST/STM32CubeIDE_1.14.1/STM32CubeIDE/plugins/com.st.stm32cube.ide.mcu.externaltools.gnu-tools-for-stm32.12.3.rel1.win32_1.0.100.202403111256/tools/bin/../lib/gcc/arm-none-eabi/12.3.1/../../../../arm-none-eabi/lib/thumb/v7e-m+fp/hard\libc_nano.a(libc_a-init.o)
 .ARM.attributes
                0x00000793       0x34 E:/ST/STM32CubeIDE_1.14.1/STM32CubeIDE/plugins/com.st.stm32cube.ide.mcu.externaltools.gnu-tools-for-stm32.12.3.rel1.win32_1.0.100.202403111256/tools/bin/../lib/gcc/arm-none-eabi/12.3.1/../../../../arm-none-eabi/lib/thumb/v7e-m+fp/hard\libc_nano.a(libc_a-memcpy-stub.o)
 .ARM.attributes
                0x000007c7       0x22 E:/ST/STM32CubeIDE_1.14.1/STM32CubeIDE/plugins/com.st.stm32cube.ide.mcu.externaltools.gnu-tools-for-stm32.12.3.rel1.win32_1.0.100.202403111256/tools/bin/../lib/gcc/arm-none-eabi/12.3.1/thumb/v7e-m+fp/hard/crtn.o
OUTPUT(athena-firmware.elf elf32-littlearm)
LOAD linker stubs
LOAD E:/ST/STM32CubeIDE_1.14.1/STM32CubeIDE/plugins/com.st.stm32cube.ide.mcu.externaltools.gnu-tools-for-stm32.12.3.rel1.win32_1.0.100.202403111256/tools/bin/../lib/gcc/arm-none-eabi/12.3.1/../../../../arm-none-eabi/lib/thumb/v7e-m+fp/hard\libc.a
LOAD E:/ST/STM32CubeIDE_1.14.1/STM32CubeIDE/plugins/com.st.stm32cube.ide.mcu.externaltools.gnu-tools-for-stm32.12.3.rel1.win32_1.0.100.202403111256/tools/bin/../lib/gcc/arm-none-eabi/12.3.1/../../../../arm-none-eabi/lib/thumb/v7e-m+fp/hard\libm.a
LOAD E:/ST/STM32CubeIDE_1.14.1/STM32CubeIDE/plugins/com.st.stm32cube.ide.mcu.externaltools.gnu-tools-for-stm32.12.3.rel1.win32_1.0.100.202403111256/tools/bin/../lib/gcc/arm-none-eabi/12.3.1/thumb/v7e-m+fp/hard\libgcc.a

.debug_info     0x00000000    0x1988a
 .debug_info    0x00000000      0x93c ./Core/Src/dma.o
 .debug_info    0x0000093c      0x98f ./Core/Src/freertos.o
 .debug_info    0x000012cb      0x4ce ./Core/Src/gpio.o
 .debug_info    0x00001799     0x1106 ./Core/Src/i2c.o
 .debug_info    0x0000289f      0x834 ./Core/Src/main.o
 .debug_info    0x000030d3      0xc69 ./Core/Src/spi.o
 .debug_info    0x00003d3c      0x4fb ./Core/Src/stm32l4xx_hal_msp.o
 .debug_info    0x00004237      0x73f ./Core/Src/stm32l4xx_it.o
 .debug_info    0x00004976      0x5bf ./Core/Src/system_stm32l4xx.o
 .debug_info    0x00004f35      0x528 ./Core/Src/test_tof.o
 .debug_info    0x0000545d     0x114c ./Core/Src/usart.o
 .debug_info    0x000065a9       0x30 ./Core/Startup/startup_stm32l431cctx.o
 .debug_info    0x000065d9      0xbcc ./Drivers/Athena_deck_HAL/src/i2c_drv.o
 .debug_info    0x000071a5      0x318 ./Drivers/BSP/Components/TCA6408A/src/tca6408a.o
 .debug_info    0x000074bd      0x4d4 ./Drivers/BSP/Components/VL53L5CX_ULD_API/src/platform.o
 .debug_info    0x00007991     0x11ff ./Drivers/BSP/Components/VL53L5CX_ULD_API/src/vl53l5cx_api.o
 .debug_info    0x00008b90      0x967 ./Drivers/BSP/Components/W25Q64/src/w25q64.o
 .debug_info    0x000094f7      0xa93 ./Drivers/STM32L4xx_HAL_Driver/Src/stm32l4xx_hal.o
 .debug_info    0x00009f8a      0xce6 ./Drivers/STM32L4xx_HAL_Driver/Src/stm32l4xx_hal_cortex.o
 .debug_info    0x0000ac70      0x6f4 ./Drivers/STM32L4xx_HAL_Driver/Src/stm32l4xx_hal_dma.o
 .debug_info    0x0000b364      0x757 ./Drivers/STM32L4xx_HAL_Driver/Src/stm32l4xx_hal_gpio.o
 .debug_info    0x0000babb     0x161a ./Drivers/STM32L4xx_HAL_Driver/Src/stm32l4xx_hal_spi.o
 .debug_info    0x0000d0d5      0x952 ./Drivers/STM32L4xx_HAL_Driver/Src/stm32l4xx_ll_gpio.o
 .debug_info    0x0000da27      0x666 ./Drivers/STM32L4xx_HAL_Driver/Src/stm32l4xx_ll_i2c.o
 .debug_info    0x0000e08d      0xc51 ./Drivers/STM32L4xx_HAL_Driver/Src/stm32l4xx_ll_rcc.o
 .debug_info    0x0000ecde      0x786 ./Drivers/STM32L4xx_HAL_Driver/Src/stm32l4xx_ll_usart.o
 .debug_info    0x0000f464      0xbe7 ./Drivers/STM32L4xx_HAL_Driver/Src/stm32l4xx_ll_utils.o
 .debug_info    0x0001004b     0x39f0 ./Middlewares/Third_Party/FreeRTOS/Source/CMSIS_RTOS_V2/cmsis_os2.o
 .debug_info    0x00013a3b      0x2af ./Middlewares/Third_Party/FreeRTOS/Source/list.o
 .debug_info    0x00013cea     0x1b79 ./Middlewares/Third_Party/FreeRTOS/Source/queue.o
 .debug_info    0x00015863     0x21ec ./Middlewares/Third_Party/FreeRTOS/Source/tasks.o
 .debug_info    0x00017a4f     0x1488 ./Middlewares/Third_Party/FreeRTOS/Source/timers.o
 .debug_info    0x00018ed7      0x4de ./Middlewares/Third_Party/FreeRTOS/Source/portable/GCC/ARM_CM4F/port.o
 .debug_info    0x000193b5      0x4d5 ./Middlewares/Third_Party/FreeRTOS/Source/portable/MemMang/heap_4.o

.debug_abbrev   0x00000000     0x49e4
 .debug_abbrev  0x00000000      0x1b5 ./Core/Src/dma.o
 .debug_abbrev  0x000001b5      0x2b2 ./Core/Src/freertos.o
 .debug_abbrev  0x00000467      0x19a ./Core/Src/gpio.o
 .debug_abbrev  0x00000601      0x285 ./Core/Src/i2c.o
 .debug_abbrev  0x00000886      0x20c ./Core/Src/main.o
 .debug_abbrev  0x00000a92      0x21b ./Core/Src/spi.o
 .debug_abbrev  0x00000cad      0x11e ./Core/Src/stm32l4xx_hal_msp.o
 .debug_abbrev  0x00000dcb      0x209 ./Core/Src/stm32l4xx_it.o
 .debug_abbrev  0x00000fd4      0x11a ./Core/Src/system_stm32l4xx.o
 .debug_abbrev  0x000010ee      0x16a ./Core/Src/test_tof.o
 .debug_abbrev  0x00001258      0x276 ./Core/Src/usart.o
 .debug_abbrev  0x000014ce       0x24 ./Core/Startup/startup_stm32l431cctx.o
 .debug_abbrev  0x000014f2      0x28b ./Drivers/Athena_deck_HAL/src/i2c_drv.o
 .debug_abbrev  0x0000177d      0x145 ./Drivers/BSP/Components/TCA6408A/src/tca6408a.o
 .debug_abbrev  0x000018c2      0x1b9 ./Drivers/BSP/Components/VL53L5CX_ULD_API/src/platform.o
 .debug_abbrev  0x00001a7b      0x29e ./Drivers/BSP/Components/VL53L5CX_ULD_API/src/vl53l5cx_api.o
 .debug_abbrev  0x00001d19      0x24e ./Drivers/BSP/Components/W25Q64/src/w25q64.o
 .debug_abbrev  0x00001f67      0x242 ./Drivers/STM32L4xx_HAL_Driver/Src/stm32l4xx_hal.o
 .debug_abbrev  0x000021a9      0x327 ./Drivers/STM32L4xx_HAL_Driver/Src/stm32l4xx_hal_cortex.o
 .debug_abbrev  0x000024d0      0x1e4 ./Drivers/STM32L4xx_HAL_Driver/Src/stm32l4xx_hal_dma.o
 .debug_abbrev  0x000026b4      0x1cb ./Drivers/STM32L4xx_HAL_Driver/Src/stm32l4xx_hal_gpio.o
 .debug_abbrev  0x0000287f      0x26a ./Drivers/STM32L4xx_HAL_Driver/Src/stm32l4xx_hal_spi.o
 .debug_abbrev  0x00002ae9      0x235 ./Drivers/STM32L4xx_HAL_Driver/Src/stm32l4xx_ll_gpio.o
 .debug_abbrev  0x00002d1e      0x178 ./Drivers/STM32L4xx_HAL_Driver/Src/stm32l4xx_ll_i2c.o
 .debug_abbrev  0x00002e96      0x221 ./Drivers/STM32L4xx_HAL_Driver/Src/stm32l4xx_ll_rcc.o
 .debug_abbrev  0x000030b7      0x1ca ./Drivers/STM32L4xx_HAL_Driver/Src/stm32l4xx_ll_usart.o
 .debug_abbrev  0x00003281      0x25f ./Drivers/STM32L4xx_HAL_Driver/Src/stm32l4xx_ll_utils.o
 .debug_abbrev  0x000034e0      0x508 ./Middlewares/Third_Party/FreeRTOS/Source/CMSIS_RTOS_V2/cmsis_os2.o
 .debug_abbrev  0x000039e8       0xf5 ./Middlewares/Third_Party/FreeRTOS/Source/list.o
 .debug_abbrev  0x00003add      0x3b6 ./Middlewares/Third_Party/FreeRTOS/Source/queue.o
 .debug_abbrev  0x00003e93      0x386 ./Middlewares/Third_Party/FreeRTOS/Source/tasks.o
 .debug_abbrev  0x00004219      0x352 ./Middlewares/Third_Party/FreeRTOS/Source/timers.o
 .debug_abbrev  0x0000456b      0x25c ./Middlewares/Third_Party/FreeRTOS/Source/portable/GCC/ARM_CM4F/port.o
 .debug_abbrev  0x000047c7      0x21d ./Middlewares/Third_Party/FreeRTOS/Source/portable/MemMang/heap_4.o

.debug_aranges  0x00000000     0x1958
 .debug_aranges
                0x00000000       0x48 ./Core/Src/dma.o
 .debug_aranges
                0x00000048       0x48 ./Core/Src/freertos.o
 .debug_aranges
                0x00000090       0x38 ./Core/Src/gpio.o
 .debug_aranges
                0x000000c8       0xc0 ./Core/Src/i2c.o
 .debug_aranges
                0x00000188       0xa8 ./Core/Src/main.o
 .debug_aranges
                0x00000230       0x38 ./Core/Src/spi.o
 .debug_aranges
                0x00000268       0x20 ./Core/Src/stm32l4xx_hal_msp.o
 .debug_aranges
                0x00000288       0xb0 ./Core/Src/stm32l4xx_it.o
 .debug_aranges
                0x00000338       0x28 ./Core/Src/system_stm32l4xx.o
 .debug_aranges
                0x00000360       0x30 ./Core/Src/test_tof.o
 .debug_aranges
                0x00000390       0xc0 ./Core/Src/usart.o
 .debug_aranges
                0x00000450       0x28 ./Core/Startup/startup_stm32l431cctx.o
 .debug_aranges
                0x00000478       0xf8 ./Drivers/Athena_deck_HAL/src/i2c_drv.o
 .debug_aranges
                0x00000570       0x48 ./Drivers/BSP/Components/TCA6408A/src/tca6408a.o
 .debug_aranges
                0x000005b8       0x50 ./Drivers/BSP/Components/VL53L5CX_ULD_API/src/platform.o
 .debug_aranges
                0x00000608      0x118 ./Drivers/BSP/Components/VL53L5CX_ULD_API/src/vl53l5cx_api.o
 .debug_aranges
                0x00000720       0x60 ./Drivers/BSP/Components/W25Q64/src/w25q64.o
 .debug_aranges
                0x00000780      0x130 ./Drivers/STM32L4xx_HAL_Driver/Src/stm32l4xx_hal.o
 .debug_aranges
                0x000008b0      0x118 ./Drivers/STM32L4xx_HAL_Driver/Src/stm32l4xx_hal_cortex.o
 .debug_aranges
                0x000009c8       0x80 ./Drivers/STM32L4xx_HAL_Driver/Src/stm32l4xx_hal_dma.o
 .debug_aranges
                0x00000a48       0x58 ./Drivers/STM32L4xx_HAL_Driver/Src/stm32l4xx_hal_gpio.o
 .debug_aranges
                0x00000aa0      0x1d8 ./Drivers/STM32L4xx_HAL_Driver/Src/stm32l4xx_hal_spi.o
 .debug_aranges
                0x00000c78       0x70 ./Drivers/STM32L4xx_HAL_Driver/Src/stm32l4xx_ll_gpio.o
 .debug_aranges
                0x00000ce8       0x88 ./Drivers/STM32L4xx_HAL_Driver/Src/stm32l4xx_ll_i2c.o
 .debug_aranges
                0x00000d70      0x220 ./Drivers/STM32L4xx_HAL_Driver/Src/stm32l4xx_ll_rcc.o
 .debug_aranges
                0x00000f90       0x88 ./Drivers/STM32L4xx_HAL_Driver/Src/stm32l4xx_ll_usart.o
 .debug_aranges
                0x00001018      0x130 ./Drivers/STM32L4xx_HAL_Driver/Src/stm32l4xx_ll_utils.o
 .debug_aranges
                0x00001148      0x2a8 ./Middlewares/Third_Party/FreeRTOS/Source/CMSIS_RTOS_V2/cmsis_os2.o
 .debug_aranges
                0x000013f0       0x40 ./Middlewares/Third_Party/FreeRTOS/Source/list.o
 .debug_aranges
                0x00001430      0x158 ./Middlewares/Third_Party/FreeRTOS/Source/queue.o
 .debug_aranges
                0x00001588      0x208 ./Middlewares/Third_Party/FreeRTOS/Source/tasks.o
 .debug_aranges
                0x00001790       0xf0 ./Middlewares/Third_Party/FreeRTOS/Source/timers.o
 .debug_aranges
                0x00001880       0x80 ./Middlewares/Third_Party/FreeRTOS/Source/portable/GCC/ARM_CM4F/port.o
 .debug_aranges
                0x00001900       0x58 ./Middlewares/Third_Party/FreeRTOS/Source/portable/MemMang/heap_4.o

.debug_rnglists
                0x00000000     0x1308
 .debug_rnglists
                0x00000000       0x32 ./Core/Src/dma.o
 .debug_rnglists
                0x00000032       0x31 ./Core/Src/freertos.o
 .debug_rnglists
                0x00000063       0x26 ./Core/Src/gpio.o
 .debug_rnglists
                0x00000089       0x8c ./Core/Src/i2c.o
 .debug_rnglists
                0x00000115       0x7a ./Core/Src/main.o
 .debug_rnglists
                0x0000018f       0x26 ./Core/Src/spi.o
 .debug_rnglists
                0x000001b5       0x13 ./Core/Src/stm32l4xx_hal_msp.o
 .debug_rnglists
                0x000001c8       0x7f ./Core/Src/stm32l4xx_it.o
 .debug_rnglists
                0x00000247       0x1a ./Core/Src/system_stm32l4xx.o
 .debug_rnglists
                0x00000261       0x21 ./Core/Src/test_tof.o
 .debug_rnglists
                0x00000282       0x8e ./Core/Src/usart.o
 .debug_rnglists
                0x00000310       0x19 ./Core/Startup/startup_stm32l431cctx.o
 .debug_rnglists
                0x00000329       0xbd ./Drivers/Athena_deck_HAL/src/i2c_drv.o
 .debug_rnglists
                0x000003e6       0x32 ./Drivers/BSP/Components/TCA6408A/src/tca6408a.o
 .debug_rnglists
                0x00000418       0x37 ./Drivers/BSP/Components/VL53L5CX_ULD_API/src/platform.o
 .debug_rnglists
                0x0000044f       0xdd ./Drivers/BSP/Components/VL53L5CX_ULD_API/src/vl53l5cx_api.o
 .debug_rnglists
                0x0000052c       0x45 ./Drivers/BSP/Components/W25Q64/src/w25q64.o
 .debug_rnglists
                0x00000571       0xdf ./Drivers/STM32L4xx_HAL_Driver/Src/stm32l4xx_hal.o
 .debug_rnglists
                0x00000650       0xce ./Drivers/STM32L4xx_HAL_Driver/Src/stm32l4xx_hal_cortex.o
 .debug_rnglists
                0x0000071e       0x64 ./Drivers/STM32L4xx_HAL_Driver/Src/stm32l4xx_hal_dma.o
 .debug_rnglists
                0x00000782       0x3f ./Drivers/STM32L4xx_HAL_Driver/Src/stm32l4xx_hal_gpio.o
 .debug_rnglists
                0x000007c1      0x178 ./Drivers/STM32L4xx_HAL_Driver/Src/stm32l4xx_hal_spi.o
 .debug_rnglists
                0x00000939       0x51 ./Drivers/STM32L4xx_HAL_Driver/Src/stm32l4xx_ll_gpio.o
 .debug_rnglists
                0x0000098a       0x61 ./Drivers/STM32L4xx_HAL_Driver/Src/stm32l4xx_ll_i2c.o
 .debug_rnglists
                0x000009eb      0x1a2 ./Drivers/STM32L4xx_HAL_Driver/Src/stm32l4xx_ll_rcc.o
 .debug_rnglists
                0x00000b8d       0x62 ./Drivers/STM32L4xx_HAL_Driver/Src/stm32l4xx_ll_usart.o
 .debug_rnglists
                0x00000bef       0xe2 ./Drivers/STM32L4xx_HAL_Driver/Src/stm32l4xx_ll_utils.o
 .debug_rnglists
                0x00000cd1      0x20c ./Middlewares/Third_Party/FreeRTOS/Source/CMSIS_RTOS_V2/cmsis_os2.o
 .debug_rnglists
                0x00000edd       0x2b ./Middlewares/Third_Party/FreeRTOS/Source/list.o
 .debug_rnglists
                0x00000f08      0x109 ./Middlewares/Third_Party/FreeRTOS/Source/queue.o
 .debug_rnglists
                0x00001011      0x1a0 ./Middlewares/Third_Party/FreeRTOS/Source/tasks.o
 .debug_rnglists
                0x000011b1       0xb8 ./Middlewares/Third_Party/FreeRTOS/Source/timers.o
 .debug_rnglists
                0x00001269       0x5d ./Middlewares/Third_Party/FreeRTOS/Source/portable/GCC/ARM_CM4F/port.o
 .debug_rnglists
                0x000012c6       0x42 ./Middlewares/Third_Party/FreeRTOS/Source/portable/MemMang/heap_4.o

.debug_macro    0x00000000    0x274f3
 .debug_macro   0x00000000      0x232 ./Core/Src/dma.o
 .debug_macro   0x00000232      0xaba ./Core/Src/dma.o
 .debug_macro   0x00000cec      0x1a1 ./Core/Src/dma.o
 .debug_macro   0x00000e8d       0x2e ./Core/Src/dma.o
 .debug_macro   0x00000ebb       0x28 ./Core/Src/dma.o
 .debug_macro   0x00000ee3       0x22 ./Core/Src/dma.o
 .debug_macro   0x00000f05       0x8e ./Core/Src/dma.o
 .debug_macro   0x00000f93       0x51 ./Core/Src/dma.o
 .debug_macro   0x00000fe4      0x103 ./Core/Src/dma.o
 .debug_macro   0x000010e7       0x6a ./Core/Src/dma.o
 .debug_macro   0x00001151      0x1df ./Core/Src/dma.o
 .debug_macro   0x00001330       0x1c ./Core/Src/dma.o
 .debug_macro   0x0000134c       0x22 ./Core/Src/dma.o
 .debug_macro   0x0000136e       0xfb ./Core/Src/dma.o
 .debug_macro   0x00001469     0x1011 ./Core/Src/dma.o
 .debug_macro   0x0000247a      0x11f ./Core/Src/dma.o
 .debug_macro   0x00002599    0x1511c ./Core/Src/dma.o
 .debug_macro   0x000176b5       0x6d ./Core/Src/dma.o
 .debug_macro   0x00017722     0x38e6 ./Core/Src/dma.o
 .debug_macro   0x0001b008      0x189 ./Core/Src/dma.o
 .debug_macro   0x0001b191       0x5c ./Core/Src/dma.o
 .debug_macro   0x0001b1ed     0x1328 ./Core/Src/dma.o
 .debug_macro   0x0001c515      0x5a5 ./Core/Src/dma.o
 .debug_macro   0x0001caba      0x1b9 ./Core/Src/dma.o
 .debug_macro   0x0001cc73      0x11b ./Core/Src/dma.o
 .debug_macro   0x0001cd8e      0x26b ./Core/Src/dma.o
 .debug_macro   0x0001cff9      0x23d ./Core/Src/dma.o
 .debug_macro   0x0001d236      0x241 ./Core/Src/dma.o
 .debug_macro   0x0001d477      0x375 ./Core/Src/dma.o
 .debug_macro   0x0001d7ec       0xd6 ./Core/Src/dma.o
 .debug_macro   0x0001d8c2      0x122 ./Core/Src/dma.o
 .debug_macro   0x0001d9e4      0x2ee ./Core/Src/dma.o
 .debug_macro   0x0001dcd2      0x2fe ./Core/Src/dma.o
 .debug_macro   0x0001dfd0      0x26d ./Core/Src/dma.o
 .debug_macro   0x0001e23d      0x2cb ./Core/Src/dma.o
 .debug_macro   0x0001e508      0x24d ./Core/Src/dma.o
 .debug_macro   0x0001e755       0xd0 ./Core/Src/dma.o
 .debug_macro   0x0001e825      0x79b ./Core/Src/dma.o
 .debug_macro   0x0001efc0      0x167 ./Core/Src/dma.o
 .debug_macro   0x0001f127      0x242 ./Core/Src/dma.o
 .debug_macro   0x0001f369      0x140 ./Core/Src/dma.o
 .debug_macro   0x0001f4a9      0x1a6 ./Core/Src/dma.o
 .debug_macro   0x0001f64f       0xa7 ./Core/Src/dma.o
 .debug_macro   0x0001f6f6      0x1e0 ./Core/Src/dma.o
 .debug_macro   0x0001f8d6      0x30c ./Core/Src/dma.o
 .debug_macro   0x0001fbe2      0x169 ./Core/Src/dma.o
 .debug_macro   0x0001fd4b       0x10 ./Core/Src/dma.o
 .debug_macro   0x0001fd5b      0x3f8 ./Core/Src/freertos.o
 .debug_macro   0x00020153      0x169 ./Core/Src/freertos.o
 .debug_macro   0x000202bc      0x15a ./Core/Src/freertos.o
 .debug_macro   0x00020416       0xc9 ./Core/Src/freertos.o
 .debug_macro   0x000204df       0x1c ./Core/Src/freertos.o
 .debug_macro   0x000204fb       0x26 ./Core/Src/freertos.o
 .debug_macro   0x00020521      0x4c5 ./Core/Src/freertos.o
 .debug_macro   0x000209e6       0xb5 ./Core/Src/freertos.o
 .debug_macro   0x00020a9b       0xaa ./Core/Src/freertos.o
 .debug_macro   0x00020b45       0x6c ./Core/Src/freertos.o
 .debug_macro   0x00020bb1       0x74 ./Core/Src/freertos.o
 .debug_macro   0x00020c25       0xdd ./Core/Src/freertos.o
 .debug_macro   0x00020d02       0x22 ./Core/Src/freertos.o
 .debug_macro   0x00020d24       0x82 ./Core/Src/freertos.o
 .debug_macro   0x00020da6       0x61 ./Core/Src/freertos.o
 .debug_macro   0x00020e07       0x2a ./Core/Src/freertos.o
 .debug_macro   0x00020e31       0x43 ./Core/Src/freertos.o
 .debug_macro   0x00020e74       0x34 ./Core/Src/freertos.o
 .debug_macro   0x00020ea8       0x16 ./Core/Src/freertos.o
 .debug_macro   0x00020ebe       0x43 ./Core/Src/freertos.o
 .debug_macro   0x00020f01       0x34 ./Core/Src/freertos.o
 .debug_macro   0x00020f35       0x10 ./Core/Src/freertos.o
 .debug_macro   0x00020f45       0x58 ./Core/Src/freertos.o
 .debug_macro   0x00020f9d       0x8e ./Core/Src/freertos.o
 .debug_macro   0x0002102b       0x1c ./Core/Src/freertos.o
 .debug_macro   0x00021047      0x177 ./Core/Src/freertos.o
 .debug_macro   0x000211be      0x369 ./Core/Src/freertos.o
 .debug_macro   0x00021527       0x10 ./Core/Src/freertos.o
 .debug_macro   0x00021537       0x35 ./Core/Src/freertos.o
 .debug_macro   0x0002156c       0x20 ./Core/Src/freertos.o
 .debug_macro   0x0002158c      0x1f0 ./Core/Src/freertos.o
 .debug_macro   0x0002177c      0x11e ./Core/Src/freertos.o
 .debug_macro   0x0002189a      0x232 ./Core/Src/gpio.o
 .debug_macro   0x00021acc      0x232 ./Core/Src/i2c.o
 .debug_macro   0x00021cfe      0x2ee ./Core/Src/main.o
 .debug_macro   0x00021fec      0x169 ./Core/Src/main.o
 .debug_macro   0x00022155       0x66 ./Core/Src/main.o
 .debug_macro   0x000221bb      0x232 ./Core/Src/spi.o
 .debug_macro   0x000223ed      0x228 ./Core/Src/stm32l4xx_hal_msp.o
 .debug_macro   0x00022615      0x29a ./Core/Src/stm32l4xx_it.o
 .debug_macro   0x000228af      0x1ad ./Core/Src/system_stm32l4xx.o
 .debug_macro   0x00022a5c      0x2e1 ./Core/Src/test_tof.o
 .debug_macro   0x00022d3d      0x247 ./Core/Src/test_tof.o
 .debug_macro   0x00022f84      0x232 ./Core/Src/usart.o
 .debug_macro   0x000231b6      0x2ab ./Drivers/Athena_deck_HAL/src/i2c_drv.o
 .debug_macro   0x00023461       0x16 ./Drivers/Athena_deck_HAL/src/i2c_drv.o