Archive member included to satisfy reference by file (symbol)

E:/ST/STM32CubeIDE_1.14.1/STM32CubeIDE/plugins/com.st.stm32cube.ide.mcu.externaltools.gnu-tools-for-stm32.12.3.rel1.win32_1.0.100.202403111256/tools/bin/../lib/gcc/arm-none-eabi/12.3.1/../../../../arm-none-eabi/lib/thumb/v7e-m+fp/hard\libc_nano.a(libc_a-exit.o)
                              E:/ST/STM32CubeIDE_1.14.1/STM32CubeIDE/plugins/com.st.stm32cube.ide.mcu.externaltools.gnu-tools-for-stm32.12.3.rel1.win32_1.0.100.202403111256/tools/bin/../lib/gcc/arm-none-eabi/12.3.1/../../../../arm-none-eabi/lib/thumb/v7e-m+fp/hard/crt0.o (exit)
E:/ST/STM32CubeIDE_1.14.1/STM32CubeIDE/plugins/com.st.stm32cube.ide.mcu.externaltools.gnu-tools-for-stm32.12.3.rel1.win32_1.0.100.202403111256/tools/bin/../lib/gcc/arm-none-eabi/12.3.1/../../../../arm-none-eabi/lib/thumb/v7e-m+fp/hard\libc_nano.a(libc_a-malloc.o)
                              ./app-example/tinymap/src/bresenham.o (malloc)
E:/ST/STM32CubeIDE_1.14.1/STM32CubeIDE/plugins/com.st.stm32cube.ide.mcu.externaltools.gnu-tools-for-stm32.12.3.rel1.win32_1.0.100.202403111256/tools/bin/../lib/gcc/arm-none-eabi/12.3.1/../../../../arm-none-eabi/lib/thumb/v7e-m+fp/hard\libc_nano.a(libc_a-mallocr.o)
                              E:/ST/STM32CubeIDE_1.14.1/STM32CubeIDE/plugins/com.st.stm32cube.ide.mcu.externaltools.gnu-tools-for-stm32.12.3.rel1.win32_1.0.100.202403111256/tools/bin/../lib/gcc/arm-none-eabi/12.3.1/../../../../arm-none-eabi/lib/thumb/v7e-m+fp/hard\libc_nano.a(libc_a-malloc.o) (_malloc_r)
E:/ST/STM32CubeIDE_1.14.1/STM32CubeIDE/plugins/com.st.stm32cube.ide.mcu.externaltools.gnu-tools-for-stm32.12.3.rel1.win32_1.0.100.202403111256/tools/bin/../lib/gcc/arm-none-eabi/12.3.1/../../../../arm-none-eabi/lib/thumb/v7e-m+fp/hard\libc_nano.a(libc_a-mlock.o)
                              E:/ST/STM32CubeIDE_1.14.1/STM32CubeIDE/plugins/com.st.stm32cube.ide.mcu.externaltools.gnu-tools-for-stm32.12.3.rel1.win32_1.0.100.202403111256/tools/bin/../lib/gcc/arm-none-eabi/12.3.1/../../../../arm-none-eabi/lib/thumb/v7e-m+fp/hard\libc_nano.a(libc_a-mallocr.o) (__malloc_lock)
E:/ST/STM32CubeIDE_1.14.1/STM32CubeIDE/plugins/com.st.stm32cube.ide.mcu.externaltools.gnu-tools-for-stm32.12.3.rel1.win32_1.0.100.202403111256/tools/bin/../lib/gcc/arm-none-eabi/12.3.1/../../../../arm-none-eabi/lib/thumb/v7e-m+fp/hard\libc_nano.a(libc_a-realloc.o)
                              ./app-example/tinymap/src/bresenham.o (realloc)
E:/ST/STM32CubeIDE_1.14.1/STM32CubeIDE/plugins/com.st.stm32cube.ide.mcu.externaltools.gnu-tools-for-stm32.12.3.rel1.win32_1.0.100.202403111256/tools/bin/../lib/gcc/arm-none-eabi/12.3.1/../../../../arm-none-eabi/lib/thumb/v7e-m+fp/hard\libc_nano.a(libc_a-reallocr.o)
                              E:/ST/STM32CubeIDE_1.14.1/STM32CubeIDE/plugins/com.st.stm32cube.ide.mcu.externaltools.gnu-tools-for-stm32.12.3.rel1.win32_1.0.100.202403111256/tools/bin/../lib/gcc/arm-none-eabi/12.3.1/../../../../arm-none-eabi/lib/thumb/v7e-m+fp/hard\libc_nano.a(libc_a-realloc.o) (_realloc_r)
E:/ST/STM32CubeIDE_1.14.1/STM32CubeIDE/plugins/com.st.stm32cube.ide.mcu.externaltools.gnu-tools-for-stm32.12.3.rel1.win32_1.0.100.202403111256/tools/bin/../lib/gcc/arm-none-eabi/12.3.1/../../../../arm-none-eabi/lib/thumb/v7e-m+fp/hard\libc_nano.a(libc_a-findfp.o)
                              E:/ST/STM32CubeIDE_1.14.1/STM32CubeIDE/plugins/com.st.stm32cube.ide.mcu.externaltools.gnu-tools-for-stm32.12.3.rel1.win32_1.0.100.202403111256/tools/bin/../lib/gcc/arm-none-eabi/12.3.1/../../../../arm-none-eabi/lib/thumb/v7e-m+fp/hard\libc_nano.a(libc_a-exit.o) (__stdio_exit_handler)
E:/ST/STM32CubeIDE_1.14.1/STM32CubeIDE/plugins/com.st.stm32cube.ide.mcu.externaltools.gnu-tools-for-stm32.12.3.rel1.win32_1.0.100.202403111256/tools/bin/../lib/gcc/arm-none-eabi/12.3.1/../../../../arm-none-eabi/lib/thumb/v7e-m+fp/hard\libc_nano.a(libc_a-fwalk.o)
                              E:/ST/STM32CubeIDE_1.14.1/STM32CubeIDE/plugins/com.st.stm32cube.ide.mcu.externaltools.gnu-tools-for-stm32.12.3.rel1.win32_1.0.100.202403111256/tools/bin/../lib/gcc/arm-none-eabi/12.3.1/../../../../arm-none-eabi/lib/thumb/v7e-m+fp/hard\libc_nano.a(libc_a-findfp.o) (_fwalk_sglue)
E:/ST/STM32CubeIDE_1.14.1/STM32CubeIDE/plugins/com.st.stm32cube.ide.mcu.externaltools.gnu-tools-for-stm32.12.3.rel1.win32_1.0.100.202403111256/tools/bin/../lib/gcc/arm-none-eabi/12.3.1/../../../../arm-none-eabi/lib/thumb/v7e-m+fp/hard\libc_nano.a(libc_a-stdio.o)
                              E:/ST/STM32CubeIDE_1.14.1/STM32CubeIDE/plugins/com.st.stm32cube.ide.mcu.externaltools.gnu-tools-for-stm32.12.3.rel1.win32_1.0.100.202403111256/tools/bin/../lib/gcc/arm-none-eabi/12.3.1/../../../../arm-none-eabi/lib/thumb/v7e-m+fp/hard\libc_nano.a(libc_a-findfp.o) (__sread)
E:/ST/STM32CubeIDE_1.14.1/STM32CubeIDE/plugins/com.st.stm32cube.ide.mcu.externaltools.gnu-tools-for-stm32.12.3.rel1.win32_1.0.100.202403111256/tools/bin/../lib/gcc/arm-none-eabi/12.3.1/../../../../arm-none-eabi/lib/thumb/v7e-m+fp/hard\libc_nano.a(libc_a-memset.o)
[...]
Memory Configuration

Name             Origin             Length             Attributes
RAM              0x20000000         0x00010000         xrw
RAM2             0x10000000         0x00004000         xrw
FLASH            0x08000000         0x00040000         xr
*default*        0x00000000         0xffffffff

Linker script and memory map

LOAD E:/ST/STM32CubeIDE_1.14.1/STM32CubeIDE/plugins/com.st.stm32cube.ide.mcu.externaltools.gnu-tools-for-stm32.12.3.rel1.win32_1.0.100.202403111256/tools/bin/../lib/gcc/arm-none-eabi/12.3.1/thumb/v7e-m+fp/hard/crti.o
LOAD E:/ST/STM32CubeIDE_1.14.1/STM32CubeIDE/plugins/com.st.stm32cube.ide.mcu.externaltools.gnu-tools-for-stm32.12.3.rel1.win32_1.0.100.202403111256/tools/bin/../lib/gcc/arm-none-eabi/12.3.1/thumb/v7e-m+fp/hard/crtbegin.o
LOAD E:/ST/STM32CubeIDE_1.14.1/STM32CubeIDE/plugins/com.st.stm32cube.ide.mcu.externaltools.gnu-tools-for-stm32.12.3.rel1.win32_1.0.100.202403111256/tools/bin/../lib/gcc/arm-none-eabi/12.3.1/../../../../arm-none-eabi/lib/thumb/v7e-m+fp/hard/crt0.o
LOAD ./Core/Src/dma.o
LOAD ./Core/Src/freertos.o
LOAD ./Core/Src/gpio.o
LOAD ./Core/Src/i2c.o
LOAD ./Core/Src/main.o
LOAD ./Core/Src/process.o
LOAD ./Core/Src/spi.o
LOAD ./Core/Src/stm32l4xx_hal_msp.o
LOAD ./Core/Src/stm32l4xx_it.o
LOAD ./Core/Src/syscalls.o
LOAD ./Core/Src/sysmem.o
LOAD ./Core/Src/system_stm32l4xx.o
LOAD ./Core/Src/test_tof.o
LOAD ./Core/Src/usart.o
LOAD ./Core/Startup/startup_stm32l431cctx.o
LOAD ./Drivers/Athena_deck_HAL/src/i2c_drv.o
LOAD ./Drivers/Athena_deck_HAL/src/spi_drv.o
LOAD ./Drivers/BSP/Components/TCA6408A/src/tca6408a.o
LOAD ./Drivers/BSP/Components/VL53L5CX_ULD_API/src/platform.o
LOAD ./Drivers/BSP/Components/VL53L5CX_ULD_API/src/vl53l5cx_api.o
LOAD ./Drivers/BSP/Components/VL53L5CX_ULD_API/src/vl53l5cx_plugin_detection_thresholds.o
LOAD ./Drivers/BSP/Components/VL53L5CX_ULD_API/src/vl53l5cx_plugin_motion_indicator.o
LOAD ./Drivers/BSP/Components/VL53L5CX_ULD_API/src/vl53l5cx_plugin_xtalk.o
LOAD ./Drivers/BSP/Components/W25Q64/src/w25q64.o
LOAD ./Drivers/STM32L4xx_HAL_Driver/Src/stm32l4xx_hal.o
LOAD ./Drivers/STM32L4xx_HAL_Driver/Src/stm32l4xx_hal_cortex.o
LOAD ./Drivers/STM32L4xx_HAL_Driver/Src/stm32l4xx_hal_dma.o
LOAD ./Drivers/STM32L4xx_HAL_Driver/Src/stm32l4xx_hal_dma_ex.o
LOAD ./Drivers/STM32L4xx_HAL_Driver/Src/stm32l4xx_hal_exti.o
LOAD ./Drivers/STM32L4xx_HAL_Driver/Src/stm32l4xx_hal_flash.o
LOAD ./Drivers/STM32L4xx_HAL_Driver/Src/stm32l4xx_hal_flash_ex.o
LOAD ./Drivers/STM32L4xx_HAL_Driver/Src/stm32l4xx_hal_flash_ramfunc.o
LOAD ./Drivers/STM32L4xx_HAL_Driver/Src/stm32l4xx_hal_gpio.o
LOAD ./Drivers/STM32L4xx_HAL_Driver/Src/stm32l4xx_hal_i2c.o
LOAD ./Drivers/STM32L4xx_HAL_Driver/Src/stm32l4xx_hal_i2c_ex.o
LOAD ./Drivers/STM32L4xx_HAL_Driver/Src/stm32l4xx_hal_pwr.o
LOAD ./Drivers/STM32L4xx_HAL_Driver/Src/stm32l4xx_hal_pwr_ex.o
LOAD ./Drivers/STM32L4xx_HAL_Driver/Src/stm32l4xx_hal_rcc.o
LOAD ./Drivers/STM32L4xx_HAL_Driver/Src/stm32l4xx_hal_rcc_ex.o
LOAD ./Drivers/STM32L4xx_HAL_Driver/Src/stm32l4xx_hal_spi.o
LOAD ./Drivers/STM32L4xx_HAL_Driver/Src/stm32l4xx_hal_spi_ex.o
LOAD ./Drivers/STM32L4xx_HAL_Driver/Src/stm32l4xx_hal_tim.o
LOAD ./Drivers/STM32L4xx_HAL_Driver/Src/stm32l4xx_hal_tim_ex.o
LOAD ./Drivers/STM32L4xx_HAL_Driver/Src/stm32l4xx_ll_dma.o
LOAD ./Drivers/STM32L4xx_HAL_Driver/Src/stm32l4xx_ll_exti.o
LOAD ./Drivers/STM32L4xx_HAL_Driver/Src/stm32l4xx_ll_gpio.o
LOAD ./Drivers/STM32L4xx_HAL_Driver/Src/stm32l4xx_ll_i2c.o
LOAD ./Drivers/STM32L4xx_HAL_Driver/Src/stm32l4xx_ll_rcc.o
LOAD ./Drivers/STM32L4xx_HAL_Driver/Src/stm32l4xx_ll_usart.o
LOAD ./Drivers/STM32L4xx_HAL_Driver/Src/stm32l4xx_ll_utils.o
LOAD ./Middlewares/Third_Party/FreeRTOS/Source/CMSIS_RTOS_V2/cmsis_os2.o
LOAD ./Middlewares/Third_Party/FreeRTOS/Source/croutine.o
LOAD ./Middlewares/Third_Party/FreeRTOS/Source/event_groups.o
LOAD ./Middlewares/Third_Party/FreeRTOS/Source/list.o
LOAD ./Middlewares/Third_Party/FreeRTOS/Source/queue.o
LOAD ./Middlewares/Third_Party/FreeRTOS/Source/stream_buffer.o
LOAD ./Middlewares/Third_Party/FreeRTOS/Source/tasks.o
LOAD ./Middlewares/Third_Party/FreeRTOS/Source/timers.o
LOAD ./Middlewares/Third_Party/FreeRTOS/Source/portable/GCC/ARM_CM4F/port.o
LOAD ./Middlewares/Third_Party/FreeRTOS/Source/portable/MemMang/heap_4.o
LOAD ./app-example/tinymap/src/bresenham.o
LOAD ./app-example/tinymap/src/calibration.o
START GROUP
LOAD E:/ST/STM32CubeIDE_1.14.1/STM32CubeIDE/plugins/com.st.stm32cube.ide.mcu.externaltools.gnu-tools-for-stm32.12.3.rel1.win32_1.0.100.202403111256/tools/bin/../lib/gcc/arm-none-eabi/12.3.1/../../../../arm-none-eabi/lib/thumb/v7e-m+fp/hard\libc_nano.a
LOAD E:/ST/STM32CubeIDE_1.14.1/STM32CubeIDE/plugins/com.st.stm32cube.ide.mcu.externaltools.gnu-tools-for-stm32.12.3.rel1.win32_1.0.100.202403111256/tools/bin/../lib/gcc/arm-none-eabi/12.3.1/../../../../arm-none-eabi/lib/thumb/v7e-m+fp/hard\libm.a
END GROUP
START GROUP
LOAD E:/ST/STM32CubeIDE_1.14.1/STM32CubeIDE/plugins/com.st.stm32cube.ide.mcu.externaltools.gnu-tools-for-stm32.12.3.rel1.win32_1.0.100.202403111256/tools/bin/../lib/gcc/arm-none-eabi/12.3.1/thumb/v7e-m+fp/hard\libgcc.a
LOAD E:/ST/STM32CubeIDE_1.14.1/STM32CubeIDE/plugins/com.st.stm32cube.ide.mcu.externaltools.gnu-tools-for-stm32.12.3.rel1.win32_1.0.100.202403111256/tools/bin/../lib/gcc/arm-none-eabi/12.3.1/../../../../arm-none-eabi/lib/thumb/v7e-m+fp/hard\libc_nano.a
END GROUP
START GROUP
LOAD E:/ST/STM32CubeIDE_1.14.1/STM32CubeIDE/plugins/com.st.stm32cube.ide.mcu.externaltools.gnu-tools-for-stm32.12.3.rel1.win32_1.0.100.202403111256/tools/bin/../lib/gcc/arm-none-eabi/12.3.1/thumb/v7e-m+fp/hard\libgcc.a
LOAD E:/ST/STM32CubeIDE_1.14.1/STM32CubeIDE/plugins/com.st.stm32cube.ide.mcu.externaltools.gnu-tools-for-stm32.12.3.rel1.win32_1.0.100.202403111256/tools/bin/../lib/gcc/arm-none-eabi/12.3.1/../../../../arm-none-eabi/lib/thumb/v7e-m+fp/hard\libc_nano.a
LOAD E:/ST/STM32CubeIDE_1.14.1/STM32CubeIDE/plugins/com.st.stm32cube.ide.mcu.externaltools.gnu-tools-for-stm32.12.3.rel1.win32_1.0.100.202403111256/tools/bin/../lib/gcc/arm-none-eabi/12.3.1/../../../../arm-none-eabi/lib/thumb/v7e-m+fp/hard\libnosys.a
END GROUP
START GROUP
LOAD E:/ST/STM32CubeIDE_1.14.1/STM32CubeIDE/plugins/com.st.stm32cube.ide.mcu.externaltools.gnu-tools-for-stm32.12.3.rel1.win32_1.0.100.202403111256/tools/bin/../lib/gcc/arm-none-eabi/12.3.1/thumb/v7e-m+fp/hard\libgcc.a
LOAD E:/ST/STM32CubeIDE_1.14.1/STM32CubeIDE/plugins/com.st.stm32cube.ide.mcu.externaltools.gnu-tools-for-stm32.12.3.rel1.win32_1.0.100.202403111256/tools/bin/../lib/gcc/arm-none-eabi/12.3.1/../../../../arm-none-eabi/lib/thumb/v7e-m+fp/hard\libc_nano.a
LOAD E:/ST/STM32CubeIDE_1.14.1/STM32CubeIDE/plugins/com.st.stm32cube.ide.mcu.externaltools.gnu-tools-for-stm32.12.3.rel1.win32_1.0.100.202403111256/tools/bin/../lib/gcc/arm-none-eabi/12.3.1/../../../../arm-none-eabi/lib/thumb/v7e-m+fp/hard\libnosys.a
END GROUP
LOAD E:/ST/STM32CubeIDE_1.14.1/STM32CubeIDE/plugins/com.st.stm32cube.ide.mcu.externaltools.gnu-tools-for-stm32.12.3.rel1.win32_1.0.100.202403111256/tools/bin/../lib/gcc/arm-none-eabi/12.3.1/thumb/v7e-m+fp/hard/crtend.o
LOAD E:/ST/STM32CubeIDE_1.14.1/STM32CubeIDE/plugins/com.st.stm32cube.ide.mcu.externaltools.gnu-tools-for-stm32.12.3.rel1.win32_1.0.100.202403111256/tools/bin/../lib/gcc/arm-none-eabi/12.3.1/thumb/v7e-m+fp/hard/crtn.o
                0x20010000                        _estack = (ORIGIN (RAM) + LENGTH (RAM))
                0x00000200                        _Min_Heap_Size = 0x200
                0x00000400                        _Min_Stack_Size = 0x400

.isr_vector     0x08000000      0x18c
                0x08000000                        . = ALIGN (0x4)
 *(.isr_vector)
 .isr_vector    0x08000000      0x18c ./Core/Startup/startup_stm32l431cctx.o
                0x08000000                g_pfnVectors
                0x0800018c                        . = ALIGN (0x4)

.text           0x08000190     0xbb2c
                0x08000190                        . = ALIGN (0x4)
 *(.text)
 .text          0x08000190       0x40 E:/ST/STM32CubeIDE_1.14.1/STM32CubeIDE/plugins/com.st.stm32cube.ide.mcu.externaltools.gnu-tools-for-stm32.12.3.rel1.win32_1.0.100.202403111256/tools/bin/../lib/gcc/arm-none-eabi/12.3.1/thumb/v7e-m+fp/hard/crtbegin.o
 .text          0x080001d0      0x378 E:/ST/STM32CubeIDE_1.14.1/STM32CubeIDE/plugins/com.st.stm32cube.ide.mcu.externaltools.gnu-tools-for-stm32.12.3.rel1.win32_1.0.100.202403111256/tools/bin/../lib/gcc/arm-none-eabi/12.3.1/thumb/v7e-m+fp/hard\libgcc.a(_arm_addsubdf3.o)
                0x080001d0                __aeabi_drsub
                0x080001d8                __aeabi_dsub
                0x080001d8                __subdf3
                0x080001dc                __aeabi_dadd
                0x080001dc                __adddf3
                0x08000454                __floatunsidf
                0x08000454                __aeabi_ui2d
                0x08000474                __floatsidf
                0x08000474                __aeabi_i2d
                0x08000498                __aeabi_f2d
                0x08000498                __extendsfdf2
                0x080004dc                __floatundidf
                0x080004dc                __aeabi_ul2d
                0x080004ec                __floatdidf
                0x080004ec                __aeabi_l2d
 .text          0x08000548      0x424 E:/ST/STM32CubeIDE_1.14.1/STM32CubeIDE/plugins/com.st.stm32cube.ide.mcu.externaltools.gnu-tools-for-stm32.12.3.rel1.win32_1.0.100.202403111256/tools/bin/../lib/gcc/arm-none-eabi/12.3.1/thumb/v7e-m+fp/hard\libgcc.a(_arm_muldivdf3.o)
                0x08000548                __aeabi_dmul
                0x08000548                __muldf3
                0x0800079c                __divdf3
                0x0800079c                __aeabi_ddiv
 .text          0x0800096c      0x110 E:/ST/STM32CubeIDE_1.14.1/STM32CubeIDE/plugins/com.st.stm32cube.ide.mcu.externaltools.gnu-tools-for-stm32.12.3.rel1.win32_1.0.100.202403111256/tools/bin/../lib/gcc/arm-none-eabi/12.3.1/thumb/v7e-m+fp/hard\libgcc.a(_arm_cmpdf2.o)
                0x0800096c                __gtdf2
                0x0800096c                __gedf2
                0x08000974                __ltdf2
                0x08000974                __ledf2
                0x0800097c                __nedf2
                0x0800097c                __eqdf2
                0x0800097c                __cmpdf2
                0x080009f8                __aeabi_cdrcmple
                0x08000a08                __aeabi_cdcmpeq
                0x08000a08                __aeabi_cdcmple
                0x08000a18                __aeabi_dcmpeq
                0x08000a2c                __aeabi_dcmplt
                0x08000a40                __aeabi_dcmple
                0x08000a54                __aeabi_dcmpge
                0x08000a68                __aeabi_dcmpgt
 .text          0x08000a7c       0xa0 E:/ST/STM32CubeIDE_1.14.1/STM32CubeIDE/plugins/com.st.stm32cube.ide.mcu.externaltools.gnu-tools-for-stm32.12.3.rel1.win32_1.0.100.202403111256/tools/bin/../lib/gcc/arm-none-eabi/12.3.1/thumb/v7e-m+fp/hard\libgcc.a(_arm_truncdfsf2.o)
                0x08000a7c                __truncdfsf2
                0x08000a7c                __aeabi_d2f
 *(.text*)
 .text.__NVIC_GetPriorityGrouping
                0x08000b1c       0x1c ./Core/Src/dma.o
 .text.__NVIC_EnableIRQ
                0x08000b38       0x3c ./Core/Src/dma.o
 .text.__NVIC_SetPriority
                0x08000b74       0x54 ./Core/Src/dma.o
 .text.NVIC_EncodePriority
                0x08000bc8       0x66 ./Core/Src/dma.o
 *fill*         0x08000c2e        0x2 
 .text.LL_AHB1_GRP1_EnableClock
                0x08000c30       0x30 ./Core/Src/dma.o
 .text.MX_DMA_Init
                0x08000c60       0xb4 ./Core/Src/dma.o
                0x08000c60                MX_DMA_Init
 .text.LL_GPIO_TogglePin
                0x08000d14       0x32 ./Core/Src/freertos.o
 *fill*         0x08000d46        0x2 
 .text.MX_FREERTOS_Init
                0x08000d48       0x24 ./Core/Src/freertos.o
                0x08000d48                MX_FREERTOS_Init
 .text.Write_Struct_to_Flash
                0x08000d6c       0x20 ./Core/Src/freertos.o
                0x08000d6c                Write_Struct_to_Flash
 .text.Read_Struct_from_Flash
                0x08000d8c       0x20 ./Core/Src/freertos.o
                0x08000d8c                Read_Struct_from_Flash
 .text.StartDefaultTask
                0x08000dac       0xc8 ./Core/Src/freertos.o
                0x08000dac                StartDefaultTask
 .text.LL_AHB2_GRP1_EnableClock
                0x08000e74       0x30 ./Core/Src/gpio.o
 .text.LL_GPIO_SetOutputPin
                0x08000ea4       0x1c ./Core/Src/gpio.o
 .text.LL_GPIO_ResetOutputPin
                0x08000ec0       0x1c ./Core/Src/gpio.o
 .text.MX_GPIO_Init
                0x08000edc       0xb0 ./Core/Src/gpio.o
                0x08000edc                MX_GPIO_Init
 .text.__NVIC_GetPriorityGrouping
                0x08000f8c       0x1c ./Core/Src/i2c.o
 .text.__NVIC_EnableIRQ
                0x08000fa8       0x3c ./Core/Src/i2c.o
 .text.__NVIC_SetPriority
                0x08000fe4       0x54 ./Core/Src/i2c.o
 .text.NVIC_EncodePriority
                0x08001038       0x66 ./Core/Src/i2c.o
 *fill*         0x0800109e        0x2 
 .text.LL_DMA_SetDataTransferDirection
                0x080010a0       0x50 ./Core/Src/i2c.o
 .text.LL_DMA_SetMode
                0x080010f0       0x4c ./Core/Src/i2c.o
 .text.LL_DMA_SetPeriphIncMode
                0x0800113c       0x4c ./Core/Src/i2c.o
 .text.LL_DMA_SetMemoryIncMode
                0x08001188       0x4c ./Core/Src/i2c.o
 .text.LL_DMA_SetPeriphSize
                0x080011d4       0x4c ./Core/Src/i2c.o
 .text.LL_DMA_SetMemorySize
                0x08001220       0x4c ./Core/Src/i2c.o
 .text.LL_DMA_SetChannelPriorityLevel
                0x0800126c       0x4c ./Core/Src/i2c.o
 .text.LL_DMA_SetPeriphRequest
                0x080012b8       0x64 ./Core/Src/i2c.o
 .text.LL_I2C_EnableClockStretching
                0x0800131c       0x20 ./Core/Src/i2c.o
 .text.LL_I2C_EnableGeneralCall
                0x0800133c       0x20 ./Core/Src/i2c.o
 .text.LL_I2C_SetOwnAddress2
                0x0800135c       0x30 ./Core/Src/i2c.o
 .text.LL_I2C_DisableOwnAddress2
                0x0800138c       0x20 ./Core/Src/i2c.o
 .text.LL_I2C_EnableAutoEndMode
                0x080013ac       0x20 ./Core/Src/i2c.o
 .text.LL_RCC_SetI2CClockSource
                0x080013cc       0x50 ./Core/Src/i2c.o
 .text.LL_AHB2_GRP1_EnableClock
                0x0800141c       0x30 ./Core/Src/i2c.o
 .text.LL_APB1_GRP1_EnableClock
                0x0800144c       0x30 ./Core/Src/i2c.o
 .text.MX_I2C1_Init
                0x0800147c      0x1ac ./Core/Src/i2c.o
                0x0800147c                MX_I2C1_Init
 .text.LL_RCC_HSE_Enable
                0x08001628       0x20 ./Core/Src/main.o
 .text.LL_RCC_HSE_IsReady
                0x08001648       0x28 ./Core/Src/main.o
 .text.LL_RCC_SetSysClkSource
                0x08001670       0x28 ./Core/Src/main.o
 .text.LL_RCC_GetSysClkSource
                0x08001698       0x1c ./Core/Src/main.o
 .text.LL_RCC_SetAHBPrescaler
                0x080016b4       0x28 ./Core/Src/main.o
 .text.LL_RCC_SetAPB1Prescaler
                0x080016dc       0x28 ./Core/Src/main.o
 .text.LL_RCC_SetAPB2Prescaler
                0x08001704       0x28 ./Core/Src/main.o
 .text.LL_RCC_PLL_Enable
                0x0800172c       0x20 ./Core/Src/main.o
 .text.LL_RCC_PLL_IsReady
                0x0800174c       0x28 ./Core/Src/main.o
 .text.LL_RCC_PLL_ConfigDomain_SYS
                0x08001774       0x40 ./Core/Src/main.o
 .text.LL_RCC_PLL_EnableDomain_SYS
                0x080017b4       0x20 ./Core/Src/main.o
 .text.LL_FLASH_SetLatency
                0x080017d4       0x28 ./Core/Src/main.o
 .text.LL_FLASH_GetLatency
                0x080017fc       0x1c ./Core/Src/main.o
 .text.LL_PWR_SetRegulVoltageScaling
                0x08001818       0x28 ./Core/Src/main.o
 .text.LL_PWR_IsActiveFlag_VOS
                0x08001840       0x28 ./Core/Src/main.o
 .text.main     0x08001868       0x3c ./Core/Src/main.o
                0x08001868                main
 .text.SystemClock_Config
                0x080018a4       0x9c ./Core/Src/main.o
                0x080018a4                SystemClock_Config
 .text.Error_Handler
                0x08001940        0xc ./Core/Src/main.o
                0x08001940                Error_Handler
 .text.MX_SPI1_Init
                0x0800194c       0x7c ./Core/Src/spi.o
                0x0800194c                MX_SPI1_Init
 .text.MX_SPI2_Init
                0x080019c8       0x7c ./Core/Src/spi.o
                0x080019c8                MX_SPI2_Init
 .text.HAL_SPI_MspInit
                0x08001a44      0x1b0 ./Core/Src/spi.o
                0x08001a44                HAL_SPI_MspInit
 .text.HAL_MspInit
                0x08001bf4       0x50 ./Core/Src/stm32l4xx_hal_msp.o
                0x08001bf4                HAL_MspInit
 .text.NMI_Handler
                0x08001c44        0x8 ./Core/Src/stm32l4xx_it.o
                0x08001c44                NMI_Handler
 .text.HardFault_Handler
                0x08001c4c        0x8 ./Core/Src/stm32l4xx_it.o
                0x08001c4c                HardFault_Handler
 .text.MemManage_Handler
                0x08001c54        0x8 ./Core/Src/stm32l4xx_it.o
                0x08001c54                MemManage_Handler
 .text.BusFault_Handler
                0x08001c5c        0x8 ./Core/Src/stm32l4xx_it.o
                0x08001c5c                BusFault_Handler
 .text.UsageFault_Handler
                0x08001c64        0x8 ./Core/Src/stm32l4xx_it.o
                0x08001c64                UsageFault_Handler
 .text.DebugMon_Handler
                0x08001c6c        0xe ./Core/Src/stm32l4xx_it.o
                0x08001c6c                DebugMon_Handler
 .text.SysTick_Handler
                0x08001c7a       0x1a ./Core/Src/stm32l4xx_it.o
                0x08001c7a                SysTick_Handler
 .text.DMA1_Channel4_IRQHandler
                0x08001c94       0x14 ./Core/Src/stm32l4xx_it.o
                0x08001c94                DMA1_Channel4_IRQHandler
 .text.DMA1_Channel5_IRQHandler
                0x08001ca8       0x14 ./Core/Src/stm32l4xx_it.o
                0x08001ca8                DMA1_Channel5_IRQHandler
 .text.DMA1_Channel6_IRQHandler
                0x08001cbc        0xe ./Core/Src/stm32l4xx_it.o
                0x08001cbc                DMA1_Channel6_IRQHandler
 .text.DMA1_Channel7_IRQHandler
                0x08001cca        0xe ./Core/Src/stm32l4xx_it.o
                0x08001cca                DMA1_Channel7_IRQHandler
 .text.I2C1_EV_IRQHandler
                0x08001cd8        0xe ./Core/Src/stm32l4xx_it.o
                0x08001cd8                I2C1_EV_IRQHandler
 .text.I2C1_ER_IRQHandler
                0x08001ce6        0xe ./Core/Src/stm32l4xx_it.o
                0x08001ce6                I2C1_ER_IRQHandler
 .text.SPI2_IRQHandler
                0x08001cf4       0x14 ./Core/Src/stm32l4xx_it.o
                0x08001cf4                SPI2_IRQHandler
 .text.USART1_IRQHandler
                0x08001d08        0xe ./Core/Src/stm32l4xx_it.o
                0x08001d08                USART1_IRQHandler
 .text.USART2_IRQHandler
                0x08001d16        0xe ./Core/Src/stm32l4xx_it.o
                0x08001d16                USART2_IRQHandler
 .text.USART3_IRQHandler
                0x08001d24        0xe ./Core/Src/stm32l4xx_it.o
                0x08001d24                USART3_IRQHandler
 .text.DMA2_Channel6_IRQHandler
                0x08001d32        0xe ./Core/Src/stm32l4xx_it.o
                0x08001d32                DMA2_Channel6_IRQHandler
 .text.DMA2_Channel7_IRQHandler
                0x08001d40        0xe ./Core/Src/stm32l4xx_it.o
                0x08001d40                DMA2_Channel7_IRQHandler
 *fill*         0x08001d4e        0x2 
 .text._sbrk    0x08001d50       0x6c ./Core/Src/sysmem.o
                0x08001d50                _sbrk
 .text.SystemInit
                0x08001dbc       0x24 ./Core/Src/system_stm32l4xx.o
                0x08001dbc                SystemInit
 .text.config_sensors
                0x08001de0       0xc4 ./Core/Src/test_tof.o
                0x08001de0                config_sensors
 .text.initialize_sensors_I2C
                0x08001ea4       0xc8 ./Core/Src/test_tof.o
                0x08001ea4                initialize_sensors_I2C
 .text.get_sensor_data
                0x08001f6c       0x52 ./Core/Src/test_tof.o
                0x08001f6c                get_sensor_data
 *fill*         0x08001fbe        0x2 
 .text.__NVIC_GetPriorityGrouping
                0x08001fc0       0x1c ./Core/Src/usart.o
 .text.__NVIC_EnableIRQ
                0x08001fdc       0x3c ./Core/Src/usart.o
 .text.__NVIC_SetPriority
                0x08002018       0x54 ./Core/Src/usart.o
 .text.NVIC_EncodePriority
                0x0800206c       0x66 ./Core/Src/usart.o
 *fill*         0x080020d2        0x2 
 .text.LL_DMA_SetDataTransferDirection
                0x080020d4       0x50 ./Core/Src/usart.o
 .text.LL_DMA_SetMode
                0x08002124       0x4c ./Core/Src/usart.o
 .text.LL_DMA_SetPeriphIncMode
                0x08002170       0x4c ./Core/Src/usart.o
 .text.LL_DMA_SetMemoryIncMode
                0x080021bc       0x4c ./Core/Src/usart.o
 .text.LL_DMA_SetPeriphSize
                0x08002208       0x4c ./Core/Src/usart.o
 .text.LL_DMA_SetMemorySize
                0x08002254       0x4c ./Core/Src/usart.o
 .text.LL_DMA_SetChannelPriorityLevel
                0x080022a0       0x4c ./Core/Src/usart.o
 .text.LL_DMA_SetPeriphRequest
                0x080022ec       0x64 ./Core/Src/usart.o
 .text.LL_RCC_SetUSARTClockSource
                0x08002350       0x34 ./Core/Src/usart.o
 .text.LL_AHB2_GRP1_EnableClock
                0x08002384       0x30 ./Core/Src/usart.o
 .text.LL_APB1_GRP1_EnableClock
                0x080023b4       0x30 ./Core/Src/usart.o
 .text.LL_APB2_GRP1_EnableClock
                0x080023e4       0x30 ./Core/Src/usart.o
 .text.LL_USART_Enable
                0x08002414       0x20 ./Core/Src/usart.o
 .text.LL_USART_ConfigAsyncMode
                0x08002434       0x2c ./Core/Src/usart.o
 .text.MX_USART1_UART_Init
                0x08002460      0x16c ./Core/Src/usart.o
                0x08002460                MX_USART1_UART_Init
 .text.MX_USART2_UART_Init
                0x080025cc       0xc8 ./Core/Src/usart.o
                0x080025cc                MX_USART2_UART_Init
 .text.MX_USART3_UART_Init
                0x08002694       0xcc ./Core/Src/usart.o
                0x08002694                MX_USART3_UART_Init
 .text.Reset_Handler
                0x08002760       0x50 ./Core/Startup/startup_stm32l431cctx.o
                0x08002760                Reset_Handler
 .text.Default_Handler
                0x080027b0        0x2 ./Core/Startup/startup_stm32l431cctx.o
                0x080027b0                RTC_Alarm_IRQHandler
                0x080027b0                EXTI2_IRQHandler
                0x080027b0                TIM1_CC_IRQHandler
                0x080027b0                TSC_IRQHandler
                0x080027b0                TAMP_STAMP_IRQHandler
                0x080027b0                EXTI3_IRQHandler
                0x080027b0                LPTIM2_IRQHandler
                0x080027b0                I2C3_ER_IRQHandler
                0x080027b0                EXTI0_IRQHandler
                0x080027b0                I2C2_EV_IRQHandler
                0x080027b0                CAN1_RX0_IRQHandler
                0x080027b0                FPU_IRQHandler
                0x080027b0                TIM1_UP_TIM16_IRQHandler
                0x080027b0                SPI1_IRQHandler
                0x080027b0                TIM6_DAC_IRQHandler
                0x080027b0                DMA2_Channel2_IRQHandler
                0x080027b0                ADC1_IRQHandler
                0x080027b0                CAN1_RX1_IRQHandler
                0x080027b0                DMA2_Channel1_IRQHandler
                0x080027b0                QUADSPI_IRQHandler
                0x080027b0                DMA2_Channel4_IRQHandler
                0x080027b0                RCC_IRQHandler
                0x080027b0                TIM1_TRG_COM_IRQHandler
                0x080027b0                DMA1_Channel1_IRQHandler
                0x080027b0                Default_Handler
                0x080027b0                EXTI15_10_IRQHandler
                0x080027b0                TIM7_IRQHandler
                0x080027b0                SDMMC1_IRQHandler
                0x080027b0                I2C3_EV_IRQHandler
                0x080027b0                EXTI9_5_IRQHandler
                0x080027b0                RTC_WKUP_IRQHandler
                0x080027b0                PVD_PVM_IRQHandler
                0x080027b0                CAN1_TX_IRQHandler
                0x080027b0                DMA2_Channel5_IRQHandler
                0x080027b0                CRS_IRQHandler
                0x080027b0                EXTI4_IRQHandler
                0x080027b0                RNG_IRQHandler
                0x080027b0                DMA1_Channel3_IRQHandler
                0x080027b0                COMP_IRQHandler
                0x080027b0                WWDG_IRQHandler
                0x080027b0                LPUART1_IRQHandler
                0x080027b0                TIM2_IRQHandler
                0x080027b0                EXTI1_IRQHandler
                0x080027b0                I2C2_ER_IRQHandler
                0x080027b0                DMA1_Channel2_IRQHandler
                0x080027b0                CAN1_SCE_IRQHandler
                0x080027b0                FLASH_IRQHandler
                0x080027b0                SPI3_IRQHandler
                0x080027b0                SWPMI1_IRQHandler
                0x080027b0                LPTIM1_IRQHandler
                0x080027b0                SAI1_IRQHandler
                0x080027b0                DMA2_Channel3_IRQHandler
                0x080027b0                TIM1_BRK_TIM15_IRQHandler
 .text.LL_I2C_EnableDMAReq_TX
                0x080027b2       0x20 ./Drivers/Athena_deck_HAL/src/i2c_drv.o
 .text.LL_I2C_EnableDMAReq_RX
                0x080027d2       0x20 ./Drivers/Athena_deck_HAL/src/i2c_drv.o
 .text.LL_I2C_DMA_GetRegAddr
                0x080027f2       0x2c ./Drivers/Athena_deck_HAL/src/i2c_drv.o
 .text.LL_I2C_IsActiveFlag_TXE
                0x0800281e       0x26 ./Drivers/Athena_deck_HAL/src/i2c_drv.o
 .text.LL_I2C_IsActiveFlag_STOP
                0x08002844       0x26 ./Drivers/Athena_deck_HAL/src/i2c_drv.o
 .text.LL_I2C_IsActiveFlag_BUSY
                0x0800286a       0x28 ./Drivers/Athena_deck_HAL/src/i2c_drv.o
 .text.LL_I2C_ClearFlag_STOP
                0x08002892       0x20 ./Drivers/Athena_deck_HAL/src/i2c_drv.o
 .text.LL_I2C_ClearFlag_TXE
                0x080028b2       0x1a ./Drivers/Athena_deck_HAL/src/i2c_drv.o
 .text.LL_I2C_HandleTransfer
                0x080028cc       0x4c ./Drivers/Athena_deck_HAL/src/i2c_drv.o
 .text.LL_I2C_TransmitData8
                0x08002918       0x1e ./Drivers/Athena_deck_HAL/src/i2c_drv.o
 *fill*         0x08002936        0x2 
 .text.LL_DMA_EnableChannel
                0x08002938       0x44 ./Drivers/Athena_deck_HAL/src/i2c_drv.o
 .text.LL_DMA_DisableChannel
                0x0800297c       0x44 ./Drivers/Athena_deck_HAL/src/i2c_drv.o
 .text.LL_DMA_SetDataLength
                0x080029c0       0x4c ./Drivers/Athena_deck_HAL/src/i2c_drv.o
 .text.LL_DMA_ConfigAddresses
                0x08002a0c       0x7c ./Drivers/Athena_deck_HAL/src/i2c_drv.o
 .text.LL_DMA_IsActiveFlag_TC6
                0x08002a88       0x28 ./Drivers/Athena_deck_HAL/src/i2c_drv.o
 .text.LL_DMA_IsActiveFlag_TC7
                0x08002ab0       0x28 ./Drivers/Athena_deck_HAL/src/i2c_drv.o
 .text.i2cdevWriteReg8
                0x08002ad8       0xe4 ./Drivers/Athena_deck_HAL/src/i2c_drv.o
                0x08002ad8                i2cdevWriteReg8
 .text.i2cdevReadReg16
                0x08002bbc       0xe8 ./Drivers/Athena_deck_HAL/src/i2c_drv.o
                0x08002bbc                i2cdevReadReg16
 .text.i2cdevWriteReg16
                0x08002ca4       0xe0 ./Drivers/Athena_deck_HAL/src/i2c_drv.o
                0x08002ca4                i2cdevWriteReg16
 .text.I2C_expander_set_register
                0x08002d84       0x2c ./Drivers/BSP/Components/TCA6408A/src/tca6408a.o
                0x08002d84                I2C_expander_set_register
 .text.I2C_expander_initialize
                0x08002db0       0x4c ./Drivers/BSP/Components/TCA6408A/src/tca6408a.o
                0x08002db0                I2C_expander_initialize
 .text.RdByte   0x08002dfc       0x38 ./Drivers/BSP/Components/VL53L5CX_ULD_API/src/platform.o
                0x08002dfc                RdByte
 .text.WrByte   0x08002e34       0x40 ./Drivers/BSP/Components/VL53L5CX_ULD_API/src/platform.o
                0x08002e34                WrByte
 .text.WrMulti  0x08002e74       0x74 ./Drivers/BSP/Components/VL53L5CX_ULD_API/src/platform.o
                0x08002e74                WrMulti
 .text.RdMulti  0x08002ee8       0x74 ./Drivers/BSP/Components/VL53L5CX_ULD_API/src/platform.o
                0x08002ee8                RdMulti
 .text.SwapBuffer
                0x08002f5c       0x6c ./Drivers/BSP/Components/VL53L5CX_ULD_API/src/platform.o
                0x08002f5c                SwapBuffer
 .text.WaitMs   0x08002fc8       0x1a ./Drivers/BSP/Components/VL53L5CX_ULD_API/src/platform.o
                0x08002fc8                WaitMs
 .text._vl53l5cx_poll_for_answer
                0x08002fe2       0xa0 ./Drivers/BSP/Components/VL53L5CX_ULD_API/src/vl53l5cx_api.o
 .text._vl53l5cx_poll_for_mcu_boot
                0x08003082       0x82 ./Drivers/BSP/Components/VL53L5CX_ULD_API/src/vl53l5cx_api.o
 .text._vl53l5cx_send_offset_data
                0x08003104      0x398 ./Drivers/BSP/Components/VL53L5CX_ULD_API/src/vl53l5cx_api.o
 .text._vl53l5cx_send_xtalk_data
                0x0800349c      0x298 ./Drivers/BSP/Components/VL53L5CX_ULD_API/src/vl53l5cx_api.o
 .text.vl53l5cx_is_alive
                0x08003734       0x92 ./Drivers/BSP/Components/VL53L5CX_ULD_API/src/vl53l5cx_api.o
                0x08003734                vl53l5cx_is_alive
 *fill*         0x080037c6        0x2 
 .text.vl53l5cx_init
                0x080037c8      0x8d8 ./Drivers/BSP/Components/VL53L5CX_ULD_API/src/vl53l5cx_api.o
                0x080037c8                vl53l5cx_init
 .text.vl53l5cx_set_i2c_address
                0x080040a0       0x6c ./Drivers/BSP/Components/VL53L5CX_ULD_API/src/vl53l5cx_api.o
                0x080040a0                vl53l5cx_set_i2c_address
 .text.vl53l5cx_start_ranging
                0x0800410c      0x2f4 ./Drivers/BSP/Components/VL53L5CX_ULD_API/src/vl53l5cx_api.o
                0x0800410c                vl53l5cx_start_ranging
 .text.vl53l5cx_check_data_ready
                0x08004400       0xa0 ./Drivers/BSP/Components/VL53L5CX_ULD_API/src/vl53l5cx_api.o
                0x08004400                vl53l5cx_check_data_ready
 .text.vl53l5cx_get_ranging_data
                0x080044a0      0x434 ./Drivers/BSP/Components/VL53L5CX_ULD_API/src/vl53l5cx_api.o
                0x080044a0                vl53l5cx_get_ranging_data
 .text.vl53l5cx_get_resolution
                0x080048d4       0x4a ./Drivers/BSP/Components/VL53L5CX_ULD_API/src/vl53l5cx_api.o
                0x080048d4                vl53l5cx_get_resolution
 .text.vl53l5cx_set_resolution
                0x0800491e      0x1a8 ./Drivers/BSP/Components/VL53L5CX_ULD_API/src/vl53l5cx_api.o
                0x0800491e                vl53l5cx_set_resolution
 .text.vl53l5cx_set_ranging_frequency_hz
                0x08004ac6       0x42 ./Drivers/BSP/Components/VL53L5CX_ULD_API/src/vl53l5cx_api.o
                0x08004ac6                vl53l5cx_set_ranging_frequency_hz
 .text.vl53l5cx_set_target_order
                0x08004b08       0x58 ./Drivers/BSP/Components/VL53L5CX_ULD_API/src/vl53l5cx_api.o
                0x08004b08                vl53l5cx_set_target_order
 .text.vl53l5cx_set_ranging_mode
                0x08004b60       0xae ./Drivers/BSP/Components/VL53L5CX_ULD_API/src/vl53l5cx_api.o
                0x08004b60                vl53l5cx_set_ranging_mode
 *fill*         0x08004c0e        0x2 
 .text.vl53l5cx_dci_read_data
                0x08004c10      0x114 ./Drivers/BSP/Components/VL53L5CX_ULD_API/src/vl53l5cx_api.o
                0x08004c10                vl53l5cx_dci_read_data
 .text.vl53l5cx_dci_write_data
                0x08004d24      0x13c ./Drivers/BSP/Components/VL53L5CX_ULD_API/src/vl53l5cx_api.o
                0x08004d24                vl53l5cx_dci_write_data
 .text.vl53l5cx_dci_replace_data
                0x08004e60       0x58 ./Drivers/BSP/Components/VL53L5CX_ULD_API/src/vl53l5cx_api.o
                0x08004e60                vl53l5cx_dci_replace_data
 .text.BSP_W25Qx_Init
                0x08004eb8       0x12 ./Drivers/BSP/Components/W25Q64/src/w25q64.o
                0x08004eb8                BSP_W25Qx_Init
 *fill*         0x08004eca        0x2 
 .text.BSP_W25Qx_Reset
                0x08004ecc       0x44 ./Drivers/BSP/Components/W25Q64/src/w25q64.o
 .text.BSP_W25Qx_GetStatus
                0x08004f10       0x60 ./Drivers/BSP/Components/W25Q64/src/w25q64.o
 .text.BSP_W25Qx_WriteEnable
                0x08004f70       0x68 ./Drivers/BSP/Components/W25Q64/src/w25q64.o
                0x08004f70                BSP_W25Qx_WriteEnable
 .text.BSP_W25Qx_Read_ID
                0x08004fd8       0x54 ./Drivers/BSP/Components/W25Q64/src/w25q64.o
                0x08004fd8                BSP_W25Qx_Read_ID
 .text.BSP_W25Qx_Read
                0x0800502c       0x7c ./Drivers/BSP/Components/W25Q64/src/w25q64.o
                0x0800502c                BSP_W25Qx_Read
 .text.BSP_W25Qx_Write
                0x080050a8      0x118 ./Drivers/BSP/Components/W25Q64/src/w25q64.o
                0x080050a8                BSP_W25Qx_Write
 .text.BSP_W25Qx_Erase_Block
                0x080051c0       0x88 ./Drivers/BSP/Components/W25Q64/src/w25q64.o
                0x080051c0                BSP_W25Qx_Erase_Block
 .text.HAL_Init
                0x08005248       0x30 ./Drivers/STM32L4xx_HAL_Driver/Src/stm32l4xx_hal.o
                0x08005248                HAL_Init
 .text.HAL_InitTick
                0x08005278       0x78 ./Drivers/STM32L4xx_HAL_Driver/Src/stm32l4xx_hal.o
                0x08005278                HAL_InitTick
 .text.HAL_IncTick
                0x080052f0       0x28 ./Drivers/STM32L4xx_HAL_Driver/Src/stm32l4xx_hal.o
                0x080052f0                HAL_IncTick
 .text.HAL_GetTick
                0x08005318       0x18 ./Drivers/STM32L4xx_HAL_Driver/Src/stm32l4xx_hal.o
                0x08005318                HAL_GetTick
 .text.__NVIC_SetPriorityGrouping
                0x08005330       0x48 ./Drivers/STM32L4xx_HAL_Driver/Src/stm32l4xx_hal_cortex.o
 .text.__NVIC_GetPriorityGrouping
                0x08005378       0x1c ./Drivers/STM32L4xx_HAL_Driver/Src/stm32l4xx_hal_cortex.o
 .text.__NVIC_EnableIRQ
                0x08005394       0x3c ./Drivers/STM32L4xx_HAL_Driver/Src/stm32l4xx_hal_cortex.o
 .text.__NVIC_SetPriority
                0x080053d0       0x54 ./Drivers/STM32L4xx_HAL_Driver/Src/stm32l4xx_hal_cortex.o
 .text.NVIC_EncodePriority
                0x08005424       0x66 ./Drivers/STM32L4xx_HAL_Driver/Src/stm32l4xx_hal_cortex.o
 *fill*         0x0800548a        0x2 
 .text.SysTick_Config
                0x0800548c       0x44 ./Drivers/STM32L4xx_HAL_Driver/Src/stm32l4xx_hal_cortex.o
 .text.HAL_NVIC_SetPriorityGrouping
                0x080054d0       0x16 ./Drivers/STM32L4xx_HAL_Driver/Src/stm32l4xx_hal_cortex.o
                0x080054d0                HAL_NVIC_SetPriorityGrouping
 .text.HAL_NVIC_SetPriority
                0x080054e6       0x38 ./Drivers/STM32L4xx_HAL_Driver/Src/stm32l4xx_hal_cortex.o
                0x080054e6                HAL_NVIC_SetPriority
 .text.HAL_NVIC_EnableIRQ
                0x0800551e       0x1c ./Drivers/STM32L4xx_HAL_Driver/Src/stm32l4xx_hal_cortex.o
                0x0800551e                HAL_NVIC_EnableIRQ
 .text.HAL_SYSTICK_Config
                0x0800553a       0x18 ./Drivers/STM32L4xx_HAL_Driver/Src/stm32l4xx_hal_cortex.o
                0x0800553a                HAL_SYSTICK_Config
 *fill*         0x08005552        0x2 
 .text.HAL_DMA_Init
                0x08005554      0x170 ./Drivers/STM32L4xx_HAL_Driver/Src/stm32l4xx_hal_dma.o
                0x08005554                HAL_DMA_Init
 .text.HAL_DMA_Abort_IT
                0x080056c4       0x82 ./Drivers/STM32L4xx_HAL_Driver/Src/stm32l4xx_hal_dma.o
                0x080056c4                HAL_DMA_Abort_IT
 .text.HAL_DMA_IRQHandler
                0x08005746      0x15e ./Drivers/STM32L4xx_HAL_Driver/Src/stm32l4xx_hal_dma.o
                0x08005746                HAL_DMA_IRQHandler
 .text.HAL_GPIO_Init
                0x080058a4      0x2f4 ./Drivers/STM32L4xx_HAL_Driver/Src/stm32l4xx_hal_gpio.o
                0x080058a4                HAL_GPIO_Init
 .text.HAL_GPIO_WritePin
                0x08005b98       0x30 ./Drivers/STM32L4xx_HAL_Driver/Src/stm32l4xx_hal_gpio.o
                0x08005b98                HAL_GPIO_WritePin
 .text.HAL_SPI_Init
                0x08005bc8      0x146 ./Drivers/STM32L4xx_HAL_Driver/Src/stm32l4xx_hal_spi.o
                0x08005bc8                HAL_SPI_Init
 .text.HAL_SPI_Transmit
                0x08005d0e      0x2ea ./Drivers/STM32L4xx_HAL_Driver/Src/stm32l4xx_hal_spi.o
                0x08005d0e                HAL_SPI_Transmit
 .text.HAL_SPI_Receive
                0x08005ff8      0x26e ./Drivers/STM32L4xx_HAL_Driver/Src/stm32l4xx_hal_spi.o
                0x08005ff8                HAL_SPI_Receive
 .text.HAL_SPI_TransmitReceive
                0x08006266      0x444 ./Drivers/STM32L4xx_HAL_Driver/Src/stm32l4xx_hal_spi.o
                0x08006266                HAL_SPI_TransmitReceive
 *fill*         0x080066aa        0x2 
 .text.HAL_SPI_IRQHandler
                0x080066ac      0x1e8 ./Drivers/STM32L4xx_HAL_Driver/Src/stm32l4xx_hal_spi.o
                0x080066ac                HAL_SPI_IRQHandler
 .text.HAL_SPI_ErrorCallback
                0x08006894       0x14 ./Drivers/STM32L4xx_HAL_Driver/Src/stm32l4xx_hal_spi.o
                0x08006894                HAL_SPI_ErrorCallback
 .text.SPI_DMAAbortOnError
                0x080068a8       0x2a ./Drivers/STM32L4xx_HAL_Driver/Src/stm32l4xx_hal_spi.o
 *fill*         0x080068d2        0x2 
 .text.SPI_WaitFlagStateUntilTimeout
                0x080068d4      0x110 ./Drivers/STM32L4xx_HAL_Driver/Src/stm32l4xx_hal_spi.o
 .text.SPI_WaitFifoStateUntilTimeout
                0x080069e4      0x12c ./Drivers/STM32L4xx_HAL_Driver/Src/stm32l4xx_hal_spi.o
 .text.SPI_EndRxTransaction
                0x08006b10       0xb0 ./Drivers/STM32L4xx_HAL_Driver/Src/stm32l4xx_hal_spi.o
 .text.SPI_EndRxTxTransaction
                0x08006bc0       0x8c ./Drivers/STM32L4xx_HAL_Driver/Src/stm32l4xx_hal_spi.o
 .text.LL_GPIO_SetPinMode
                0x08006c4c       0x7a ./Drivers/STM32L4xx_HAL_Driver/Src/stm32l4xx_ll_gpio.o
 .text.LL_GPIO_SetPinOutputType
                0x08006cc6       0x30 ./Drivers/STM32L4xx_HAL_Driver/Src/stm32l4xx_ll_gpio.o
 .text.LL_GPIO_SetPinSpeed
                0x08006cf6       0x7a ./Drivers/STM32L4xx_HAL_Driver/Src/stm32l4xx_ll_gpio.o
 .text.LL_GPIO_SetPinPull
                0x08006d70       0x7a ./Drivers/STM32L4xx_HAL_Driver/Src/stm32l4xx_ll_gpio.o
 .text.LL_GPIO_SetAFPin_0_7
                0x08006dea       0x7a ./Drivers/STM32L4xx_HAL_Driver/Src/stm32l4xx_ll_gpio.o
 .text.LL_GPIO_SetAFPin_8_15
                0x08006e64       0x7e ./Drivers/STM32L4xx_HAL_Driver/Src/stm32l4xx_ll_gpio.o
 .text.LL_GPIO_Init
                0x08006ee2       0xdc ./Drivers/STM32L4xx_HAL_Driver/Src/stm32l4xx_ll_gpio.o
                0x08006ee2                LL_GPIO_Init
 .text.LL_I2C_Enable
                0x08006fbe       0x20 ./Drivers/STM32L4xx_HAL_Driver/Src/stm32l4xx_ll_i2c.o
 .text.LL_I2C_Disable
                0x08006fde       0x20 ./Drivers/STM32L4xx_HAL_Driver/Src/stm32l4xx_ll_i2c.o
 .text.LL_I2C_ConfigFilters
                0x08006ffe       0x2e ./Drivers/STM32L4xx_HAL_Driver/Src/stm32l4xx_ll_i2c.o
 .text.LL_I2C_SetOwnAddress1
                0x0800702c       0x30 ./Drivers/STM32L4xx_HAL_Driver/Src/stm32l4xx_ll_i2c.o
 .text.LL_I2C_EnableOwnAddress1
                0x0800705c       0x20 ./Drivers/STM32L4xx_HAL_Driver/Src/stm32l4xx_ll_i2c.o
 .text.LL_I2C_DisableOwnAddress1
                0x0800707c       0x20 ./Drivers/STM32L4xx_HAL_Driver/Src/stm32l4xx_ll_i2c.o
 .text.LL_I2C_SetTiming
                0x0800709c       0x1c ./Drivers/STM32L4xx_HAL_Driver/Src/stm32l4xx_ll_i2c.o
 .text.LL_I2C_SetMode
                0x080070b8       0x26 ./Drivers/STM32L4xx_HAL_Driver/Src/stm32l4xx_ll_i2c.o
 .text.LL_I2C_AcknowledgeNextData
                0x080070de       0x26 ./Drivers/STM32L4xx_HAL_Driver/Src/stm32l4xx_ll_i2c.o
 .text.LL_I2C_Init
                0x08007104       0x78 ./Drivers/STM32L4xx_HAL_Driver/Src/stm32l4xx_ll_i2c.o
                0x08007104                LL_I2C_Init
 .text.LL_RCC_HSI_IsReady
                0x0800717c       0x28 ./Drivers/STM32L4xx_HAL_Driver/Src/stm32l4xx_ll_rcc.o
 .text.LL_RCC_LSE_IsReady
                0x080071a4       0x28 ./Drivers/STM32L4xx_HAL_Driver/Src/stm32l4xx_ll_rcc.o
 .text.LL_RCC_MSI_IsEnabledRangeSelect
                0x080071cc       0x24 ./Drivers/STM32L4xx_HAL_Driver/Src/stm32l4xx_ll_rcc.o
 .text.LL_RCC_MSI_GetRange
                0x080071f0       0x1c ./Drivers/STM32L4xx_HAL_Driver/Src/stm32l4xx_ll_rcc.o
 .text.LL_RCC_MSI_GetRangeAfterStandby
                0x0800720c       0x1c ./Drivers/STM32L4xx_HAL_Driver/Src/stm32l4xx_ll_rcc.o
 .text.LL_RCC_GetSysClkSource
                0x08007228       0x1c ./Drivers/STM32L4xx_HAL_Driver/Src/stm32l4xx_ll_rcc.o
 .text.LL_RCC_GetAHBPrescaler
                0x08007244       0x1c ./Drivers/STM32L4xx_HAL_Driver/Src/stm32l4xx_ll_rcc.o
 .text.LL_RCC_GetAPB1Prescaler
                0x08007260       0x1c ./Drivers/STM32L4xx_HAL_Driver/Src/stm32l4xx_ll_rcc.o
 .text.LL_RCC_GetAPB2Prescaler
                0x0800727c       0x1c ./Drivers/STM32L4xx_HAL_Driver/Src/stm32l4xx_ll_rcc.o
 .text.LL_RCC_GetUSARTClockSource
                0x08007298       0x28 ./Drivers/STM32L4xx_HAL_Driver/Src/stm32l4xx_ll_rcc.o
 .text.LL_RCC_PLL_GetMainSource
                0x080072c0       0x1c ./Drivers/STM32L4xx_HAL_Driver/Src/stm32l4xx_ll_rcc.o
 .text.LL_RCC_PLL_GetN
                0x080072dc       0x1c ./Drivers/STM32L4xx_HAL_Driver/Src/stm32l4xx_ll_rcc.o
 .text.LL_RCC_PLL_GetR
                0x080072f8       0x1c ./Drivers/STM32L4xx_HAL_Driver/Src/stm32l4xx_ll_rcc.o
 .text.LL_RCC_PLL_GetDivider
                0x08007314       0x1c ./Drivers/STM32L4xx_HAL_Driver/Src/stm32l4xx_ll_rcc.o
 .text.LL_RCC_GetUSARTClockFreq
                0x08007330      0x1c4 ./Drivers/STM32L4xx_HAL_Driver/Src/stm32l4xx_ll_rcc.o
                0x08007330                LL_RCC_GetUSARTClockFreq
 .text.RCC_GetSystemClockFreq
                0x080074f4      0x120 ./Drivers/STM32L4xx_HAL_Driver/Src/stm32l4xx_ll_rcc.o
 .text.RCC_GetHCLKClockFreq
                0x08007614       0x2c ./Drivers/STM32L4xx_HAL_Driver/Src/stm32l4xx_ll_rcc.o
 .text.RCC_GetPCLK1ClockFreq
                0x08007640       0x28 ./Drivers/STM32L4xx_HAL_Driver/Src/stm32l4xx_ll_rcc.o
 .text.RCC_GetPCLK2ClockFreq
                0x08007668       0x28 ./Drivers/STM32L4xx_HAL_Driver/Src/stm32l4xx_ll_rcc.o
 .text.RCC_PLL_GetFreqDomain_SYS
                0x08007690      0x118 ./Drivers/STM32L4xx_HAL_Driver/Src/stm32l4xx_ll_rcc.o
 .text.LL_USART_IsEnabled
                0x080077a8       0x26 ./Drivers/STM32L4xx_HAL_Driver/Src/stm32l4xx_ll_usart.o
 .text.LL_USART_SetStopBitsLength
                0x080077ce       0x26 ./Drivers/STM32L4xx_HAL_Driver/Src/stm32l4xx_ll_usart.o
 .text.LL_USART_SetHWFlowCtrl
                0x080077f4       0x26 ./Drivers/STM32L4xx_HAL_Driver/Src/stm32l4xx_ll_usart.o
 .text.LL_USART_SetBaudRate
                0x0800781a       0x6e ./Drivers/STM32L4xx_HAL_Driver/Src/stm32l4xx_ll_usart.o
 .text.LL_USART_Init
                0x08007888       0xcc ./Drivers/STM32L4xx_HAL_Driver/Src/stm32l4xx_ll_usart.o
                0x08007888                LL_USART_Init
 .text.LL_mDelay
                0x08007954       0x50 ./Drivers/STM32L4xx_HAL_Driver/Src/stm32l4xx_ll_utils.o
                0x08007954                LL_mDelay
 .text.LL_SetSystemCoreClock
                0x080079a4       0x20 ./Drivers/STM32L4xx_HAL_Driver/Src/stm32l4xx_ll_utils.o
                0x080079a4                LL_SetSystemCoreClock
 .text.__NVIC_SetPriority
                0x080079c4       0x54 ./Middlewares/Third_Party/FreeRTOS/Source/CMSIS_RTOS_V2/cmsis_os2.o
 .text.SVC_Setup
                0x08007a18       0x12 ./Middlewares/Third_Party/FreeRTOS/Source/CMSIS_RTOS_V2/cmsis_os2.o
 *fill*         0x08007a2a        0x2 
 .text.osKernelInitialize
                0x08007a2c       0x48 ./Middlewares/Third_Party/FreeRTOS/Source/CMSIS_RTOS_V2/cmsis_os2.o
                0x08007a2c                osKernelInitialize
 .text.osKernelStart
                0x08007a74       0x4c ./Middlewares/Third_Party/FreeRTOS/Source/CMSIS_RTOS_V2/cmsis_os2.o
                0x08007a74                osKernelStart
 .text.osThreadNew
                0x08007ac0      0x124 ./Middlewares/Third_Party/FreeRTOS/Source/CMSIS_RTOS_V2/cmsis_os2.o
                0x08007ac0                osThreadNew
 .text.osDelay  0x08007be4       0x36 ./Middlewares/Third_Party/FreeRTOS/Source/CMSIS_RTOS_V2/cmsis_os2.o
                0x08007be4                osDelay
 *fill*         0x08007c1a        0x2 
 .text.vApplicationGetIdleTaskMemory
                0x08007c1c       0x34 ./Middlewares/Third_Party/FreeRTOS/Source/CMSIS_RTOS_V2/cmsis_os2.o
                0x08007c1c                vApplicationGetIdleTaskMemory
 .text.vApplicationGetTimerTaskMemory
                0x08007c50       0x34 ./Middlewares/Third_Party/FreeRTOS/Source/CMSIS_RTOS_V2/cmsis_os2.o
                0x08007c50                vApplicationGetTimerTaskMemory
 .text.vListInitialise
                0x08007c84       0x40 ./Middlewares/Third_Party/FreeRTOS/Source/list.o
                0x08007c84                vListInitialise
 .text.vListInitialiseItem
                0x08007cc4       0x1a ./Middlewares/Third_Party/FreeRTOS/Source/list.o
                0x08007cc4                vListInitialiseItem
 .text.vListInsertEnd
                0x08007cde       0x48 ./Middlewares/Third_Party/FreeRTOS/Source/list.o
                0x08007cde                vListInsertEnd
 .text.vListInsert
                0x08007d26       0x72 ./Middlewares/Third_Party/FreeRTOS/Source/list.o
                0x08007d26                vListInsert
 .text.uxListRemove
                0x08007d98       0x54 ./Middlewares/Third_Party/FreeRTOS/Source/list.o
                0x08007d98                uxListRemove
 .text.xQueueGenericReset
                0x08007dec       0xd4 ./Middlewares/Third_Party/FreeRTOS/Source/queue.o
                0x08007dec                xQueueGenericReset
 .text.xQueueGenericCreateStatic
                0x08007ec0       0xfa ./Middlewares/Third_Party/FreeRTOS/Source/queue.o
                0x08007ec0                xQueueGenericCreateStatic
 .text.prvInitialiseNewQueue
                0x08007fba       0x46 ./Middlewares/Third_Party/FreeRTOS/Source/queue.o
 .text.xQueueGenericSend
                0x08008000      0x204 ./Middlewares/Third_Party/FreeRTOS/Source/queue.o
                0x08008000                xQueueGenericSend
 .text.xQueueGenericSendFromISR
                0x08008204      0x13c ./Middlewares/Third_Party/FreeRTOS/Source/queue.o
                0x08008204                xQueueGenericSendFromISR
 .text.xQueueReceive
                0x08008340      0x1c4 ./Middlewares/Third_Party/FreeRTOS/Source/queue.o
                0x08008340                xQueueReceive
 .text.prvCopyDataToQueue
                0x08008504       0xd4 ./Middlewares/Third_Party/FreeRTOS/Source/queue.o
 .text.prvCopyDataFromQueue
                0x080085d8       0x4c ./Middlewares/Third_Party/FreeRTOS/Source/queue.o
 .text.prvUnlockQueue
                0x08008624       0xa4 ./Middlewares/Third_Party/FreeRTOS/Source/queue.o
 .text.prvIsQueueEmpty
                0x080086c8       0x2c ./Middlewares/Third_Party/FreeRTOS/Source/queue.o
 .text.prvIsQueueFull
                0x080086f4       0x30 ./Middlewares/Third_Party/FreeRTOS/Source/queue.o
 .text.vQueueAddToRegistry
                0x08008724       0x54 ./Middlewares/Third_Party/FreeRTOS/Source/queue.o
                0x08008724                vQueueAddToRegistry
 .text.vQueueWaitForMessageRestricted
                0x08008778       0x68 ./Middlewares/Third_Party/FreeRTOS/Source/queue.o
                0x08008778                vQueueWaitForMessageRestricted
 .text.xTaskCreateStatic
                0x080087e0       0xc0 ./Middlewares/Third_Party/FreeRTOS/Source/tasks.o
                0x080087e0                xTaskCreateStatic
 .text.xTaskCreate
                0x080088a0       0x8a ./Middlewares/Third_Party/FreeRTOS/Source/tasks.o
                0x080088a0                xTaskCreate
 .text.prvInitialiseNewTask
                0x0800892a      0x120 ./Middlewares/Third_Party/FreeRTOS/Source/tasks.o
 *fill*         0x08008a4a        0x2 
 .text.prvAddNewTaskToReadyList
                0x08008a4c       0xe0 ./Middlewares/Third_Party/FreeRTOS/Source/tasks.o
 .text.vTaskDelay
                0x08008b2c       0x6c ./Middlewares/Third_Party/FreeRTOS/Source/tasks.o
                0x08008b2c                vTaskDelay
 .text.vTaskStartScheduler
                0x08008b98       0xd0 ./Middlewares/Third_Party/FreeRTOS/Source/tasks.o
                0x08008b98                vTaskStartScheduler
 .text.vTaskSuspendAll
                0x08008c68       0x1c ./Middlewares/Third_Party/FreeRTOS/Source/tasks.o
                0x08008c68                vTaskSuspendAll
 .text.xTaskResumeAll
                0x08008c84      0x13c ./Middlewares/Third_Party/FreeRTOS/Source/tasks.o
                0x08008c84                xTaskResumeAll
 .text.xTaskGetTickCount
                0x08008dc0       0x20 ./Middlewares/Third_Party/FreeRTOS/Source/tasks.o
                0x08008dc0                xTaskGetTickCount
 .text.xTaskIncrementTick
                0x08008de0      0x174 ./Middlewares/Third_Party/FreeRTOS/Source/tasks.o
                0x08008de0                xTaskIncrementTick
 .text.vTaskSwitchContext
                0x08008f54       0xbc ./Middlewares/Third_Party/FreeRTOS/Source/tasks.o
                0x08008f54                vTaskSwitchContext
 .text.vTaskPlaceOnEventList
                0x08009010       0x4c ./Middlewares/Third_Party/FreeRTOS/Source/tasks.o
                0x08009010                vTaskPlaceOnEventList
 .text.vTaskPlaceOnEventListRestricted
                0x0800905c       0x58 ./Middlewares/Third_Party/FreeRTOS/Source/tasks.o
                0x0800905c                vTaskPlaceOnEventListRestricted
 .text.xTaskRemoveFromEventList
                0x080090b4       0xc8 ./Middlewares/Third_Party/FreeRTOS/Source/tasks.o
                0x080090b4                xTaskRemoveFromEventList
 .text.vTaskInternalSetTimeOutState
                0x0800917c       0x2c ./Middlewares/Third_Party/FreeRTOS/Source/tasks.o
                0x0800917c                vTaskInternalSetTimeOutState
 .text.xTaskCheckForTimeOut
                0x080091a8       0xc8 ./Middlewares/Third_Party/FreeRTOS/Source/tasks.o
                0x080091a8                xTaskCheckForTimeOut
 .text.vTaskMissedYield
                0x08009270       0x18 ./Middlewares/Third_Party/FreeRTOS/Source/tasks.o
                0x08009270                vTaskMissedYield
 .text.prvIdleTask
                0x08009288       0x30 ./Middlewares/Third_Party/FreeRTOS/Source/tasks.o
 .text.prvInitialiseTaskLists
                0x080092b8       0x80 ./Middlewares/Third_Party/FreeRTOS/Source/tasks.o
 .text.prvCheckTasksWaitingTermination
                0x08009338       0x5c ./Middlewares/Third_Party/FreeRTOS/Source/tasks.o
 .text.prvDeleteTCB
                0x08009394       0x60 ./Middlewares/Third_Party/FreeRTOS/Source/tasks.o
 .text.prvResetNextTaskUnblockTime
                0x080093f4       0x40 ./Middlewares/Third_Party/FreeRTOS/Source/tasks.o
 .text.xTaskGetSchedulerState
                0x08009434       0x3c ./Middlewares/Third_Party/FreeRTOS/Source/tasks.o
                0x08009434                xTaskGetSchedulerState
 .text.xTaskPriorityDisinherit
                0x08009470       0xe0 ./Middlewares/Third_Party/FreeRTOS/Source/tasks.o
                0x08009470                xTaskPriorityDisinherit
 .text.prvAddCurrentTaskToDelayedList
                0x08009550       0xa8 ./Middlewares/Third_Party/FreeRTOS/Source/tasks.o
 .text.xTimerCreateTimerTask
                0x080095f8       0x94 ./Middlewares/Third_Party/FreeRTOS/Source/timers.o
                0x080095f8                xTimerCreateTimerTask
 .text.xTimerGenericCommand
                0x0800968c       0x9c ./Middlewares/Third_Party/FreeRTOS/Source/timers.o
                0x0800968c                xTimerGenericCommand
 .text.prvProcessExpiredTimer
                0x08009728       0x9c ./Middlewares/Third_Party/FreeRTOS/Source/timers.o
 .text.prvTimerTask
                0x080097c4       0x26 ./Middlewares/Third_Party/FreeRTOS/Source/timers.o
 *fill*         0x080097ea        0x2 
 .text.prvProcessTimerOrBlockTask
                0x080097ec       0x9c ./Middlewares/Third_Party/FreeRTOS/Source/timers.o
 .text.prvGetNextExpireTime
                0x08009888       0x48 ./Middlewares/Third_Party/FreeRTOS/Source/timers.o
 .text.prvSampleTimeNow
                0x080098d0       0x40 ./Middlewares/Third_Party/FreeRTOS/Source/timers.o
 .text.prvInsertTimerInActiveList
                0x08009910       0x84 ./Middlewares/Third_Party/FreeRTOS/Source/timers.o
 .text.prvProcessReceivedCommands
                0x08009994      0x1cc ./Middlewares/Third_Party/FreeRTOS/Source/timers.o
 .text.prvSwitchTimerLists
                0x08009b60       0xcc ./Middlewares/Third_Party/FreeRTOS/Source/timers.o
 .text.prvCheckForValidListAndQueue
                0x08009c2c       0x80 ./Middlewares/Third_Party/FreeRTOS/Source/timers.o
 .text.pxPortInitialiseStack
                0x08009cac       0x68 ./Middlewares/Third_Party/FreeRTOS/Source/portable/GCC/ARM_CM4F/port.o
                0x08009cac                pxPortInitialiseStack
 .text.prvTaskExitError
                0x08009d14       0x5c ./Middlewares/Third_Party/FreeRTOS/Source/portable/GCC/ARM_CM4F/port.o
 .text.SVC_Handler
                0x08009d70       0x28 ./Middlewares/Third_Party/FreeRTOS/Source/portable/GCC/ARM_CM4F/port.o
                0x08009d70                SVC_Handler
 .text.prvPortStartFirstTask
                0x08009d98       0x28 ./Middlewares/Third_Party/FreeRTOS/Source/portable/GCC/ARM_CM4F/port.o
 .text.xPortStartScheduler
                0x08009dc0      0x148 ./Middlewares/Third_Party/FreeRTOS/Source/portable/GCC/ARM_CM4F/port.o
                0x08009dc0                xPortStartScheduler
 .text.vPortEnterCritical
                0x08009f08       0x64 ./Middlewares/Third_Party/FreeRTOS/Source/portable/GCC/ARM_CM4F/port.o
                0x08009f08                vPortEnterCritical
 .text.vPortExitCritical
                0x08009f6c       0x54 ./Middlewares/Third_Party/FreeRTOS/Source/portable/GCC/ARM_CM4F/port.o
                0x08009f6c                vPortExitCritical
 .text.PendSV_Handler
                0x08009fc0       0x68 ./Middlewares/Third_Party/FreeRTOS/Source/portable/GCC/ARM_CM4F/port.o
                0x08009fc0                PendSV_Handler
 .text.xPortSysTickHandler
                0x0800a028       0x44 ./Middlewares/Third_Party/FreeRTOS/Source/portable/GCC/ARM_CM4F/port.o
                0x0800a028                xPortSysTickHandler
 .text.vPortSetupTimerInterrupt
                0x0800a06c       0x48 ./Middlewares/Third_Party/FreeRTOS/Source/portable/GCC/ARM_CM4F/port.o
                0x0800a06c                vPortSetupTimerInterrupt
 .text.vPortEnableVFP
                0x0800a0b4       0x14 ./Middlewares/Third_Party/FreeRTOS/Source/portable/GCC/ARM_CM4F/port.o
 .text.vPortValidateInterruptPriority
                0x0800a0c8       0x84 ./Middlewares/Third_Party/FreeRTOS/Source/portable/GCC/ARM_CM4F/port.o
                0x0800a0c8                vPortValidateInterruptPriority
 .text.pvPortMalloc
                0x0800a14c      0x19c ./Middlewares/Third_Party/FreeRTOS/Source/portable/MemMang/heap_4.o
                0x0800a14c                pvPortMalloc
 .text.vPortFree
                0x0800a2e8       0xc8 ./Middlewares/Third_Party/FreeRTOS/Source/portable/MemMang/heap_4.o
                0x0800a2e8                vPortFree
 .text.prvHeapInit
                0x0800a3b0       0xc4 ./Middlewares/Third_Party/FreeRTOS/Source/portable/MemMang/heap_4.o
 .text.prvInsertBlockIntoFreeList
                0x0800a474       0xb4 ./Middlewares/Third_Party/FreeRTOS/Source/portable/MemMang/heap_4.o
 .text.init_XYZ_ZoneCoordinates
                0x0800a528       0x54 ./app-example/tinymap/src/calibration.o
                0x0800a528                init_XYZ_ZoneCoordinates
 .text.Judge    0x0800a57c       0x7a ./app-example/tinymap/src/calibration.o
                0x0800a57c                Judge
 .text.setResultData
                0x0800a5f6       0xbc ./app-example/tinymap/src/calibration.o
                0x0800a5f6                setResultData
 *fill*         0x0800a6b2        0x2 
 .text.ConvertDist2XYZCoords8x8
                0x0800a6b4      0x2ec ./app-example/tinymap/src/calibration.o
                0x0800a6b4                ConvertDist2XYZCoords8x8
 .text.ground_coordinate
                0x0800a9a0      0x460 ./app-example/tinymap/src/calibration.o
                0x0800a9a0                ground_coordinate
 .text.process  0x0800ae00       0xf4 ./app-example/tinymap/src/calibration.o
                0x0800ae00                process
 .text.malloc   0x0800aef4       0x10 E:/ST/STM32CubeIDE_1.14.1/STM32CubeIDE/plugins/com.st.stm32cube.ide.mcu.externaltools.gnu-tools-for-stm32.12.3.rel1.win32_1.0.100.202403111256/tools/bin/../lib/gcc/arm-none-eabi/12.3.1/../../../../arm-none-eabi/lib/thumb/v7e-m+fp/hard\libc_nano.a(libc_a-malloc.o)
                0x0800aef4                malloc
 .text.free     0x0800af04       0x10 E:/ST/STM32CubeIDE_1.14.1/STM32CubeIDE/plugins/com.st.stm32cube.ide.mcu.externaltools.gnu-tools-for-stm32.12.3.rel1.win32_1.0.100.202403111256/tools/bin/../lib/gcc/arm-none-eabi/12.3.1/../../../../arm-none-eabi/lib/thumb/v7e-m+fp/hard\libc_nano.a(libc_a-malloc.o)
                0x0800af04                free
 .text.sbrk_aligned
                0x0800af14       0x44 E:/ST/STM32CubeIDE_1.14.1/STM32CubeIDE/plugins/com.st.stm32cube.ide.mcu.externaltools.gnu-tools-for-stm32.12.3.rel1.win32_1.0.100.202403111256/tools/bin/../lib/gcc/arm-none-eabi/12.3.1/../../../../arm-none-eabi/lib/thumb/v7e-m+fp/hard\libc_nano.a(libc_a-mallocr.o)
 .text._malloc_r
                0x0800af58      0x100 E:/ST/STM32CubeIDE_1.14.1/STM32CubeIDE/plugins/com.st.stm32cube.ide.mcu.externaltools.gnu-tools-for-stm32.12.3.rel1.win32_1.0.100.202403111256/tools/bin/../lib/gcc/arm-none-eabi/12.3.1/../../../../arm-none-eabi/lib/thumb/v7e-m+fp/hard\libc_nano.a(libc_a-mallocr.o)
                0x0800af58                _malloc_r
 .text.__malloc_lock
                0x0800b058        0xc E:/ST/STM32CubeIDE_1.14.1/STM32CubeIDE/plugins/com.st.stm32cube.ide.mcu.externaltools.gnu-tools-for-stm32.12.3.rel1.win32_1.0.100.202403111256/tools/bin/../lib/gcc/arm-none-eabi/12.3.1/../../../../arm-none-eabi/lib/thumb/v7e-m+fp/hard\libc_nano.a(libc_a-mlock.o)
                0x0800b058                __malloc_lock
 .text.__malloc_unlock
                0x0800b064        0xc E:/ST/STM32CubeIDE_1.14.1/STM32CubeIDE/plugins/com.st.stm32cube.ide.mcu.externaltools.gnu-tools-for-stm32.12.3.rel1.win32_1.0.100.202403111256/tools/bin/../lib/gcc/arm-none-eabi/12.3.1/../../../../arm-none-eabi/lib/thumb/v7e-m+fp/hard\libc_nano.a(libc_a-mlock.o)
                0x0800b064                __malloc_unlock
 .text.memset   0x0800b070       0x10 E:/ST/STM32CubeIDE_1.14.1/STM32CubeIDE/plugins/com.st.stm32cube.ide.mcu.externaltools.gnu-tools-for-stm32.12.3.rel1.win32_1.0.100.202403111256/tools/bin/../lib/gcc/arm-none-eabi/12.3.1/../../../../arm-none-eabi/lib/thumb/v7e-m+fp/hard\libc_nano.a(libc_a-memset.o)
                0x0800b070                memset
 .text._sbrk_r  0x0800b080       0x20 E:/ST/STM32CubeIDE_1.14.1/STM32CubeIDE/plugins/com.st.stm32cube.ide.mcu.externaltools.gnu-tools-for-stm32.12.3.rel1.win32_1.0.100.202403111256/tools/bin/../lib/gcc/arm-none-eabi/12.3.1/../../../../arm-none-eabi/lib/thumb/v7e-m+fp/hard\libc_nano.a(libc_a-sbrkr.o)
                0x0800b080                _sbrk_r
 .text.__errno  0x0800b0a0        0xc E:/ST/STM32CubeIDE_1.14.1/STM32CubeIDE/plugins/com.st.stm32cube.ide.mcu.externaltools.gnu-tools-for-stm32.12.3.rel1.win32_1.0.100.202403111256/tools/bin/../lib/gcc/arm-none-eabi/12.3.1/../../../../arm-none-eabi/lib/thumb/v7e-m+fp/hard\libc_nano.a(libc_a-errno.o)
                0x0800b0a0                __errno
 .text.__libc_init_array
                0x0800b0ac       0x48 E:/ST/STM32CubeIDE_1.14.1/STM32CubeIDE/plugins/com.st.stm32cube.ide.mcu.externaltools.gnu-tools-for-stm32.12.3.rel1.win32_1.0.100.202403111256/tools/bin/../lib/gcc/arm-none-eabi/12.3.1/../../../../arm-none-eabi/lib/thumb/v7e-m+fp/hard\libc_nano.a(libc_a-init.o)
                0x0800b0ac                __libc_init_array
 .text.__retarget_lock_acquire_recursive
                0x0800b0f4        0x2 E:/ST/STM32CubeIDE_1.14.1/STM32CubeIDE/plugins/com.st.stm32cube.ide.mcu.externaltools.gnu-tools-for-stm32.12.3.rel1.win32_1.0.100.202403111256/tools/bin/../lib/gcc/arm-none-eabi/12.3.1/../../../../arm-none-eabi/lib/thumb/v7e-m+fp/hard\libc_nano.a(libc_a-lock.o)
                0x0800b0f4                __retarget_lock_acquire_recursive
 .text.__retarget_lock_release_recursive
                0x0800b0f6        0x2 E:/ST/STM32CubeIDE_1.14.1/STM32CubeIDE/plugins/com.st.stm32cube.ide.mcu.externaltools.gnu-tools-for-stm32.12.3.rel1.win32_1.0.100.202403111256/tools/bin/../lib/gcc/arm-none-eabi/12.3.1/../../../../arm-none-eabi/lib/thumb/v7e-m+fp/hard\libc_nano.a(libc_a-lock.o)
                0x0800b0f6                __retarget_lock_release_recursive
 .text.memcpy   0x0800b0f8       0x1c E:/ST/STM32CubeIDE_1.14.1/STM32CubeIDE/plugins/com.st.stm32cube.ide.mcu.externaltools.gnu-tools-for-stm32.12.3.rel1.win32_1.0.100.202403111256/tools/bin/../lib/gcc/arm-none-eabi/12.3.1/../../../../arm-none-eabi/lib/thumb/v7e-m+fp/hard\libc_nano.a(libc_a-memcpy-stub.o)
                0x0800b0f8                memcpy
 .text._free_r  0x0800b114       0x94 E:/ST/STM32CubeIDE_1.14.1/STM32CubeIDE/plugins/com.st.stm32cube.ide.mcu.externaltools.gnu-tools-for-stm32.12.3.rel1.win32_1.0.100.202403111256/tools/bin/../lib/gcc/arm-none-eabi/12.3.1/../../../../arm-none-eabi/lib/thumb/v7e-m+fp/hard\libc_nano.a(libc_a-freer.o)
                0x0800b114                _free_r
 .text.cosf     0x0800b1a8       0x88 E:/ST/STM32CubeIDE_1.14.1/STM32CubeIDE/plugins/com.st.stm32cube.ide.mcu.externaltools.gnu-tools-for-stm32.12.3.rel1.win32_1.0.100.202403111256/tools/bin/../lib/gcc/arm-none-eabi/12.3.1/../../../../arm-none-eabi/lib/thumb/v7e-m+fp/hard\libm.a(libm_a-sf_cos.o)
                0x0800b1a8                cosf
 .text.sinf     0x0800b230       0x8c E:/ST/STM32CubeIDE_1.14.1/STM32CubeIDE/plugins/com.st.stm32cube.ide.mcu.externaltools.gnu-tools-for-stm32.12.3.rel1.win32_1.0.100.202403111256/tools/bin/../lib/gcc/arm-none-eabi/12.3.1/../../../../arm-none-eabi/lib/thumb/v7e-m+fp/hard\libm.a(libm_a-sf_sin.o)
                0x0800b230                sinf
 .text.__kernel_cosf
                0x0800b2bc       0xb0 E:/ST/STM32CubeIDE_1.14.1/STM32CubeIDE/plugins/com.st.stm32cube.ide.mcu.externaltools.gnu-tools-for-stm32.12.3.rel1.win32_1.0.100.202403111256/tools/bin/../lib/gcc/arm-none-eabi/12.3.1/../../../../arm-none-eabi/lib/thumb/v7e-m+fp/hard\libm.a(libm_a-kf_cos.o)
                0x0800b2bc                __kernel_cosf
 .text.__kernel_sinf
                0x0800b36c       0x90 E:/ST/STM32CubeIDE_1.14.1/STM32CubeIDE/plugins/com.st.stm32cube.ide.mcu.externaltools.gnu-tools-for-stm32.12.3.rel1.win32_1.0.100.202403111256/tools/bin/../lib/gcc/arm-none-eabi/12.3.1/../../../../arm-none-eabi/lib/thumb/v7e-m+fp/hard\libm.a(libm_a-kf_sin.o)
                0x0800b36c                __kernel_sinf
 .text.__ieee754_rem_pio2f
                0x0800b3fc      0x260 E:/ST/STM32CubeIDE_1.14.1/STM32CubeIDE/plugins/com.st.stm32cube.ide.mcu.externaltools.gnu-tools-for-stm32.12.3.rel1.win32_1.0.100.202403111256/tools/bin/../lib/gcc/arm-none-eabi/12.3.1/../../../../arm-none-eabi/lib/thumb/v7e-m+fp/hard\libm.a(libm_a-ef_rem_pio2.o)
                0x0800b3fc                __ieee754_rem_pio2f
 .text.fabsf    0x0800b65c        0xe E:/ST/STM32CubeIDE_1.14.1/STM32CubeIDE/plugins/com.st.stm32cube.ide.mcu.externaltools.gnu-tools-for-stm32.12.3.rel1.win32_1.0.100.202403111256/tools/bin/../lib/gcc/arm-none-eabi/12.3.1/../../../../arm-none-eabi/lib/thumb/v7e-m+fp/hard\libm.a(libm_a-sf_fabs.o)
                0x0800b65c                fabsf
 *fill*         0x0800b66a        0x2 
 .text.__kernel_rem_pio2f
                0x0800b66c      0x4e4 E:/ST/STM32CubeIDE_1.14.1/STM32CubeIDE/plugins/com.st.stm32cube.ide.mcu.externaltools.gnu-tools-for-stm32.12.3.rel1.win32_1.0.100.202403111256/tools/bin/../lib/gcc/arm-none-eabi/12.3.1/../../../../arm-none-eabi/lib/thumb/v7e-m+fp/hard\libm.a(libm_a-kf_rem_pio2.o)
                0x0800b66c                __kernel_rem_pio2f
 .text.scalbnf  0x0800bb50       0xcc E:/ST/STM32CubeIDE_1.14.1/STM32CubeIDE/plugins/com.st.stm32cube.ide.mcu.externaltools.gnu-tools-for-stm32.12.3.rel1.win32_1.0.100.202403111256/tools/bin/../lib/gcc/arm-none-eabi/12.3.1/../../../../arm-none-eabi/lib/thumb/v7e-m+fp/hard\libm.a(libm_a-sf_scalbn.o)
                0x0800bb50                scalbnf
 .text.floorf   0x0800bc1c       0x88 E:/ST/STM32CubeIDE_1.14.1/STM32CubeIDE/plugins/com.st.stm32cube.ide.mcu.externaltools.gnu-tools-for-stm32.12.3.rel1.win32_1.0.100.202403111256/tools/bin/../lib/gcc/arm-none-eabi/12.3.1/../../../../arm-none-eabi/lib/thumb/v7e-m+fp/hard\libm.a(libm_a-sf_floor.o)
                0x0800bc1c                floorf
 *(.glue_7)
 .glue_7        0x0800bca4        0x0 linker stubs
 *(.glue_7t)
 .glue_7t       0x0800bca4        0x0 linker stubs
 *(.eh_frame)
 .eh_frame      0x0800bca4        0x0 E:/ST/STM32CubeIDE_1.14.1/STM32CubeIDE/plugins/com.st.stm32cube.ide.mcu.externaltools.gnu-tools-for-stm32.12.3.rel1.win32_1.0.100.202403111256/tools/bin/../lib/gcc/arm-none-eabi/12.3.1/thumb/v7e-m+fp/hard/crtbegin.o
 *(.init)
 .init          0x0800bca4        0x4 E:/ST/STM32CubeIDE_1.14.1/STM32CubeIDE/plugins/com.st.stm32cube.ide.mcu.externaltools.gnu-tools-for-stm32.12.3.rel1.win32_1.0.100.202403111256/tools/bin/../lib/gcc/arm-none-eabi/12.3.1/thumb/v7e-m+fp/hard/crti.o
                0x0800bca4                _init
 .init          0x0800bca8        0x8 E:/ST/STM32CubeIDE_1.14.1/STM32CubeIDE/plugins/com.st.stm32cube.ide.mcu.externaltools.gnu-tools-for-stm32.12.3.rel1.win32_1.0.100.202403111256/tools/bin/../lib/gcc/arm-none-eabi/12.3.1/thumb/v7e-m+fp/hard/crtn.o
 *(.fini)
 .fini          0x0800bcb0        0x4 E:/ST/STM32CubeIDE_1.14.1/STM32CubeIDE/plugins/com.st.stm32cube.ide.mcu.externaltools.gnu-tools-for-stm32.12.3.rel1.win32_1.0.100.202403111256/tools/bin/../lib/gcc/arm-none-eabi/12.3.1/thumb/v7e-m+fp/hard/crti.o
                0x0800bcb0                _fini
 .fini          0x0800bcb4        0x8 E:/ST/STM32CubeIDE_1.14.1/STM32CubeIDE/plugins/com.st.stm32cube.ide.mcu.externaltools.gnu-tools-for-stm32.12.3.rel1.win32_1.0.100.202403111256/tools/bin/../lib/gcc/arm-none-eabi/12.3.1/thumb/v7e-m+fp/hard/crtn.o
                0x0800bcbc                        . = ALIGN (0x4)
                0x0800bcbc                        _etext = .

.vfp11_veneer   0x0800bcbc        0x0
 .vfp11_veneer  0x0800bcbc        0x0 linker stubs

.v4_bx          0x0800bcbc        0x0
 .v4_bx         0x0800bcbc        0x0 linker stubs

.iplt           0x0800bcbc        0x0
 .iplt          0x0800bcbc        0x0 E:/ST/STM32CubeIDE_1.14.1/STM32CubeIDE/plugins/com.st.stm32cube.ide.mcu.externaltools.gnu-tools-for-stm32.12.3.rel1.win32_1.0.100.202403111256/tools/bin/../lib/gcc/arm-none-eabi/12.3.1/thumb/v7e-m+fp/hard/crtbegin.o

.rodata         0x0800bcbc    0x15bf0
                0x0800bcbc                        . = ALIGN (0x4)
 *(.rodata)
 .rodata        0x0800bcbc       0x1a ./Core/Src/freertos.o
 *fill*         0x0800bcd6        0x2 
 .rodata        0x0800bcd8       0x6c ./Drivers/BSP/Components/VL53L5CX_ULD_API/src/vl53l5cx_api.o
 .rodata        0x0800bd44        0x5 ./Middlewares/Third_Party/FreeRTOS/Source/tasks.o
 *fill*         0x0800bd49        0x3 
 .rodata        0x0800bd4c        0xd ./Middlewares/Third_Party/FreeRTOS/Source/timers.o
 *(.rodata*)
 *fill*         0x0800bd59        0x3 
 .rodata.defaultTask_attributes
                0x0800bd5c       0x24 ./Core/Src/freertos.o
                0x0800bd5c                defaultTask_attributes
 .rodata.CHANNEL_OFFSET_TAB
                0x0800bd80        0x7 ./Core/Src/i2c.o
 *fill*         0x0800bd87        0x1 
 .rodata.AHBPrescTable
                0x0800bd88       0x10 ./Core/Src/system_stm32l4xx.o
                0x0800bd88                AHBPrescTable
 .rodata.APBPrescTable
                0x0800bd98        0x8 ./Core/Src/system_stm32l4xx.o
                0x0800bd98                APBPrescTable
 .rodata.MSIRangeTable
                0x0800bda0       0x30 ./Core/Src/system_stm32l4xx.o
                0x0800bda0                MSIRangeTable
 .rodata.CHANNEL_OFFSET_TAB
                0x0800bdd0        0x7 ./Core/Src/usart.o
 *fill*         0x0800bdd7        0x1 
 .rodata.CHANNEL_OFFSET_TAB
                0x0800bdd8        0x7 ./Drivers/Athena_deck_HAL/src/i2c_drv.o
 *fill*         0x0800bddf        0x1 
 .rodata.VL53L5CX_FIRMWARE
                0x0800bde0    0x15000 ./Drivers/BSP/Components/VL53L5CX_ULD_API/src/vl53l5cx_api.o
                0x0800bde0                VL53L5CX_FIRMWARE
 .rodata.VL53L5CX_DEFAULT_CONFIGURATION
                0x08020de0      0x3cc ./Drivers/BSP/Components/VL53L5CX_ULD_API/src/vl53l5cx_api.o
                0x08020de0                VL53L5CX_DEFAULT_CONFIGURATION
 .rodata.VL53L5CX_DEFAULT_XTALK
                0x080211ac      0x308 ./Drivers/BSP/Components/VL53L5CX_ULD_API/src/vl53l5cx_api.o
                0x080211ac                VL53L5CX_DEFAULT_XTALK
 .rodata.VL53L5CX_GET_NVM_CMD
                0x080214b4       0x28 ./Drivers/BSP/Components/VL53L5CX_ULD_API/src/vl53l5cx_api.o
                0x080214b4                VL53L5CX_GET_NVM_CMD
 .rodata.npio2_hw
                0x080214dc       0x80 E:/ST/STM32CubeIDE_1.14.1/STM32CubeIDE/plugins/com.st.stm32cube.ide.mcu.externaltools.gnu-tools-for-stm32.12.3.rel1.win32_1.0.100.202403111256/tools/bin/../lib/gcc/arm-none-eabi/12.3.1/../../../../arm-none-eabi/lib/thumb/v7e-m+fp/hard\libm.a(libm_a-ef_rem_pio2.o)
 .rodata.two_over_pi
                0x0802155c      0x318 E:/ST/STM32CubeIDE_1.14.1/STM32CubeIDE/plugins/com.st.stm32cube.ide.mcu.externaltools.gnu-tools-for-stm32.12.3.rel1.win32_1.0.100.202403111256/tools/bin/../lib/gcc/arm-none-eabi/12.3.1/../../../../arm-none-eabi/lib/thumb/v7e-m+fp/hard\libm.a(libm_a-ef_rem_pio2.o)
 .rodata.PIo2   0x08021874       0x2c E:/ST/STM32CubeIDE_1.14.1/STM32CubeIDE/plugins/com.st.stm32cube.ide.mcu.externaltools.gnu-tools-for-stm32.12.3.rel1.win32_1.0.100.202403111256/tools/bin/../lib/gcc/arm-none-eabi/12.3.1/../../../../arm-none-eabi/lib/thumb/v7e-m+fp/hard\libm.a(libm_a-kf_rem_pio2.o)
 .rodata.init_jk
                0x080218a0        0xc E:/ST/STM32CubeIDE_1.14.1/STM32CubeIDE/plugins/com.st.stm32cube.ide.mcu.externaltools.gnu-tools-for-stm32.12.3.rel1.win32_1.0.100.202403111256/tools/bin/../lib/gcc/arm-none-eabi/12.3.1/../../../../arm-none-eabi/lib/thumb/v7e-m+fp/hard\libm.a(libm_a-kf_rem_pio2.o)
                0x080218ac                        . = ALIGN (0x4)

.ARM.extab      0x080218ac        0x0
                0x080218ac                        . = ALIGN (0x4)
 *(.ARM.extab* .gnu.linkonce.armextab.*)
                0x080218ac                        . = ALIGN (0x4)

.ARM            0x080218ac        0x0
                0x080218ac                        . = ALIGN (0x4)
                0x080218ac                        __exidx_start = .
 *(.ARM.exidx*)
                0x080218ac                        __exidx_end = .
                0x080218ac                        . = ALIGN (0x4)

.preinit_array  0x080218ac        0x0
                0x080218ac                        . = ALIGN (0x4)
                0x080218ac                        PROVIDE (__preinit_array_start = .)
 *(.preinit_array*)
                0x080218ac                        PROVIDE (__preinit_array_end = .)
                0x080218ac                        . = ALIGN (0x4)

.init_array     0x080218ac        0x4
                0x080218ac                        . = ALIGN (0x4)
                0x080218ac                        PROVIDE (__init_array_start = .)
 *(SORT_BY_NAME(.init_array.*))
 *(.init_array*)
 .init_array    0x080218ac        0x4 E:/ST/STM32CubeIDE_1.14.1/STM32CubeIDE/plugins/com.st.stm32cube.ide.mcu.externaltools.gnu-tools-for-stm32.12.3.rel1.win32_1.0.100.202403111256/tools/bin/../lib/gcc/arm-none-eabi/12.3.1/thumb/v7e-m+fp/hard/crtbegin.o
                0x080218b0                        PROVIDE (__init_array_end = .)
                0x080218b0                        . = ALIGN (0x4)

.fini_array     0x080218b0        0x4
                0x080218b0                        . = ALIGN (0x4)
                [!provide]                        PROVIDE (__fini_array_start = .)
 *(SORT_BY_NAME(.fini_array.*))
 *(.fini_array*)
 .fini_array    0x080218b0        0x4 E:/ST/STM32CubeIDE_1.14.1/STM32CubeIDE/plugins/com.st.stm32cube.ide.mcu.externaltools.gnu-tools-for-stm32.12.3.rel1.win32_1.0.100.202403111256/tools/bin/../lib/gcc/arm-none-eabi/12.3.1/thumb/v7e-m+fp/hard/crtbegin.o
                [!provide]                        PROVIDE (__fini_array_end = .)
                0x080218b4                        . = ALIGN (0x4)
                0x080218b4                        _sidata = LOADADDR (.data)

.rel.dyn        0x080218b4        0x0
 .rel.iplt      0x080218b4        0x0 E:/ST/STM32CubeIDE_1.14.1/STM32CubeIDE/plugins/com.st.stm32cube.ide.mcu.externaltools.gnu-tools-for-stm32.12.3.rel1.win32_1.0.100.202403111256/tools/bin/../lib/gcc/arm-none-eabi/12.3.1/thumb/v7e-m+fp/hard/crtbegin.o

.data           0x20000000      0x460 load address 0x080218b4
                0x20000000                        . = ALIGN (0x4)
                0x20000000                        _sdata = .
 *(.data)
 *(.data*)
 .data.SystemCoreClock
                0x20000000        0x4 ./Core/Src/system_stm32l4xx.o
                0x20000000                SystemCoreClock
 .data.uwTickPrio
                0x20000004        0x4 ./Drivers/STM32L4xx_HAL_Driver/Src/stm32l4xx_hal.o
                0x20000004                uwTickPrio
 .data.uwTickFreq
                0x20000008        0x1 ./Drivers/STM32L4xx_HAL_Driver/Src/stm32l4xx_hal.o
                0x20000008                uwTickFreq
 *fill*         0x20000009        0x3 
 .data.uxCriticalNesting
                0x2000000c        0x4 ./Middlewares/Third_Party/FreeRTOS/Source/portable/GCC/ARM_CM4F/port.o
 .data.SinOfPitch
                0x20000010      0x100 ./app-example/tinymap/src/calibration.o
                0x20000010                SinOfPitch
 .data.CosOfPitch
                0x20000110      0x100 ./app-example/tinymap/src/calibration.o
                0x20000110                CosOfPitch
 .data.SinOfYaw
                0x20000210      0x100 ./app-example/tinymap/src/calibration.o
                0x20000210                SinOfYaw
 .data.CosOfYaw
                0x20000310      0x100 ./app-example/tinymap/src/calibration.o
                0x20000310                CosOfYaw
 .data._impure_ptr
                0x20000410        0x4 E:/ST/STM32CubeIDE_1.14.1/STM32CubeIDE/plugins/com.st.stm32cube.ide.mcu.externaltools.gnu-tools-for-stm32.12.3.rel1.win32_1.0.100.202403111256/tools/bin/../lib/gcc/arm-none-eabi/12.3.1/../../../../arm-none-eabi/lib/thumb/v7e-m+fp/hard\libc_nano.a(libc_a-impure.o)
                0x20000410                _impure_ptr
 .data._impure_data
                0x20000414       0x4c E:/ST/STM32CubeIDE_1.14.1/STM32CubeIDE/plugins/com.st.stm32cube.ide.mcu.externaltools.gnu-tools-for-stm32.12.3.rel1.win32_1.0.100.202403111256/tools/bin/../lib/gcc/arm-none-eabi/12.3.1/../../../../arm-none-eabi/lib/thumb/v7e-m+fp/hard\libc_nano.a(libc_a-impure.o)
                0x20000414                _impure_data
 *(.RamFunc)
 *(.RamFunc*)
                0x20000460                        . = ALIGN (0x4)
                0x20000460                        _edata = .

.igot.plt       0x20000460        0x0 load address 0x08021d14
 .igot.plt      0x20000460        0x0 E:/ST/STM32CubeIDE_1.14.1/STM32CubeIDE/plugins/com.st.stm32cube.ide.mcu.externaltools.gnu-tools-for-stm32.12.3.rel1.win32_1.0.100.202403111256/tools/bin/../lib/gcc/arm-none-eabi/12.3.1/thumb/v7e-m+fp/hard/crtbegin.o
                0x20000460                        . = ALIGN (0x4)

.bss            0x20000460     0x3120 load address 0x08021d14
                0x20000460                        _sbss = .
                0x20000460                        __bss_start__ = _sbss
 *(.bss)
 .bss           0x20000460       0x1c E:/ST/STM32CubeIDE_1.14.1/STM32CubeIDE/plugins/com.st.stm32cube.ide.mcu.externaltools.gnu-tools-for-stm32.12.3.rel1.win32_1.0.100.202403111256/tools/bin/../lib/gcc/arm-none-eabi/12.3.1/thumb/v7e-m+fp/hard/crtbegin.o
 *(.bss*)
 .bss.vl53l5dev_f
                0x2000047c      0xab0 ./Core/Src/freertos.o
 .bss.vl53l5_res_f
                0x20000f2c      0x550 ./Core/Src/freertos.o
 .bss.defaultTaskHandle
                0x2000147c        0x4 ./Core/Src/freertos.o
                0x2000147c                defaultTaskHandle
 .bss.vl53l5_res_test.0
                0x20001480      0x550 ./Core/Src/freertos.o
 .bss.hspi1     0x200019d0       0x64 ./Core/Src/spi.o
                0x200019d0                hspi1
 .bss.hspi2     0x20001a34       0x64 ./Core/Src/spi.o
                0x20001a34                hspi2
 .bss.hdma_spi2_rx
                0x20001a98       0x48 ./Core/Src/spi.o
                0x20001a98                hdma_spi2_rx
 .bss.hdma_spi2_tx
                0x20001ae0       0x48 ./Core/Src/spi.o
                0x20001ae0                hdma_spi2_tx
 .bss.__sbrk_heap_end
                0x20001b28        0x4 ./Core/Src/sysmem.o
 .bss.uwTick    0x20001b2c        0x4 ./Drivers/STM32L4xx_HAL_Driver/Src/stm32l4xx_hal.o
                0x20001b2c                uwTick
 .bss.KernelState
                0x20001b30        0x4 ./Middlewares/Third_Party/FreeRTOS/Source/CMSIS_RTOS_V2/cmsis_os2.o
 .bss.Idle_TCB.3
                0x20001b34       0x5c ./Middlewares/Third_Party/FreeRTOS/Source/CMSIS_RTOS_V2/cmsis_os2.o
 .bss.Idle_Stack.2
                0x20001b90      0x200 ./Middlewares/Third_Party/FreeRTOS/Source/CMSIS_RTOS_V2/cmsis_os2.o
 .bss.Timer_TCB.1
                0x20001d90       0x5c ./Middlewares/Third_Party/FreeRTOS/Source/CMSIS_RTOS_V2/cmsis_os2.o
 .bss.Timer_Stack.0
                0x20001dec      0x400 ./Middlewares/Third_Party/FreeRTOS/Source/CMSIS_RTOS_V2/cmsis_os2.o
 .bss.xQueueRegistry
                0x200021ec       0x40 ./Middlewares/Third_Party/FreeRTOS/Source/queue.o
                0x200021ec                xQueueRegistry
 .bss.pxCurrentTCB
                0x2000222c        0x4 ./Middlewares/Third_Party/FreeRTOS/Source/tasks.o
                0x2000222c                pxCurrentTCB
 .bss.pxReadyTasksLists
                0x20002230      0x460 ./Middlewares/Third_Party/FreeRTOS/Source/tasks.o
 .bss.xDelayedTaskList1
                0x20002690       0x14 ./Middlewares/Third_Party/FreeRTOS/Source/tasks.o
 .bss.xDelayedTaskList2
                0x200026a4       0x14 ./Middlewares/Third_Party/FreeRTOS/Source/tasks.o
 .bss.pxDelayedTaskList
                0x200026b8        0x4 ./Middlewares/Third_Party/FreeRTOS/Source/tasks.o
 .bss.pxOverflowDelayedTaskList
                0x200026bc        0x4 ./Middlewares/Third_Party/FreeRTOS/Source/tasks.o
 .bss.xPendingReadyList
                0x200026c0       0x14 ./Middlewares/Third_Party/FreeRTOS/Source/tasks.o
 .bss.xTasksWaitingTermination
                0x200026d4       0x14 ./Middlewares/Third_Party/FreeRTOS/Source/tasks.o
 .bss.uxDeletedTasksWaitingCleanUp
                0x200026e8        0x4 ./Middlewares/Third_Party/FreeRTOS/Source/tasks.o
 .bss.xSuspendedTaskList
                0x200026ec       0x14 ./Middlewares/Third_Party/FreeRTOS/Source/tasks.o
 .bss.uxCurrentNumberOfTasks
                0x20002700        0x4 ./Middlewares/Third_Party/FreeRTOS/Source/tasks.o
 .bss.xTickCount
                0x20002704        0x4 ./Middlewares/Third_Party/FreeRTOS/Source/tasks.o
 .bss.uxTopReadyPriority
                0x20002708        0x4 ./Middlewares/Third_Party/FreeRTOS/Source/tasks.o
 .bss.xSchedulerRunning
                0x2000270c        0x4 ./Middlewares/Third_Party/FreeRTOS/Source/tasks.o
 .bss.xPendedTicks
                0x20002710        0x4 ./Middlewares/Third_Party/FreeRTOS/Source/tasks.o
 .bss.xYieldPending
                0x20002714        0x4 ./Middlewares/Third_Party/FreeRTOS/Source/tasks.o
 .bss.xNumOfOverflows
                0x20002718        0x4 ./Middlewares/Third_Party/FreeRTOS/Source/tasks.o
 .bss.uxTaskNumber
                0x2000271c        0x4 ./Middlewares/Third_Party/FreeRTOS/Source/tasks.o
 .bss.xNextTaskUnblockTime
                0x20002720        0x4 ./Middlewares/Third_Party/FreeRTOS/Source/tasks.o
 .bss.xIdleTaskHandle
                0x20002724        0x4 ./Middlewares/Third_Party/FreeRTOS/Source/tasks.o
 .bss.uxSchedulerSuspended
                0x20002728        0x4 ./Middlewares/Third_Party/FreeRTOS/Source/tasks.o
 .bss.xActiveTimerList1
                0x2000272c       0x14 ./Middlewares/Third_Party/FreeRTOS/Source/timers.o
 .bss.xActiveTimerList2
                0x20002740       0x14 ./Middlewares/Third_Party/FreeRTOS/Source/timers.o
 .bss.pxCurrentTimerList
                0x20002754        0x4 ./Middlewares/Third_Party/FreeRTOS/Source/timers.o
 .bss.pxOverflowTimerList
                0x20002758        0x4 ./Middlewares/Third_Party/FreeRTOS/Source/timers.o
 .bss.xTimerQueue
                0x2000275c        0x4 ./Middlewares/Third_Party/FreeRTOS/Source/timers.o
 .bss.xTimerTaskHandle
                0x20002760        0x4 ./Middlewares/Third_Party/FreeRTOS/Source/timers.o
 .bss.xLastTime.2
                0x20002764        0x4 ./Middlewares/Third_Party/FreeRTOS/Source/timers.o
 .bss.ucStaticTimerQueueStorage.1
                0x20002768       0xa0 ./Middlewares/Third_Party/FreeRTOS/Source/timers.o
 .bss.xStaticTimerQueue.0
                0x20002808       0x50 ./Middlewares/Third_Party/FreeRTOS/Source/timers.o
 .bss.ucMaxSysCallPriority
                0x20002858        0x1 ./Middlewares/Third_Party/FreeRTOS/Source/portable/GCC/ARM_CM4F/port.o
 *fill*         0x20002859        0x3 
 .bss.ulMaxPRIGROUPValue
                0x2000285c        0x4 ./Middlewares/Third_Party/FreeRTOS/Source/portable/GCC/ARM_CM4F/port.o
 .bss.ucHeap    0x20002860      0xbb8 ./Middlewares/Third_Party/FreeRTOS/Source/portable/MemMang/heap_4.o
 .bss.xStart    0x20003418        0x8 ./Middlewares/Third_Party/FreeRTOS/Source/portable/MemMang/heap_4.o
 .bss.pxEnd     0x20003420        0x4 ./Middlewares/Third_Party/FreeRTOS/Source/portable/MemMang/heap_4.o
 .bss.xFreeBytesRemaining
                0x20003424        0x4 ./Middlewares/Third_Party/FreeRTOS/Source/portable/MemMang/heap_4.o
 .bss.xMinimumEverFreeBytesRemaining
                0x20003428        0x4 ./Middlewares/Third_Party/FreeRTOS/Source/portable/MemMang/heap_4.o
 .bss.xNumberOfSuccessfulAllocations
                0x2000342c        0x4 ./Middlewares/Third_Party/FreeRTOS/Source/portable/MemMang/heap_4.o
 .bss.xNumberOfSuccessfulFrees
                0x20003430        0x4 ./Middlewares/Third_Party/FreeRTOS/Source/portable/MemMang/heap_4.o
 .bss.xBlockAllocatedBit
                0x20003434        0x4 ./Middlewares/Third_Party/FreeRTOS/Source/portable/MemMang/heap_4.o
 .bss.__malloc_sbrk_start
                0x20003438        0x4 E:/ST/STM32CubeIDE_1.14.1/STM32CubeIDE/plugins/com.st.stm32cube.ide.mcu.externaltools.gnu-tools-for-stm32.12.3.rel1.win32_1.0.100.202403111256/tools/bin/../lib/gcc/arm-none-eabi/12.3.1/../../../../arm-none-eabi/lib/thumb/v7e-m+fp/hard\libc_nano.a(libc_a-mallocr.o)
                0x20003438                __malloc_sbrk_start
 .bss.__malloc_free_list
                0x2000343c        0x4 E:/ST/STM32CubeIDE_1.14.1/STM32CubeIDE/plugins/com.st.stm32cube.ide.mcu.externaltools.gnu-tools-for-stm32.12.3.rel1.win32_1.0.100.202403111256/tools/bin/../lib/gcc/arm-none-eabi/12.3.1/../../../../arm-none-eabi/lib/thumb/v7e-m+fp/hard\libc_nano.a(libc_a-mallocr.o)
                0x2000343c                __malloc_free_list
 .bss.__sf      0x20003440      0x138 E:/ST/STM32CubeIDE_1.14.1/STM32CubeIDE/plugins/com.st.stm32cube.ide.mcu.externaltools.gnu-tools-for-stm32.12.3.rel1.win32_1.0.100.202403111256/tools/bin/../lib/gcc/arm-none-eabi/12.3.1/../../../../arm-none-eabi/lib/thumb/v7e-m+fp/hard\libc_nano.a(libc_a-findfp.o)
                0x20003440                __sf
 .bss.errno     0x20003578        0x4 E:/ST/STM32CubeIDE_1.14.1/STM32CubeIDE/plugins/com.st.stm32cube.ide.mcu.externaltools.gnu-tools-for-stm32.12.3.rel1.win32_1.0.100.202403111256/tools/bin/../lib/gcc/arm-none-eabi/12.3.1/../../../../arm-none-eabi/lib/thumb/v7e-m+fp/hard\libc_nano.a(libc_a-reent.o)
                0x20003578                errno
 .bss.__lock___malloc_recursive_mutex
                0x2000357c        0x1 E:/ST/STM32CubeIDE_1.14.1/STM32CubeIDE/plugins/com.st.stm32cube.ide.mcu.externaltools.gnu-tools-for-stm32.12.3.rel1.win32_1.0.100.202403111256/tools/bin/../lib/gcc/arm-none-eabi/12.3.1/../../../../arm-none-eabi/lib/thumb/v7e-m+fp/hard\libc_nano.a(libc_a-lock.o)
                0x2000357c                __lock___malloc_recursive_mutex
 *(COMMON)
                0x20003580                        . = ALIGN (0x4)
 *fill*         0x2000357d        0x3 
                0x20003580                        _ebss = .
                0x20003580                        __bss_end__ = _ebss

._user_heap_stack
                0x20003580      0x600 load address 0x08021d14
                0x20003580                        . = ALIGN (0x8)
                [!provide]                        PROVIDE (end = .)
                0x20003580                        PROVIDE (_end = .)
                0x20003780                        . = (. + _Min_Heap_Size)
 *fill*         0x20003580      0x200 
                0x20003b80                        . = (. + _Min_Stack_Size)
 *fill*         0x20003780      0x400 
                0x20003b80                        . = ALIGN (0x8)

/DISCARD/
 libc.a(*)
 libm.a(*)
 libgcc.a(*)

.ARM.attributes
                0x00000000       0x30
 *(.ARM.attributes)
 .ARM.attributes
                0x00000000       0x22 E:/ST/STM32CubeIDE_1.14.1/STM32CubeIDE/plugins/com.st.stm32cube.ide.mcu.externaltools.gnu-tools-for-stm32.12.3.rel1.win32_1.0.100.202403111256/tools/bin/../lib/gcc/arm-none-eabi/12.3.1/thumb/v7e-m+fp/hard/crti.o
 .ARM.attributes
                0x00000022       0x34 E:/ST/STM32CubeIDE_1.14.1/STM32CubeIDE/plugins/com.st.stm32cube.ide.mcu.externaltools.gnu-tools-for-stm32.12.3.rel1.win32_1.0.100.202403111256/tools/bin/../lib/gcc/arm-none-eabi/12.3.1/thumb/v7e-m+fp/hard/crtbegin.o
 .ARM.attributes
                0x00000056       0x34 ./Core/Src/dma.o
 .ARM.attributes
                0x0000008a       0x34 ./Core/Src/freertos.o
 .ARM.attributes
                0x000000be       0x34 ./Core/Src/gpio.o
 .ARM.attributes
                0x000000f2       0x34 ./Core/Src/i2c.o
 .ARM.attributes
                0x00000126       0x34 ./Core/Src/main.o
 .ARM.attributes
                0x0000015a       0x34 ./Core/Src/spi.o
 .ARM.attributes
                0x0000018e       0x34 ./Core/Src/stm32l4xx_hal_msp.o
 .ARM.attributes
                0x000001c2       0x34 ./Core/Src/stm32l4xx_it.o
 .ARM.attributes
                0x000001f6       0x34 ./Core/Src/sysmem.o
 .ARM.attributes
                0x0000022a       0x34 ./Core/Src/system_stm32l4xx.o
 .ARM.attributes
                0x0000025e       0x34 ./Core/Src/test_tof.o
 .ARM.attributes
                0x00000292       0x34 ./Core/Src/usart.o
 .ARM.attributes
                0x000002c6       0x21 ./Core/Startup/startup_stm32l431cctx.o
 .ARM.attributes
                0x000002e7       0x34 ./Drivers/Athena_deck_HAL/src/i2c_drv.o
 .ARM.attributes
                0x0000031b       0x34 ./Drivers/BSP/Components/TCA6408A/src/tca6408a.o
 .ARM.attributes
                0x0000034f       0x34 ./Drivers/BSP/Components/VL53L5CX_ULD_API/src/platform.o
 .ARM.attributes
                0x00000383       0x34 ./Drivers/BSP/Components/VL53L5CX_ULD_API/src/vl53l5cx_api.o
 .ARM.attributes
                0x000003b7       0x34 ./Drivers/BSP/Components/W25Q64/src/w25q64.o
 .ARM.attributes
                0x000003eb       0x34 ./Drivers/STM32L4xx_HAL_Driver/Src/stm32l4xx_hal.o
 .ARM.attributes
                0x0000041f       0x34 ./Drivers/STM32L4xx_HAL_Driver/Src/stm32l4xx_hal_cortex.o
 .ARM.attributes
                0x00000453       0x34 ./Drivers/STM32L4xx_HAL_Driver/Src/stm32l4xx_hal_dma.o
 .ARM.attributes
                0x00000487       0x34 ./Drivers/STM32L4xx_HAL_Driver/Src/stm32l4xx_hal_gpio.o
 .ARM.attributes
                0x000004bb       0x34 ./Drivers/STM32L4xx_HAL_Driver/Src/stm32l4xx_hal_spi.o
 .ARM.attributes
                0x000004ef       0x34 ./Drivers/STM32L4xx_HAL_Driver/Src/stm32l4xx_ll_gpio.o
 .ARM.attributes
                0x00000523       0x34 ./Drivers/STM32L4xx_HAL_Driver/Src/stm32l4xx_ll_i2c.o
 .ARM.attributes
                0x00000557       0x34 ./Drivers/STM32L4xx_HAL_Driver/Src/stm32l4xx_ll_rcc.o
 .ARM.attributes
                0x0000058b       0x34 ./Drivers/STM32L4xx_HAL_Driver/Src/stm32l4xx_ll_usart.o
 .ARM.attributes
                0x000005bf       0x34 ./Drivers/STM32L4xx_HAL_Driver/Src/stm32l4xx_ll_utils.o
 .ARM.attributes
                0x000005f3       0x34 ./Middlewares/Third_Party/FreeRTOS/Source/CMSIS_RTOS_V2/cmsis_os2.o
 .ARM.attributes
                0x00000627       0x34 ./Middlewares/Third_Party/FreeRTOS/Source/list.o
 .ARM.attributes
                0x0000065b       0x34 ./Middlewares/Third_Party/FreeRTOS/Source/queue.o
 .ARM.attributes
                0x0000068f       0x34 ./Middlewares/Third_Party/FreeRTOS/Source/tasks.o
 .ARM.attributes
                0x000006c3       0x34 ./Middlewares/Third_Party/FreeRTOS/Source/timers.o
 .ARM.attributes
                0x000006f7       0x34 ./Middlewares/Third_Party/FreeRTOS/Source/portable/GCC/ARM_CM4F/port.o
 .ARM.attributes
                0x0000072b       0x34 ./Middlewares/Third_Party/FreeRTOS/Source/portable/MemMang/heap_4.o
 .ARM.attributes
                0x0000075f       0x34 ./app-example/tinymap/src/calibration.o
 .ARM.attributes
                0x00000793       0x34 E:/ST/STM32CubeIDE_1.14.1/STM32CubeIDE/plugins/com.st.stm32cube.ide.mcu.externaltools.gnu-tools-for-stm32.12.3.rel1.win32_1.0.100.202403111256/tools/bin/../lib/gcc/arm-none-eabi/12.3.1/../../../../arm-none-eabi/lib/thumb/v7e-m+fp/hard\libc_nano.a(libc_a-malloc.o)
 .ARM.attributes
                0x000007c7       0x34 E:/ST/STM32CubeIDE_1.14.1/STM32CubeIDE/plugins/com.st.stm32cube.ide.mcu.externaltools.gnu-tools-for-stm32.12.3.rel1.win32_1.0.100.202403111256/tools/bin/../lib/gcc/arm-none-eabi/12.3.1/../../../../arm-none-eabi/lib/thumb/v7e-m+fp/hard\libc_nano.a(libc_a-mallocr.o)
 .ARM.attributes
                0x000007fb       0x34 E:/ST/STM32CubeIDE_1.14.1/STM32CubeIDE/plugins/com.st.stm32cube.ide.mcu.externaltools.gnu-tools-for-stm32.12.3.rel1.win32_1.0.100.202403111256/tools/bin/../lib/gcc/arm-none-eabi/12.3.1/../../../../arm-none-eabi/lib/thumb/v7e-m+fp/hard\libc_nano.a(libc_a-mlock.o)
 .ARM.attributes
                0x0000082f       0x34 E:/ST/STM32CubeIDE_1.14.1/STM32CubeIDE/plugins/com.st.stm32cube.ide.mcu.externaltools.gnu-tools-for-stm32.12.3.rel1.win32_1.0.100.202403111256/tools/bin/../lib/gcc/arm-none-eabi/12.3.1/../../../../arm-none-eabi/lib/thumb/v7e-m+fp/hard\libc_nano.a(libc_a-findfp.o)
 .ARM.attributes
                0x00000863       0x34 E:/ST/STM32CubeIDE_1.14.1/STM32CubeIDE/plugins/com.st.stm32cube.ide.mcu.externaltools.gnu-tools-for-stm32.12.3.rel1.win32_1.0.100.202403111256/tools/bin/../lib/gcc/arm-none-eabi/12.3.1/../../../../arm-none-eabi/lib/thumb/v7e-m+fp/hard\libc_nano.a(libc_a-memset.o)
 .ARM.attributes
                0x00000897       0x34 E:/ST/STM32CubeIDE_1.14.1/STM32CubeIDE/plugins/com.st.stm32cube.ide.mcu.externaltools.gnu-tools-for-stm32.12.3.rel1.win32_1.0.100.202403111256/tools/bin/../lib/gcc/arm-none-eabi/12.3.1/../../../../arm-none-eabi/lib/thumb/v7e-m+fp/hard\libc_nano.a(libc_a-reent.o)
 .ARM.attributes
                0x000008cb       0x34 E:/ST/STM32CubeIDE_1.14.1/STM32CubeIDE/plugins/com.st.stm32cube.ide.mcu.externaltools.gnu-tools-for-stm32.12.3.rel1.win32_1.0.100.202403111256/tools/bin/../lib/gcc/arm-none-eabi/12.3.1/../../../../arm-none-eabi/lib/thumb/v7e-m+fp/hard\libc_nano.a(libc_a-impure.o)
 .ARM.attributes
                0x000008ff       0x34 E:/ST/STM32CubeIDE_1.14.1/STM32CubeIDE/plugins/com.st.stm32cube.ide.mcu.externaltools.gnu-tools-for-stm32.12.3.rel1.win32_1.0.100.202403111256/tools/bin/../lib/gcc/arm-none-eabi/12.3.1/../../../../arm-none-eabi/lib/thumb/v7e-m+fp/hard\libc_nano.a(libc_a-sbrkr.o)
 .ARM.attributes
                0x00000933       0x34 E:/ST/STM32CubeIDE_1.14.1/STM32CubeIDE/plugins/com.st.stm32cube.ide.mcu.externaltools.gnu-tools-for-stm32.12.3.rel1.win32_1.0.100.202403111256/tools/bin/../lib/gcc/arm-none-eabi/12.3.1/../../../../arm-none-eabi/lib/thumb/v7e-m+fp/hard\libc_nano.a(libc_a-errno.o)
 .ARM.attributes