../Drivers/STM32L4xx_HAL_Driver/Src/stm32l4xx_ll_utils.c:772:17:UTILS_GetPLLOutputFrequency	0	static
../Drivers/STM32L4xx_HAL_Driver/Src/stm32l4xx_ll_utils.c:803:20:UTILS_PLL_IsBusy	0	static
../Drivers/STM32L4xx_HAL_Driver/Src/stm32l4xx_ll_utils.c:170:6:LL_Init1msTick	0	static
../Drivers/STM32L4xx_HAL_Driver/Src/stm32l4xx_ll_utils.c:186:6:LL_mDelay	8	static
../Drivers/STM32L4xx_HAL_Driver/Src/stm32l4xx_ll_utils.c:278:6:LL_SetSystemCoreClock	0	static
../Drivers/STM32L4xx_HAL_Driver/Src/stm32l4xx_ll_utils.c:292:13:LL_SetFlashLatency	0	static
../Drivers/STM32L4xx_HAL_Driver/Src/stm32l4xx_ll_utils.c:844:20:UTILS_EnablePLLAndSwitchSystem	24	static
../Drivers/STM32L4xx_HAL_Driver/Src/stm32l4xx_ll_utils.c:444:13:LL_PLL_ConfigSystemClock_MSI	16	static
../Drivers/STM32L4xx_HAL_Driver/Src/stm32l4xx_ll_utils.c:579:13:LL_PLL_ConfigSystemClock_HSI	16	static
../Drivers/STM32L4xx_HAL_Driver/Src/stm32l4xx_ll_utils.c:669:13:LL_PLL_ConfigSystemClock_HSE	24	static
