../Drivers/STM32L4xx_HAL_Driver/Src/stm32l4xx_hal.c:225:13:HAL_MspInit	0	static
../Drivers/STM32L4xx_HAL_Driver/Src/stm32l4xx_hal.c:236:13:HAL_MspDeInit	0	static
../Drivers/STM32L4xx_HAL_Driver/Src/stm32l4xx_hal.c:196:19:HAL_DeInit	8	static
../Drivers/STM32L4xx_HAL_Driver/Src/stm32l4xx_hal.c:259:26:HAL_InitTick	16	static
../Drivers/STM32L4xx_HAL_Driver/Src/stm32l4xx_hal.c:152:19:HAL_Init	8	static
../Drivers/STM32L4xx_HAL_Driver/Src/stm32l4xx_hal.c:327:13:HAL_IncTick	0	static
../Drivers/STM32L4xx_HAL_Driver/Src/stm32l4xx_hal.c:338:17:HAL_GetTick	0	static
../Drivers/STM32L4xx_HAL_Driver/Src/stm32l4xx_hal.c:347:10:HAL_GetTickPrio	0	static
../Drivers/STM32L4xx_HAL_Driver/Src/stm32l4xx_hal.c:357:19:HAL_SetTickFreq	16	static
../Drivers/STM32L4xx_HAL_Driver/Src/stm32l4xx_hal.c:387:21:HAL_GetTickFreq	0	static
../Drivers/STM32L4xx_HAL_Driver/Src/stm32l4xx_hal.c:403:13:HAL_Delay	16	static
../Drivers/STM32L4xx_HAL_Driver/Src/stm32l4xx_hal.c:429:13:HAL_SuspendTick	0	static
../Drivers/STM32L4xx_HAL_Driver/Src/stm32l4xx_hal.c:445:13:HAL_ResumeTick	0	static
../Drivers/STM32L4xx_HAL_Driver/Src/stm32l4xx_hal.c:455:10:HAL_GetHalVersion	0	static
../Drivers/STM32L4xx_HAL_Driver/Src/stm32l4xx_hal.c:464:10:HAL_GetREVID	0	static
../Drivers/STM32L4xx_HAL_Driver/Src/stm32l4xx_hal.c:473:10:HAL_GetDEVID	0	static
../Drivers/STM32L4xx_HAL_Driver/Src/stm32l4xx_hal.c:482:10:HAL_GetUIDw0	0	static
../Drivers/STM32L4xx_HAL_Driver/Src/stm32l4xx_hal.c:491:10:HAL_GetUIDw1	0	static
../Drivers/STM32L4xx_HAL_Driver/Src/stm32l4xx_hal.c:500:10:HAL_GetUIDw2	0	static
../Drivers/STM32L4xx_HAL_Driver/Src/stm32l4xx_hal.c:529:6:HAL_DBGMCU_EnableDBGSleepMode	0	static
../Drivers/STM32L4xx_HAL_Driver/Src/stm32l4xx_hal.c:538:6:HAL_DBGMCU_DisableDBGSleepMode	0	static
../Drivers/STM32L4xx_HAL_Driver/Src/stm32l4xx_hal.c:547:6:HAL_DBGMCU_EnableDBGStopMode	0	static
../Drivers/STM32L4xx_HAL_Driver/Src/stm32l4xx_hal.c:556:6:HAL_DBGMCU_DisableDBGStopMode	0	static
../Drivers/STM32L4xx_HAL_Driver/Src/stm32l4xx_hal.c:565:6:HAL_DBGMCU_EnableDBGStandbyMode	0	static
../Drivers/STM32L4xx_HAL_Driver/Src/stm32l4xx_hal.c:574:6:HAL_DBGMCU_DisableDBGStandbyMode	0	static
../Drivers/STM32L4xx_HAL_Driver/Src/stm32l4xx_hal.c:607:6:HAL_SYSCFG_SRAM2Erase	0	static
../Drivers/STM32L4xx_HAL_Driver/Src/stm32l4xx_hal.c:626:6:HAL_SYSCFG_EnableMemorySwappingBank	0	static
../Drivers/STM32L4xx_HAL_Driver/Src/stm32l4xx_hal.c:641:6:HAL_SYSCFG_DisableMemorySwappingBank	0	static
../Drivers/STM32L4xx_HAL_Driver/Src/stm32l4xx_hal.c:658:6:HAL_SYSCFG_VREFBUF_VoltageScalingConfig	0	static
../Drivers/STM32L4xx_HAL_Driver/Src/stm32l4xx_hal.c:674:6:HAL_SYSCFG_VREFBUF_HighImpedanceConfig	0	static
../Drivers/STM32L4xx_HAL_Driver/Src/stm32l4xx_hal.c:686:6:HAL_SYSCFG_VREFBUF_TrimmingConfig	0	static
../Drivers/STM32L4xx_HAL_Driver/Src/stm32l4xx_hal.c:698:19:HAL_SYSCFG_EnableVREFBUF	16	static
../Drivers/STM32L4xx_HAL_Driver/Src/stm32l4xx_hal.c:724:6:HAL_SYSCFG_DisableVREFBUF	0	static
../Drivers/STM32L4xx_HAL_Driver/Src/stm32l4xx_hal.c:735:6:HAL_SYSCFG_EnableIOAnalogSwitchBooster	0	static
../Drivers/STM32L4xx_HAL_Driver/Src/stm32l4xx_hal.c:745:6:HAL_SYSCFG_DisableIOAnalogSwitchBooster	0	static
