../Core/Src/stm32l4xx_it.c:73:6:NMI_Handler	4	static
../Core/Src/stm32l4xx_it.c:88:6:HardFault_Handler	4	static
../Core/Src/stm32l4xx_it.c:103:6:MemManage_Handler	4	static
../Core/Src/stm32l4xx_it.c:118:6:BusFault_Handler	4	static
../Core/Src/stm32l4xx_it.c:133:6:UsageFault_Handler	4	static
../Core/Src/stm32l4xx_it.c:148:6:DebugMon_Handler	4	static
../Core/Src/stm32l4xx_it.c:161:6:SysTick_Handler	8	static
../Core/Src/stm32l4xx_it.c:190:6:DMA1_Channel4_IRQHandler	8	static
../Core/Src/stm32l4xx_it.c:204:6:DMA1_Channel5_IRQHandler	8	static
../Core/Src/stm32l4xx_it.c:218:6:DMA1_Channel6_IRQHandler	4	static
../Core/Src/stm32l4xx_it.c:232:6:DMA1_Channel7_IRQHandler	4	static
../Core/Src/stm32l4xx_it.c:246:6:I2C1_EV_IRQHandler	4	static
../Core/Src/stm32l4xx_it.c:260:6:I2C1_ER_IRQHandler	4	static
../Core/Src/stm32l4xx_it.c:274:6:SPI2_IRQHandler	8	static
../Core/Src/stm32l4xx_it.c:288:6:USART1_IRQHandler	4	static
../Core/Src/stm32l4xx_it.c:301:6:USART2_IRQHandler	4	static
../Core/Src/stm32l4xx_it.c:314:6:USART3_IRQHandler	4	static
../Core/Src/stm32l4xx_it.c:327:6:DMA2_Channel6_IRQHandler	4	static
../Core/Src/stm32l4xx_it.c:341:6:DMA2_Channel7_IRQHandler	4	static
